evm.model.chrA01.1265	RLK	other_receptor
evm.model.chrA01.1489	RLK	lrr
evm.model.chrA01.1496	RLK	other_receptor
evm.model.chrA01.1589	RLK	lrr
evm.model.chrA01.167	RLK	lrr
evm.model.chrA01.1852	RLK	other_receptor
evm.model.chrA01.1854	RLK	other_receptor
evm.model.chrA01.2235	RLK	lrr
evm.model.chrA01.2255	RLK	lrr
evm.model.chrA01.243	RLK	lrr
evm.model.chrA01.2612	RLK	lrr
evm.model.chrA01.2653	RLK	lrr
evm.model.chrA01.32	RLK	other_receptor
evm.model.chrA01.3207	RLK	lrr
evm.model.chrA01.3243	RLK	lrr
evm.model.chrA01.3374	RLK	lrr
evm.model.chrA01.3396	RLK	lrr
evm.model.chrA01.3424	RLK	lrr
evm.model.chrA01.3428	RLK	lrr
evm.model.chrA01.3432	RLK	lrr
evm.model.chrA01.3436	RLK	other_receptor
evm.model.chrA01.3667	RLK	lrr
evm.model.chrA01.3779	RLK	lrr
evm.model.chrA01.389	RLK	other_receptor
evm.model.chrA01.4039	RLK	other_receptor
evm.model.chrA01.415	RLK	lrr
evm.model.chrA01.4552	RLK	lrr
evm.model.chrA01.4599	RLK	lrr
evm.model.chrA01.468	RLK	lrr
evm.model.chrA01.48	RLK	lrr
evm.model.chrA01.545	RLK	other_receptor
evm.model.chrA01.582	RLK	other_receptor
evm.model.chrA01.584	RLK	other_receptor
evm.model.chrA01.590	RLK	other_receptor
evm.model.chrA01.607	RLK	other_receptor
evm.model.chrA01.668	RLK	lrr
evm.model.chrA01.669	RLK	lrr
evm.model.chrA01.679	RLK	other_receptor
evm.model.chrA01.683	RLK	other_receptor
evm.model.chrA01.684	RLK	other_receptor
evm.model.chrA01.697	RLK	other_receptor
evm.model.chrA01.774	RLK	lrr
evm.model.chrA01.817	RLK	lrr
evm.model.chrA01.938	RLK	lrr
evm.model.chrA02.109	RLK	lrr
evm.model.chrA02.1286	RLK	other_receptor
evm.model.chrA02.1289	RLK	other_receptor
evm.model.chrA02.1290	RLK	other_receptor
evm.model.chrA02.1291	RLK	other_receptor
evm.model.chrA02.1292	RLK	other_receptor
evm.model.chrA02.1294	RLK	other_receptor
evm.model.chrA02.1378	RLK	lrr
evm.model.chrA02.1400	RLK	lrr
evm.model.chrA02.1480	RLK	lrr
evm.model.chrA02.1552	RLK	lrr
evm.model.chrA02.1564	RLK	other_receptor
evm.model.chrA02.1738	RLK	other_receptor
evm.model.chrA02.1939	RLK	other_receptor
evm.model.chrA02.1957	RLK	other_receptor
evm.model.chrA02.2031	RLK	lrr
evm.model.chrA02.2176	RLK	other_receptor
evm.model.chrA02.2561	RLK	other_receptor
evm.model.chrA02.2599	RLK	lrr
evm.model.chrA02.2694	RLK	lrr
evm.model.chrA02.2721	RLK	lrr
evm.model.chrA02.2732	RLK	lrr
evm.model.chrA02.2800	RLK	lrr
evm.model.chrA02.2859	RLK	lrr
evm.model.chrA02.2902	RLK	lrr
evm.model.chrA02.3120	RLK	lrr
evm.model.chrA02.3144	RLK	lrr
evm.model.chrA02.3329	RLK	lrr
evm.model.chrA02.333	RLK	other_receptor
evm.model.chrA02.3529	RLK	other_receptor
evm.model.chrA02.3639	RLK	lrr
evm.model.chrA02.3689	RLK	other_receptor
evm.model.chrA02.3793	RLK	lrr
evm.model.chrA02.3889	RLK	other_receptor
evm.model.chrA02.3999	RLK	lrr
evm.model.chrA02.4108	RLK	other_receptor
evm.model.chrA02.614	RLK	other_receptor
evm.model.chrA02.628	RLK	lrr
evm.model.chrA02.629	RLK	lrr
evm.model.chrA02.630	RLK	lrr
evm.model.chrA02.631	RLK	lrr
evm.model.chrA02.632	RLK	lrr
evm.model.chrA02.705	RLK	other_receptor
evm.model.chrA02.714	RLK	lrr
evm.model.chrA02.818	RLK	other_receptor
evm.model.chrA02.988	RLK	other_receptor
evm.model.chrA02.991	RLK	lrr
evm.model.chrA03.1213	RLK	lrr
evm.model.chrA03.1227	RLK	lrr
evm.model.chrA03.1285	RLK	lrr
evm.model.chrA03.1294	RLK	lrr
evm.model.chrA03.1365	RLK	other_receptor
evm.model.chrA03.1490	RLK	other_receptor
evm.model.chrA03.1589	RLK	other_receptor
evm.model.chrA03.1676	RLK	other_receptor
evm.model.chrA03.1752	RLK	lrr
evm.model.chrA03.183	RLK	other_receptor
evm.model.chrA03.1929	RLK	lrr
evm.model.chrA03.1968	RLK	other_receptor
evm.model.chrA03.1980	RLK	lrr
evm.model.chrA03.2047	RLK	other_receptor
evm.model.chrA03.2141	RLK	other_receptor
evm.model.chrA03.2152	RLK	other_receptor
evm.model.chrA03.2489	RLK	other_receptor
evm.model.chrA03.25	RLK	other_receptor
evm.model.chrA03.2548	RLK	other_receptor
evm.model.chrA03.2629	RLK	lrr
evm.model.chrA03.2646	RLK	other_receptor
evm.model.chrA03.2667	RLK	lrr
evm.model.chrA03.2668	RLK	lrr
evm.model.chrA03.2744	RLK	lrr
evm.model.chrA03.2781	RLK	other_receptor
evm.model.chrA03.287	RLK	lrr
evm.model.chrA03.3147	RLK	other_receptor
evm.model.chrA03.3156	RLK	other_receptor
evm.model.chrA03.3222	RLK	lrr
evm.model.chrA03.4	RLK	lrr
evm.model.chrA03.4022	RLK	lrr
evm.model.chrA03.4034	RLK	other_receptor
evm.model.chrA03.4217	RLK	other_receptor
evm.model.chrA03.4238	RLK	lrr
evm.model.chrA03.4406	RLK	lrr
evm.model.chrA03.4492	RLK	other_receptor
evm.model.chrA03.4538	RLK	lrr
evm.model.chrA03.4565	RLK	lrr
evm.model.chrA03.4647	RLK	other_receptor
evm.model.chrA03.4943	RLK	other_receptor
evm.model.chrA03.5069	RLK	lrr
evm.model.chrA03.5076	RLK	lrr
evm.model.chrA03.5274	RLK	other_receptor
evm.model.chrA03.5284	RLK	lrr
evm.model.chrA03.5406	RLK	other_receptor
evm.model.chrA03.5520	RLK	other_receptor
evm.model.chrA03.5688	RLK	lrr
evm.model.chrA03.5908	RLK	other_receptor
evm.model.chrA03.592	RLK	other_receptor
evm.model.chrA03.6034	RLK	lrr
evm.model.chrA03.6045	RLK	other_receptor
evm.model.chrA03.6132	RLK	other_receptor
evm.model.chrA03.6170	RLK	other_receptor
evm.model.chrA03.6320	RLK	other_receptor
evm.model.chrA03.6396	RLK	other_receptor
evm.model.chrA03.700	RLK	lrr
evm.model.chrA03.701	RLK	other_receptor
evm.model.chrA03.805	RLK	other_receptor
evm.model.chrA03.844	RLK	other_receptor
evm.model.chrA03.895	RLK	lrr
evm.model.chrA03.95	RLK	other_receptor
evm.model.chrA03.988	RLK	lrr
evm.model.chrA04.111	RLK	other_receptor
evm.model.chrA04.1245	RLK	other_receptor
evm.model.chrA04.1263	RLK	other_receptor
evm.model.chrA04.1306	RLK	other_receptor
evm.model.chrA04.1307	RLK	other_receptor
evm.model.chrA04.1545	RLK	other_receptor
evm.model.chrA04.1617	RLK	other_receptor
evm.model.chrA04.1675	RLK	other_receptor
evm.model.chrA04.1754	RLK	other_receptor
evm.model.chrA04.1917	RLK	lrr
evm.model.chrA04.1922	RLK	other_receptor
evm.model.chrA04.1927	RLK	other_receptor
evm.model.chrA04.1952	RLK	lysm
evm.model.chrA04.1967	RLK	lrr
evm.model.chrA04.1972	RLK	lrr
evm.model.chrA04.1985	RLK	lrr
evm.model.chrA04.2079	RLK	other_receptor
evm.model.chrA04.2085	RLK	other_receptor
evm.model.chrA04.2161	RLK	lrr
evm.model.chrA04.225	RLK	other_receptor
evm.model.chrA04.2280	RLK	lrr
evm.model.chrA04.2320	RLK	lrr
evm.model.chrA04.2321	RLK	lrr
evm.model.chrA04.2412	RLK	other_receptor
evm.model.chrA04.2555	RLK	lrr
evm.model.chrA04.2556	RLK	lrr
evm.model.chrA04.2654	RLK	lrr
evm.model.chrA04.2688	RLK	lysm
evm.model.chrA04.2728	RLK	other_receptor
evm.model.chrA04.2987	RLK	lrr
evm.model.chrA04.3277	RLK	other_receptor
evm.model.chrA04.3405	RLK	other_receptor
evm.model.chrA04.3453	RLK	lrr
evm.model.chrA04.3463	RLK	other_receptor
evm.model.chrA04.3485	RLK	lrr
evm.model.chrA04.3569	RLK	other_receptor
evm.model.chrA04.3658	RLK	lrr
evm.model.chrA04.3674	RLK	other_receptor
evm.model.chrA04.3706	RLK	other_receptor
evm.model.chrA04.3707	RLK	other_receptor
evm.model.chrA04.405	RLK	lrr
evm.model.chrA04.409	RLK	other_receptor
evm.model.chrA04.705	RLK	other_receptor
evm.model.chrA05.1088	RLK	lrr
evm.model.chrA05.1347	RLK	other_receptor
evm.model.chrA05.1350	RLK	other_receptor
evm.model.chrA05.1488	RLK	lrr
evm.model.chrA05.1489	RLK	lrr
evm.model.chrA05.1611	RLK	other_receptor
evm.model.chrA05.179	RLK	lrr
evm.model.chrA05.3187	RLK	other_receptor
evm.model.chrA05.3262	RLK	other_receptor
evm.model.chrA05.3276	RLK	other_receptor
evm.model.chrA05.3295	RLK	other_receptor
evm.model.chrA05.3469	RLK	lrr
evm.model.chrA05.3704	RLK	lrr
evm.model.chrA05.3705	RLK	lrr
evm.model.chrA05.3706	RLK	lrr
evm.model.chrA05.3707	RLK	lrr
evm.model.chrA05.3708	RLK	lrr
evm.model.chrA05.3711	RLK	lrr
evm.model.chrA05.3788	RLK	lrr
evm.model.chrA05.4735	RLK	lrr
evm.model.chrA05.4746	RLK	other_receptor
evm.model.chrA05.4907	RLK	lrr
evm.model.chrA05.4946	RLK	other_receptor
evm.model.chrA05.504	RLK	lrr
evm.model.chrA05.5182	RLK	other_receptor
evm.model.chrA05.5211	RLK	lrr
evm.model.chrA05.5307	RLK	lrr
evm.model.chrA05.5338	RLK	lrr
evm.model.chrA05.5601	RLK	other_receptor
evm.model.chrA05.5682	RLK	lrr
evm.model.chrA05.6032	RLK	lrr
evm.model.chrA05.6093	RLK	lrr
evm.model.chrA05.6157	RLK	other_receptor
evm.model.chrA05.6206	RLK	other_receptor
evm.model.chrA05.763	RLK	lrr
evm.model.chrA06.1021	RLK	lrr
evm.model.chrA06.111	RLK	lrr
evm.model.chrA06.1654	RLK	lrr
evm.model.chrA06.1733	RLK	lrr
evm.model.chrA06.1748	RLK	lrr
evm.model.chrA06.1835	RLK	other_receptor
evm.model.chrA06.1882	RLK	lrr
evm.model.chrA06.1887	RLK	other_receptor
evm.model.chrA06.1998	RLK	lrr
evm.model.chrA06.2006	RLK	lrr
evm.model.chrA06.2029	RLK	lrr
evm.model.chrA06.2044	RLK	lrr
evm.model.chrA06.2144	RLK	other_receptor
evm.model.chrA06.2168	RLK	lrr
evm.model.chrA06.2192	RLK	other_receptor
evm.model.chrA06.2206	RLK	lrr
evm.model.chrA06.2207	RLK	lrr
evm.model.chrA06.2265	RLK	other_receptor
evm.model.chrA06.2290	RLK	other_receptor
evm.model.chrA06.240	RLK	lysm
evm.model.chrA06.2403	RLK	other_receptor
evm.model.chrA06.241	RLK	lrr
evm.model.chrA06.243	RLK	lrr
evm.model.chrA06.256	RLK	other_receptor
evm.model.chrA06.2588	RLK	other_receptor
evm.model.chrA06.2589	RLK	other_receptor
evm.model.chrA06.2590	RLK	other_receptor
evm.model.chrA06.2593	RLK	other_receptor
evm.model.chrA06.2858	RLK	lrr
evm.model.chrA06.2861	RLK	other_receptor
evm.model.chrA06.2898	RLK	lrr
evm.model.chrA06.2899	RLK	lrr
evm.model.chrA06.2945	RLK	lrr
evm.model.chrA06.2947	RLK	other_receptor
evm.model.chrA06.3149	RLK	lrr
evm.model.chrA06.3228	RLK	lrr
evm.model.chrA06.402	RLK	other_receptor
evm.model.chrA06.4958	RLK	lrr
evm.model.chrA06.5006	RLK	lrr
evm.model.chrA06.5041	RLK	other_receptor
evm.model.chrA06.5146	RLK	lrr
evm.model.chrA06.5520	RLK	other_receptor
evm.model.chrA06.5613	RLK	other_receptor
evm.model.chrA06.5627	RLK	lrr
evm.model.chrA06.5655	RLK	lrr
evm.model.chrA06.5799	RLK	lrr
evm.model.chrA06.5818	RLK	lrr
evm.model.chrA06.5844	RLK	other_receptor
evm.model.chrA06.5877	RLK	other_receptor
evm.model.chrA06.5906	RLK	other_receptor
evm.model.chrA06.5986	RLK	lrr
evm.model.chrA06.6055	RLK	lrr
evm.model.chrA06.6086	RLK	lrr
evm.model.chrA06.6104	RLK	lrr
evm.model.chrA06.6116	RLK	lrr
evm.model.chrA06.6164	RLK	lrr
evm.model.chrA06.6322	RLK	other_receptor
evm.model.chrA06.6330	RLK	lrr
evm.model.chrA06.6335	RLK	lrr
evm.model.chrA06.6395	RLK	lrr
evm.model.chrA06.6480	RLK	lrr
evm.model.chrA06.649	RLK	other_receptor
evm.model.chrA06.6495	RLK	lrr
evm.model.chrA06.6537	RLK	lrr
evm.model.chrA06.6543	RLK	lrr
evm.model.chrA06.6552	RLK	other_receptor
evm.model.chrA06.700	RLK	lrr
evm.model.chrA06.879	RLK	lrr
evm.model.chrA07.1066	RLK	other_receptor
evm.model.chrA07.1190	RLK	other_receptor
evm.model.chrA07.1192	RLK	other_receptor
evm.model.chrA07.1193	RLK	other_receptor
evm.model.chrA07.1228	RLK	lrr
evm.model.chrA07.1431	RLK	lrr
evm.model.chrA07.1447	RLK	other_receptor
evm.model.chrA07.1455	RLK	lrr
evm.model.chrA07.1484	RLK	other_receptor
evm.model.chrA07.1485	RLK	other_receptor
evm.model.chrA07.1487	RLK	other_receptor
evm.model.chrA07.1489	RLK	other_receptor
evm.model.chrA07.1491	RLK	other_receptor
evm.model.chrA07.1496	RLK	lrr
evm.model.chrA07.1540	RLK	lrr
evm.model.chrA07.1722	RLK	other_receptor
evm.model.chrA07.1795	RLK	lrr
evm.model.chrA07.1983	RLK	other_receptor
evm.model.chrA07.1984	RLK	other_receptor
evm.model.chrA07.199	RLK	other_receptor
evm.model.chrA07.2018	RLK	other_receptor
evm.model.chrA07.2082	RLK	lrr
evm.model.chrA07.2084	RLK	lrr
evm.model.chrA07.2109	RLK	lrr
evm.model.chrA07.2118	RLK	lrr
evm.model.chrA07.2160	RLK	other_receptor
evm.model.chrA07.2231	RLK	lrr
evm.model.chrA07.2245	RLK	lrr
evm.model.chrA07.2318	RLK	other_receptor
evm.model.chrA07.2415	RLK	other_receptor
evm.model.chrA07.2418	RLK	other_receptor
evm.model.chrA07.2442	RLK	other_receptor
evm.model.chrA07.2519	RLK	lrr
evm.model.chrA07.2694	RLK	lrr
evm.model.chrA07.2766	RLK	other_receptor
evm.model.chrA07.2910	RLK	other_receptor
evm.model.chrA07.3037	RLK	lrr
evm.model.chrA07.3046	RLK	lrr
evm.model.chrA07.3102	RLK	other_receptor
evm.model.chrA07.3244	RLK	other_receptor
evm.model.chrA07.3251	RLK	lrr
evm.model.chrA07.3376	RLK	other_receptor
evm.model.chrA07.3445	RLK	other_receptor
evm.model.chrA07.3618	RLK	lrr
evm.model.chrA07.3751	RLK	other_receptor
evm.model.chrA07.3829	RLK	other_receptor
evm.model.chrA07.3872	RLK	lrr
evm.model.chrA07.4222	RLK	lrr
evm.model.chrA07.4227	RLK	lrr
evm.model.chrA07.4237	RLK	other_receptor
evm.model.chrA07.4286	RLK	other_receptor
evm.model.chrA07.4316	RLK	lrr
evm.model.chrA07.4340	RLK	other_receptor
evm.model.chrA07.4360	RLK	other_receptor
evm.model.chrA07.4615	RLK	other_receptor
evm.model.chrA07.473	RLK	other_receptor
evm.model.chrA07.491	RLK	lrr
evm.model.chrA07.4918	RLK	lrr
evm.model.chrA07.4939	RLK	lrr
evm.model.chrA07.583	RLK	lrr
evm.model.chrA07.770	RLK	lrr
evm.model.chrA07.870	RLK	lrr
evm.model.chrA07.875	RLK	lrr
evm.model.chrA07.941	RLK	lrr
evm.model.chrA08.1315	RLK	lrr
evm.model.chrA08.1320	RLK	other_receptor
evm.model.chrA08.1477	RLK	lrr
evm.model.chrA08.1865	RLK	other_receptor
evm.model.chrA08.1895	RLK	other_receptor
evm.model.chrA08.1965	RLK	lrr
evm.model.chrA08.2049	RLK	lrr
evm.model.chrA08.219	RLK	other_receptor
evm.model.chrA08.221	RLK	other_receptor
evm.model.chrA08.2232	RLK	lrr
evm.model.chrA08.2287	RLK	other_receptor
evm.model.chrA08.2292	RLK	other_receptor
evm.model.chrA08.232	RLK	lrr
evm.model.chrA08.2396	RLK	lrr
evm.model.chrA08.2443	RLK	lrr
evm.model.chrA08.251	RLK	lysm
evm.model.chrA08.2545	RLK	other_receptor
evm.model.chrA08.2610	RLK	lrr
evm.model.chrA08.2698	RLK	lrr
evm.model.chrA08.2714	RLK	lrr
evm.model.chrA08.2975	RLK	lrr
evm.model.chrA08.300	RLK	lrr
evm.model.chrA08.3027	RLK	other_receptor
evm.model.chrA08.3028	RLK	other_receptor
evm.model.chrA08.3060	RLK	other_receptor
evm.model.chrA08.3181	RLK	other_receptor
evm.model.chrA08.3306	RLK	other_receptor
evm.model.chrA08.3491	RLK	lrr
evm.model.chrA08.3639	RLK	lrr
evm.model.chrA08.3658	RLK	other_receptor
evm.model.chrA08.370	RLK	lrr
evm.model.chrA08.3762	RLK	lrr
evm.model.chrA08.3789	RLK	other_receptor
evm.model.chrA08.3818	RLK	lrr
evm.model.chrA08.4074	RLK	other_receptor
evm.model.chrA08.4101	RLK	other_receptor
evm.model.chrA08.4167	RLK	other_receptor
evm.model.chrA08.4169	RLK	other_receptor
evm.model.chrA08.4171	RLK	other_receptor
evm.model.chrA08.4384	RLK	other_receptor
evm.model.chrA08.45	RLK	lrr
evm.model.chrA08.4610	RLK	other_receptor
evm.model.chrA08.4651	RLK	lrr
evm.model.chrA08.4718	RLK	lrr
evm.model.chrA08.4844	RLK	lrr
evm.model.chrA08.4872	RLK	other_receptor
evm.model.chrA08.4873	RLK	other_receptor
evm.model.chrA08.644	RLK	lrr
evm.model.chrA08.830	RLK	other_receptor
evm.model.chrA08.835	RLK	lrr
evm.model.chrA08.867	RLK	lrr
evm.model.chrA09.1092	RLK	other_receptor
evm.model.chrA09.1130	RLK	other_receptor
evm.model.chrA09.1184	RLK	other_receptor
evm.model.chrA09.1266	RLK	lrr
evm.model.chrA09.1384	RLK	lrr
evm.model.chrA09.1531	RLK	lrr
evm.model.chrA09.1803	RLK	other_receptor
evm.model.chrA09.1826	RLK	lrr
evm.model.chrA09.1874	RLK	other_receptor
evm.model.chrA09.1949	RLK	other_receptor
evm.model.chrA09.197	RLK	other_receptor
evm.model.chrA09.2055	RLK	lrr
evm.model.chrA09.2142	RLK	other_receptor
evm.model.chrA09.2158	RLK	lrr
evm.model.chrA09.23	RLK	other_receptor
evm.model.chrA09.2444	RLK	other_receptor
evm.model.chrA09.2539	RLK	other_receptor
evm.model.chrA09.2694	RLK	other_receptor
evm.model.chrA09.2729	RLK	other_receptor
evm.model.chrA09.287	RLK	other_receptor
evm.model.chrA09.327	RLK	lrr
evm.model.chrA09.3344	RLK	other_receptor
evm.model.chrA09.3390	RLK	other_receptor
evm.model.chrA09.431	RLK	lrr
evm.model.chrA09.4579	RLK	other_receptor
evm.model.chrA09.4929	RLK	other_receptor
evm.model.chrA09.4948	RLK	lrr
evm.model.chrA09.4951	RLK	other_receptor
evm.model.chrA09.5078	RLK	other_receptor
evm.model.chrA09.5129	RLK	other_receptor
evm.model.chrA09.5317	RLK	other_receptor
evm.model.chrA09.5330	RLK	other_receptor
evm.model.chrA09.5345	RLK	lrr
evm.model.chrA09.5368	RLK	lrr
evm.model.chrA09.54	RLK	other_receptor
evm.model.chrA09.5496	RLK	lrr
evm.model.chrA09.5546	RLK	other_receptor
evm.model.chrA09.5579	RLK	other_receptor
evm.model.chrA09.5593	RLK	other_receptor
evm.model.chrA09.560	RLK	other_receptor
evm.model.chrA09.5600	RLK	other_receptor
evm.model.chrA09.5808	RLK	other_receptor
evm.model.chrA09.587	RLK	lrr
evm.model.chrA09.592	RLK	lrr
evm.model.chrA09.5954	RLK	lrr
evm.model.chrA09.6075	RLK	lrr
evm.model.chrA09.6108	RLK	other_receptor
evm.model.chrA09.6121	RLK	other_receptor
evm.model.chrA09.617	RLK	other_receptor
evm.model.chrA09.6308	RLK	other_receptor
evm.model.chrA09.6343	RLK	other_receptor
evm.model.chrA09.6344	RLK	other_receptor
evm.model.chrA09.6345	RLK	other_receptor
evm.model.chrA09.6614	RLK	lrr
evm.model.chrA09.6616	RLK	lrr
evm.model.chrA09.6617	RLK	lrr
evm.model.chrA09.6713	RLK	lrr
evm.model.chrA09.6868	RLK	lrr
evm.model.chrA09.6875	RLK	other_receptor
evm.model.chrA09.7010	RLK	lrr
evm.model.chrA09.7087	RLK	lrr
evm.model.chrA09.710	RLK	lrr
evm.model.chrA09.7122	RLK	other_receptor
evm.model.chrA09.7136	RLK	lrr
evm.model.chrA09.7271	RLK	other_receptor
evm.model.chrA09.7333	RLK	other_receptor
evm.model.chrA09.7359	RLK	other_receptor
evm.model.chrA09.7369	RLK	other_receptor
evm.model.chrA09.7397	RLK	other_receptor
evm.model.chrA09.7478	RLK	other_receptor
evm.model.chrA09.751	RLK	lrr
evm.model.chrA09.7534	RLK	lrr
evm.model.chrA09.7553	RLK	other_receptor
evm.model.chrA09.7700	RLK	other_receptor
evm.model.chrA09.7802	RLK	other_receptor
evm.model.chrA09.7803	RLK	other_receptor
evm.model.chrA09.7804	RLK	other_receptor
evm.model.chrA09.8124	RLK	lrr
evm.model.chrA09.8150	RLK	other_receptor
evm.model.chrA09.8200	RLK	lrr
evm.model.chrA09.847	RLK	lrr
evm.model.chrA10.1247	RLK	lrr
evm.model.chrA10.1263	RLK	lrr
evm.model.chrA10.1405	RLK	other_receptor
evm.model.chrA10.1418	RLK	other_receptor
evm.model.chrA10.1485	RLK	other_receptor
evm.model.chrA10.1647	RLK	lrr
evm.model.chrA10.1692	RLK	lrr
evm.model.chrA10.1716	RLK	other_receptor
evm.model.chrA10.1722	RLK	other_receptor
evm.model.chrA10.1813	RLK	lrr
evm.model.chrA10.1879	RLK	other_receptor
evm.model.chrA10.1958	RLK	other_receptor
evm.model.chrA10.2057	RLK	other_receptor
evm.model.chrA10.2149	RLK	lrr
evm.model.chrA10.2291	RLK	other_receptor
evm.model.chrA10.2292	RLK	other_receptor
evm.model.chrA10.2298	RLK	lrr
evm.model.chrA10.2300	RLK	lrr
evm.model.chrA10.2310	RLK	lrr
evm.model.chrA10.2336	RLK	other_receptor
evm.model.chrA10.2347	RLK	lrr
evm.model.chrA10.2354	RLK	lrr
evm.model.chrA10.2363	RLK	other_receptor
evm.model.chrA10.2504	RLK	lrr
evm.model.chrA10.2747	RLK	other_receptor
evm.model.chrA10.352	RLK	lrr
evm.model.chrA10.828	RLK	lrr
evm.model.chrA10.837	RLK	lrr
evm.model.chrC01.1126	RLK	lrr
evm.model.chrC01.1223	RLK	lrr
evm.model.chrC01.1239	RLK	lrr
evm.model.chrC01.1365	RLK	other_receptor
evm.model.chrC01.1367	RLK	other_receptor
evm.model.chrC01.1425	RLK	lrr
evm.model.chrC01.1435	RLK	other_receptor
evm.model.chrC01.1572	RLK	lrr
evm.model.chrC01.1585	RLK	lrr
evm.model.chrC01.1613	RLK	lrr
evm.model.chrC01.1656	RLK	lrr
evm.model.chrC01.1658	RLK	other_receptor
evm.model.chrC01.1700	RLK	lrr
evm.model.chrC01.1705	RLK	lrr
evm.model.chrC01.1775	RLK	lrr
evm.model.chrC01.1800	RLK	lrr
evm.model.chrC01.1803	RLK	other_receptor
evm.model.chrC01.194	RLK	lrr
evm.model.chrC01.2070	RLK	lrr
evm.model.chrC01.2205	RLK	other_receptor
evm.model.chrC01.2232	RLK	lrr
evm.model.chrC01.2294	RLK	lrr
evm.model.chrC01.2485	RLK	lrr
evm.model.chrC01.2613	RLK	other_receptor
evm.model.chrC01.2825	RLK	lrr
evm.model.chrC01.283	RLK	lrr
evm.model.chrC01.3241	RLK	other_receptor
evm.model.chrC01.3342	RLK	lrr
evm.model.chrC01.3561	RLK	other_receptor
evm.model.chrC01.363	RLK	other_receptor
evm.model.chrC01.3777	RLK	other_receptor
evm.model.chrC01.3784	RLK	other_receptor
evm.model.chrC01.4117	RLK	other_receptor
evm.model.chrC01.4152	RLK	lrr
evm.model.chrC01.4155	RLK	other_receptor
evm.model.chrC01.4388	RLK	other_receptor
evm.model.chrC01.44	RLK	other_receptor
evm.model.chrC01.461	RLK	lrr
evm.model.chrC01.4865	RLK	lrr
evm.model.chrC01.4993	RLK	other_receptor
evm.model.chrC01.4999	RLK	lrr
evm.model.chrC01.55	RLK	lrr
evm.model.chrC01.5798	RLK	lrr
evm.model.chrC01.5827	RLK	lrr
evm.model.chrC01.6551	RLK	other_receptor
evm.model.chrC01.6611	RLK	lrr
evm.model.chrC01.6666	RLK	lrr
evm.model.chrC01.6875	RLK	lrr
evm.model.chrC01.6922	RLK	lrr
evm.model.chrC01.6929	RLK	other_receptor
evm.model.chrC01.6930	RLK	other_receptor
evm.model.chrC01.7262	RLK	lrr
evm.model.chrC01.7297	RLK	lrr
evm.model.chrC01.739	RLK	other_receptor
evm.model.chrC01.7443	RLK	lrr
evm.model.chrC01.7469	RLK	lrr
evm.model.chrC01.7623	RLK	other_receptor
evm.model.chrC01.7692	RLK	lrr
evm.model.chrC01.785	RLK	other_receptor
evm.model.chrC01.786	RLK	other_receptor
evm.model.chrC01.793	RLK	other_receptor
evm.model.chrC01.811	RLK	other_receptor
evm.model.chrC01.892	RLK	lrr
evm.model.chrC01.893	RLK	lrr
evm.model.chrC01.902	RLK	other_receptor
evm.model.chrC01.917	RLK	other_receptor
evm.model.chrC02.1047	RLK	other_receptor
evm.model.chrC02.1214	RLK	lrr
evm.model.chrC02.1218	RLK	lrr
evm.model.chrC02.1339	RLK	other_receptor
evm.model.chrC02.1340	RLK	other_receptor
evm.model.chrC02.1345	RLK	lrr
evm.model.chrC02.1441	RLK	other_receptor
evm.model.chrC02.1579	RLK	lrr
evm.model.chrC02.1791	RLK	other_receptor
evm.model.chrC02.1802	RLK	other_receptor
evm.model.chrC02.1809	RLK	other_receptor
evm.model.chrC02.1814	RLK	lrr
evm.model.chrC02.2295	RLK	other_receptor
evm.model.chrC02.240	RLK	other_receptor
evm.model.chrC02.2665	RLK	other_receptor
evm.model.chrC02.2667	RLK	other_receptor
evm.model.chrC02.2669	RLK	other_receptor
evm.model.chrC02.2675	RLK	other_receptor
evm.model.chrC02.2676	RLK	other_receptor
evm.model.chrC02.2678	RLK	other_receptor
evm.model.chrC02.2682	RLK	other_receptor
evm.model.chrC02.2803	RLK	other_receptor
evm.model.chrC02.2989	RLK	lrr
evm.model.chrC02.3178	RLK	other_receptor
evm.model.chrC02.3402	RLK	lrr
evm.model.chrC02.3425	RLK	lrr
evm.model.chrC02.376	RLK	lrr
evm.model.chrC02.3797	RLK	lrr
evm.model.chrC02.3809	RLK	lrr
evm.model.chrC02.387	RLK	other_receptor
evm.model.chrC02.4035	RLK	other_receptor
evm.model.chrC02.4186	RLK	other_receptor
evm.model.chrC02.4474	RLK	other_receptor
evm.model.chrC02.4480	RLK	other_receptor
evm.model.chrC02.4496	RLK	other_receptor
evm.model.chrC02.4583	RLK	lrr
evm.model.chrC02.4810	RLK	other_receptor
evm.model.chrC02.492	RLK	other_receptor
evm.model.chrC02.4930	RLK	other_receptor
evm.model.chrC02.525	RLK	other_receptor
evm.model.chrC02.5526	RLK	lrr
evm.model.chrC02.5729	RLK	lrr
evm.model.chrC02.5744	RLK	lrr
evm.model.chrC02.5798	RLK	lrr
evm.model.chrC02.5911	RLK	lrr
evm.model.chrC02.6274	RLK	lrr
evm.model.chrC02.6333	RLK	lrr
evm.model.chrC02.6655	RLK	other_receptor
evm.model.chrC02.6818	RLK	lrr
evm.model.chrC02.6831	RLK	lrr
evm.model.chrC02.7008	RLK	lrr
evm.model.chrC02.7131	RLK	other_receptor
evm.model.chrC02.7290	RLK	lrr
evm.model.chrC02.753	RLK	lrr
evm.model.chrC02.778	RLK	lrr
evm.model.chrC02.7886	RLK	lrr
evm.model.chrC02.7937	RLK	lrr
evm.model.chrC02.7969	RLK	lrr
evm.model.chrC02.810	RLK	lrr
evm.model.chrC02.8112	RLK	other_receptor
evm.model.chrC03.10072	RLK	other_receptor
evm.model.chrC03.10222	RLK	lrr
evm.model.chrC03.10294	RLK	other_receptor
evm.model.chrC03.10295	RLK	lysm
evm.model.chrC03.10322	RLK	other_receptor
evm.model.chrC03.10451	RLK	lrr
evm.model.chrC03.10453	RLK	other_receptor
evm.model.chrC03.10585	RLK	lrr
evm.model.chrC03.10627	RLK	lrr
evm.model.chrC03.1094	RLK	other_receptor
evm.model.chrC03.125	RLK	other_receptor
evm.model.chrC03.1296	RLK	lrr
evm.model.chrC03.1297	RLK	lrr
evm.model.chrC03.1300	RLK	lrr
evm.model.chrC03.1305	RLK	lrr
evm.model.chrC03.1325	RLK	lrr
evm.model.chrC03.1328	RLK	lrr
evm.model.chrC03.1329	RLK	lrr
evm.model.chrC03.1393	RLK	lrr
evm.model.chrC03.1400	RLK	lrr
evm.model.chrC03.1605	RLK	other_receptor
evm.model.chrC03.1616	RLK	other_receptor
evm.model.chrC03.1776	RLK	other_receptor
evm.model.chrC03.1888	RLK	other_receptor
evm.model.chrC03.1973	RLK	lrr
evm.model.chrC03.2155	RLK	lrr
evm.model.chrC03.2179	RLK	other_receptor
evm.model.chrC03.2208	RLK	other_receptor
evm.model.chrC03.2223	RLK	lrr
evm.model.chrC03.2300	RLK	other_receptor
evm.model.chrC03.2336	RLK	other_receptor
evm.model.chrC03.2426	RLK	other_receptor
evm.model.chrC03.2443	RLK	other_receptor
evm.model.chrC03.2887	RLK	other_receptor
evm.model.chrC03.2970	RLK	other_receptor
evm.model.chrC03.3082	RLK	lrr
evm.model.chrC03.3117	RLK	lrr
evm.model.chrC03.313	RLK	lrr
evm.model.chrC03.3290	RLK	lrr
evm.model.chrC03.3304	RLK	lrr
evm.model.chrC03.3339	RLK	lrr
evm.model.chrC03.3342	RLK	lrr
evm.model.chrC03.3343	RLK	lrr
evm.model.chrC03.3519	RLK	other_receptor
evm.model.chrC03.3521	RLK	other_receptor
evm.model.chrC03.356	RLK	other_receptor
evm.model.chrC03.3713	RLK	lrr
evm.model.chrC03.38	RLK	other_receptor
evm.model.chrC03.3828	RLK	lrr
evm.model.chrC03.3848	RLK	other_receptor
evm.model.chrC03.3943	RLK	lrr
evm.model.chrC03.3955	RLK	other_receptor
evm.model.chrC03.4122	RLK	other_receptor
evm.model.chrC03.4134	RLK	other_receptor
evm.model.chrC03.4203	RLK	lrr
evm.model.chrC03.456	RLK	lrr
evm.model.chrC03.509	RLK	other_receptor
evm.model.chrC03.5286	RLK	lrr
evm.model.chrC03.5297	RLK	other_receptor
evm.model.chrC03.5348	RLK	lrr
evm.model.chrC03.5620	RLK	lrr
evm.model.chrC03.5666	RLK	lrr
evm.model.chrC03.596	RLK	other_receptor
evm.model.chrC03.6176	RLK	other_receptor
evm.model.chrC03.6217	RLK	lrr
evm.model.chrC03.6323	RLK	lrr
evm.model.chrC03.6398	RLK	other_receptor
evm.model.chrC03.642	RLK	other_receptor
evm.model.chrC03.6432	RLK	lrr
evm.model.chrC03.6522	RLK	lrr
evm.model.chrC03.6565	RLK	other_receptor
evm.model.chrC03.6830	RLK	other_receptor
evm.model.chrC03.6846	RLK	other_receptor
evm.model.chrC03.6977	RLK	lrr
evm.model.chrC03.7000	RLK	other_receptor
evm.model.chrC03.706	RLK	lrr
evm.model.chrC03.7079	RLK	lrr
evm.model.chrC03.7274	RLK	lrr
evm.model.chrC03.7475	RLK	lrr
evm.model.chrC03.7614	RLK	other_receptor
evm.model.chrC03.8173	RLK	other_receptor
evm.model.chrC03.832	RLK	lrr
evm.model.chrC03.8478	RLK	lrr
evm.model.chrC03.8515	RLK	other_receptor
evm.model.chrC03.8565	RLK	lrr
evm.model.chrC03.8566	RLK	lrr
evm.model.chrC03.8567	RLK	lrr
evm.model.chrC03.8659	RLK	lrr
evm.model.chrC03.8719	RLK	other_receptor
evm.model.chrC03.8739	RLK	lrr
evm.model.chrC03.9282	RLK	other_receptor
evm.model.chrC03.9454	RLK	lrr
evm.model.chrC03.9463	RLK	lrr
evm.model.chrC03.9537	RLK	lrr
evm.model.chrC03.9586	RLK	lrr
evm.model.chrC03.9892	RLK	lrr
evm.model.chrC03.995	RLK	other_receptor
evm.model.chrC03.9967	RLK	other_receptor
evm.model.chrC03.9972	RLK	other_receptor
evm.model.chrC04.1172	RLK	lrr
evm.model.chrC04.1442	RLK	lrr
evm.model.chrC04.1463	RLK	other_receptor
evm.model.chrC04.1584	RLK	other_receptor
evm.model.chrC04.1586	RLK	other_receptor
evm.model.chrC04.1815	RLK	lrr
evm.model.chrC04.1955	RLK	other_receptor
evm.model.chrC04.2104	RLK	other_receptor
evm.model.chrC04.2138	RLK	other_receptor
evm.model.chrC04.2173	RLK	other_receptor
evm.model.chrC04.2225	RLK	other_receptor
evm.model.chrC04.2383	RLK	lrr
evm.model.chrC04.2388	RLK	other_receptor
evm.model.chrC04.3118	RLK	other_receptor
evm.model.chrC04.314	RLK	lrr
evm.model.chrC04.3770	RLK	other_receptor
evm.model.chrC04.3795	RLK	other_receptor
evm.model.chrC04.3822	RLK	other_receptor
evm.model.chrC04.4059	RLK	other_receptor
evm.model.chrC04.4110	RLK	other_receptor
evm.model.chrC04.4162	RLK	lysm
evm.model.chrC04.4205	RLK	lrr
evm.model.chrC04.429	RLK	other_receptor
evm.model.chrC04.4332	RLK	lrr
evm.model.chrC04.4333	RLK	lrr
evm.model.chrC04.4536	RLK	other_receptor
evm.model.chrC04.4650	RLK	lrr
evm.model.chrC04.4651	RLK	lrr
evm.model.chrC04.4699	RLK	lrr
evm.model.chrC04.4846	RLK	lrr
evm.model.chrC04.4955	RLK	other_receptor
evm.model.chrC04.5089	RLK	lrr
evm.model.chrC04.5110	RLK	lrr
evm.model.chrC04.5119	RLK	other_receptor
evm.model.chrC04.5153	RLK	lysm
evm.model.chrC04.5186	RLK	other_receptor
evm.model.chrC04.5195	RLK	other_receptor
evm.model.chrC04.5196	RLK	other_receptor
evm.model.chrC04.5212	RLK	lrr
evm.model.chrC04.5414	RLK	other_receptor
evm.model.chrC04.5521	RLK	other_receptor
evm.model.chrC04.5522	RLK	other_receptor
evm.model.chrC04.5620	RLK	other_receptor
evm.model.chrC04.5723	RLK	lrr
evm.model.chrC04.6048	RLK	other_receptor
evm.model.chrC04.6115	RLK	other_receptor
evm.model.chrC04.6166	RLK	lrr
evm.model.chrC04.6176	RLK	other_receptor
evm.model.chrC04.6202	RLK	lrr
evm.model.chrC04.6296	RLK	other_receptor
evm.model.chrC04.6398	RLK	lrr
evm.model.chrC04.6420	RLK	other_receptor
evm.model.chrC04.6467	RLK	other_receptor
evm.model.chrC04.669	RLK	lrr
evm.model.chrC05.1071	RLK	lrr
evm.model.chrC05.1252	RLK	lrr
evm.model.chrC05.1315	RLK	other_receptor
evm.model.chrC05.1486	RLK	other_receptor
evm.model.chrC05.1487	RLK	other_receptor
evm.model.chrC05.1510	RLK	lrr
evm.model.chrC05.1542	RLK	other_receptor
evm.model.chrC05.1557	RLK	lrr
evm.model.chrC05.1581	RLK	other_receptor
evm.model.chrC05.1603	RLK	other_receptor
evm.model.chrC05.168	RLK	other_receptor
evm.model.chrC05.1728	RLK	other_receptor
evm.model.chrC05.1730	RLK	other_receptor
evm.model.chrC05.1989	RLK	other_receptor
evm.model.chrC05.1990	RLK	other_receptor
evm.model.chrC05.1996	RLK	other_receptor
evm.model.chrC05.1998	RLK	other_receptor
evm.model.chrC05.1999	RLK	other_receptor
evm.model.chrC05.201	RLK	other_receptor
evm.model.chrC05.2290	RLK	other_receptor
evm.model.chrC05.2372	RLK	lrr
evm.model.chrC05.2561	RLK	other_receptor
evm.model.chrC05.2564	RLK	other_receptor
evm.model.chrC05.2571	RLK	other_receptor
evm.model.chrC05.2577	RLK	lrr
evm.model.chrC05.2907	RLK	lrr
evm.model.chrC05.3032	RLK	lrr
evm.model.chrC05.3174	RLK	other_receptor
evm.model.chrC05.3544	RLK	other_receptor
evm.model.chrC05.3693	RLK	lrr
evm.model.chrC05.389	RLK	lrr
evm.model.chrC05.4371	RLK	lrr
evm.model.chrC05.4418	RLK	lrr
evm.model.chrC05.4425	RLK	other_receptor
evm.model.chrC05.46	RLK	other_receptor
evm.model.chrC05.471	RLK	other_receptor
evm.model.chrC05.5020	RLK	other_receptor
evm.model.chrC05.542	RLK	other_receptor
evm.model.chrC05.5451	RLK	lrr
evm.model.chrC05.5481	RLK	other_receptor
evm.model.chrC05.5768	RLK	lrr
evm.model.chrC05.5813	RLK	other_receptor
evm.model.chrC05.5974	RLK	other_receptor
evm.model.chrC05.6110	RLK	lrr
evm.model.chrC05.6140	RLK	lrr
evm.model.chrC05.6198	RLK	other_receptor
evm.model.chrC05.6224	RLK	lrr
evm.model.chrC05.6373	RLK	other_receptor
evm.model.chrC05.6717	RLK	lrr
evm.model.chrC05.6848	RLK	lrr
evm.model.chrC05.6883	RLK	lrr
evm.model.chrC05.7227	RLK	other_receptor
evm.model.chrC05.723	RLK	other_receptor
evm.model.chrC05.7313	RLK	lrr
evm.model.chrC05.7724	RLK	lrr
evm.model.chrC05.7792	RLK	lrr
evm.model.chrC05.7851	RLK	other_receptor
evm.model.chrC05.7903	RLK	lysm
evm.model.chrC05.7931	RLK	other_receptor
evm.model.chrC05.794	RLK	lrr
evm.model.chrC05.7957	RLK	other_receptor
evm.model.chrC05.888	RLK	lrr
evm.model.chrC05.916	RLK	lrr
evm.model.chrC06.1084	RLK	lrr
evm.model.chrC06.1281	RLK	lrr
evm.model.chrC06.1648	RLK	lrr
evm.model.chrC06.1654	RLK	lrr
evm.model.chrC06.1655	RLK	lrr
evm.model.chrC06.1661	RLK	lrr
evm.model.chrC06.1670	RLK	lrr
evm.model.chrC06.1680	RLK	lrr
evm.model.chrC06.2168	RLK	other_receptor
evm.model.chrC06.2220	RLK	other_receptor
evm.model.chrC06.2699	RLK	lrr
evm.model.chrC06.3073	RLK	lrr
evm.model.chrC06.3296	RLK	lrr
evm.model.chrC06.3330	RLK	other_receptor
evm.model.chrC06.3363	RLK	other_receptor
evm.model.chrC06.3408	RLK	other_receptor
evm.model.chrC06.3767	RLK	other_receptor
evm.model.chrC06.3769	RLK	other_receptor
evm.model.chrC06.4258	RLK	lrr
evm.model.chrC06.4328	RLK	lrr
evm.model.chrC06.4377	RLK	lrr
evm.model.chrC06.4503	RLK	other_receptor
evm.model.chrC06.4507	RLK	other_receptor
evm.model.chrC06.4604	RLK	lrr
evm.model.chrC06.4829	RLK	other_receptor
evm.model.chrC06.4833	RLK	other_receptor
evm.model.chrC06.4836	RLK	lrr
evm.model.chrC06.4927	RLK	lrr
evm.model.chrC06.4960	RLK	other_receptor
evm.model.chrC06.4961	RLK	other_receptor
evm.model.chrC06.4967	RLK	other_receptor
evm.model.chrC06.5028	RLK	lrr
evm.model.chrC06.508	RLK	other_receptor
evm.model.chrC06.5084	RLK	other_receptor
evm.model.chrC06.5086	RLK	other_receptor
evm.model.chrC06.5214	RLK	lrr
evm.model.chrC06.5254	RLK	other_receptor
evm.model.chrC06.5290	RLK	lrr
evm.model.chrC06.5324	RLK	other_receptor
evm.model.chrC06.5329	RLK	other_receptor
evm.model.chrC06.5400	RLK	other_receptor
evm.model.chrC06.5488	RLK	lrr
evm.model.chrC06.5588	RLK	lrr
evm.model.chrC06.5601	RLK	lrr
evm.model.chrC06.5793	RLK	lrr
evm.model.chrC06.5830	RLK	lrr
evm.model.chrC06.6002	RLK	lrr
evm.model.chrC06.6196	RLK	lrr
evm.model.chrC06.6256	RLK	other_receptor
evm.model.chrC06.6294	RLK	other_receptor
evm.model.chrC06.806	RLK	other_receptor
evm.model.chrC06.839	RLK	lrr
evm.model.chrC06.841	RLK	lrr
evm.model.chrC06.842	RLK	lrr
evm.model.chrC06.843	RLK	lrr
evm.model.chrC06.845	RLK	lrr
evm.model.chrC06.846	RLK	lysm
evm.model.chrC07.103	RLK	other_receptor
evm.model.chrC07.1044	RLK	lrr
evm.model.chrC07.1448	RLK	lrr
evm.model.chrC07.1992	RLK	lrr
evm.model.chrC07.2027	RLK	lrr
evm.model.chrC07.2172	RLK	other_receptor
evm.model.chrC07.2308	RLK	other_receptor
evm.model.chrC07.2326	RLK	lrr
evm.model.chrC07.2445	RLK	lrr
evm.model.chrC07.2589	RLK	lrr
evm.model.chrC07.2613	RLK	other_receptor
evm.model.chrC07.3171	RLK	lrr
evm.model.chrC07.3338	RLK	lrr
evm.model.chrC07.3341	RLK	lrr
evm.model.chrC07.3342	RLK	other_receptor
evm.model.chrC07.3346	RLK	lrr
evm.model.chrC07.3359	RLK	other_receptor
evm.model.chrC07.3643	RLK	lrr
evm.model.chrC07.3735	RLK	lrr
evm.model.chrC07.3749	RLK	lrr
evm.model.chrC07.3772	RLK	lrr
evm.model.chrC07.3809	RLK	lrr
evm.model.chrC07.3833	RLK	lrr
evm.model.chrC07.3953	RLK	lrr
evm.model.chrC07.4087	RLK	other_receptor
evm.model.chrC07.4135	RLK	other_receptor
evm.model.chrC07.4240	RLK	lrr
evm.model.chrC07.4271	RLK	other_receptor
evm.model.chrC07.4459	RLK	lrr
evm.model.chrC07.4488	RLK	lrr
evm.model.chrC07.4569	RLK	other_receptor
evm.model.chrC07.4779	RLK	lrr
evm.model.chrC07.4839	RLK	other_receptor
evm.model.chrC07.4904	RLK	other_receptor
evm.model.chrC07.4943	RLK	other_receptor
evm.model.chrC07.4970	RLK	other_receptor
evm.model.chrC07.5034	RLK	other_receptor
evm.model.chrC07.5035	RLK	other_receptor
evm.model.chrC07.5096	RLK	lrr
evm.model.chrC07.5103	RLK	other_receptor
evm.model.chrC07.5129	RLK	lrr
evm.model.chrC07.5222	RLK	other_receptor
evm.model.chrC07.618	RLK	other_receptor
evm.model.chrC07.865	RLK	lrr
evm.model.chrC08.1160	RLK	lrr
evm.model.chrC08.180	RLK	other_receptor
evm.model.chrC08.1894	RLK	other_receptor
evm.model.chrC08.2175	RLK	other_receptor
evm.model.chrC08.2268	RLK	lrr
evm.model.chrC08.2420	RLK	other_receptor
evm.model.chrC08.246	RLK	lrr
evm.model.chrC08.2502	RLK	other_receptor
evm.model.chrC08.2524	RLK	other_receptor
evm.model.chrC08.2670	RLK	other_receptor
evm.model.chrC08.2689	RLK	lrr
evm.model.chrC08.3073	RLK	other_receptor
evm.model.chrC08.3077	RLK	other_receptor
evm.model.chrC08.3082	RLK	other_receptor
evm.model.chrC08.3225	RLK	other_receptor
evm.model.chrC08.3758	RLK	lrr
evm.model.chrC08.3975	RLK	other_receptor
evm.model.chrC08.4186	RLK	other_receptor
evm.model.chrC08.4198	RLK	other_receptor
evm.model.chrC08.4210	RLK	lrr
evm.model.chrC08.4236	RLK	lrr
evm.model.chrC08.4260	RLK	lrr
evm.model.chrC08.4400	RLK	lrr
evm.model.chrC08.4464	RLK	other_receptor
evm.model.chrC08.4495	RLK	other_receptor
evm.model.chrC08.4513	RLK	other_receptor
evm.model.chrC08.4724	RLK	other_receptor
evm.model.chrC08.4725	RLK	other_receptor
evm.model.chrC08.4882	RLK	lrr
evm.model.chrC08.4914	RLK	other_receptor
evm.model.chrC08.5019	RLK	lrr
evm.model.chrC08.5070	RLK	other_receptor
evm.model.chrC08.5280	RLK	other_receptor
evm.model.chrC08.5402	RLK	other_receptor
evm.model.chrC08.5517	RLK	other_receptor
evm.model.chrC08.5523	RLK	other_receptor
evm.model.chrC08.5524	RLK	other_receptor
evm.model.chrC08.5525	RLK	other_receptor
evm.model.chrC08.5900	RLK	lrr
evm.model.chrC08.5954	RLK	other_receptor
evm.model.chrC08.6278	RLK	lrr
evm.model.chrC08.6282	RLK	other_receptor
evm.model.chrC08.6288	RLK	other_receptor
evm.model.chrC08.6372	RLK	lrr
evm.model.chrC08.913	RLK	lrr
evm.model.chrC08.936	RLK	other_receptor
evm.model.chrC08.971	RLK	lrr
evm.model.chrC09.1055	RLK	lrr
evm.model.chrC09.1120	RLK	lrr
evm.model.chrC09.1280	RLK	lrr
evm.model.chrC09.1329	RLK	other_receptor
evm.model.chrC09.1414	RLK	other_receptor
evm.model.chrC09.1432	RLK	other_receptor
evm.model.chrC09.1487	RLK	other_receptor
evm.model.chrC09.1550	RLK	other_receptor
evm.model.chrC09.1683	RLK	lrr
evm.model.chrC09.1852	RLK	lrr
evm.model.chrC09.2061	RLK	lrr
evm.model.chrC09.234	RLK	other_receptor
evm.model.chrC09.2531	RLK	other_receptor
evm.model.chrC09.2536	RLK	lrr
evm.model.chrC09.2604	RLK	other_receptor
evm.model.chrC09.2687	RLK	other_receptor
evm.model.chrC09.2712	RLK	other_receptor
evm.model.chrC09.2749	RLK	lrr
evm.model.chrC09.2761	RLK	other_receptor
evm.model.chrC09.2762	RLK	other_receptor
evm.model.chrC09.2766	RLK	other_receptor
evm.model.chrC09.2821	RLK	lrr
evm.model.chrC09.2963	RLK	other_receptor
evm.model.chrC09.299	RLK	lrr
evm.model.chrC09.3040	RLK	lrr
evm.model.chrC09.3076	RLK	other_receptor
evm.model.chrC09.3232	RLK	other_receptor
evm.model.chrC09.3245	RLK	lrr
evm.model.chrC09.3337	RLK	other_receptor
evm.model.chrC09.3476	RLK	other_receptor
evm.model.chrC09.3492	RLK	other_receptor
evm.model.chrC09.3590	RLK	lrr
evm.model.chrC09.3591	RLK	lrr
evm.model.chrC09.3593	RLK	other_receptor
evm.model.chrC09.3596	RLK	other_receptor
evm.model.chrC09.365	RLK	other_receptor
evm.model.chrC09.3747	RLK	lrr
evm.model.chrC09.3858	RLK	other_receptor
evm.model.chrC09.3868	RLK	other_receptor
evm.model.chrC09.3898	RLK	lrr
evm.model.chrC09.41	RLK	other_receptor
evm.model.chrC09.413	RLK	lrr
evm.model.chrC09.4712	RLK	other_receptor
evm.model.chrC09.4846	RLK	lrr
evm.model.chrC09.485	RLK	other_receptor
evm.model.chrC09.5080	RLK	other_receptor
evm.model.chrC09.5172	RLK	lrr
evm.model.chrC09.531	RLK	lrr
evm.model.chrC09.5554	RLK	lrr
evm.model.chrC09.5636	RLK	other_receptor
evm.model.chrC09.5663	RLK	other_receptor
evm.model.chrC09.5956	RLK	lrr
evm.model.chrC09.6106	RLK	other_receptor
evm.model.chrC09.6312	RLK	other_receptor
evm.model.chrC09.6332	RLK	other_receptor
evm.model.chrC09.6342	RLK	other_receptor
evm.model.chrC09.6551	RLK	lrr
evm.model.chrC09.6559	RLK	other_receptor
evm.model.chrC09.6804	RLK	other_receptor
evm.model.chrC09.6904	RLK	lrr
evm.model.chrC09.6930	RLK	lrr
evm.model.chrC09.7040	RLK	other_receptor
evm.model.chrC09.7056	RLK	other_receptor
evm.model.chrC09.7107	RLK	other_receptor
evm.model.chrC09.7159	RLK	other_receptor
evm.model.chrC09.7452	RLK	lrr
evm.model.chrC09.7481	RLK	other_receptor
evm.model.chrC09.7496	RLK	other_receptor
evm.model.chrC09.75	RLK	other_receptor
evm.model.chrC09.765	RLK	lrr
evm.model.chrC09.7723	RLK	lrr
evm.model.chrC09.7724	RLK	other_receptor
evm.model.chrC09.7803	RLK	other_receptor
evm.model.chrC09.785	RLK	other_receptor
evm.model.chrC09.7902	RLK	other_receptor
evm.model.chrC09.8012	RLK	other_receptor
evm.model.chrC09.8141	RLK	lrr
evm.model.chrC09.823	RLK	other_receptor
evm.model.chrC09.8292	RLK	other_receptor
evm.model.chrC09.8293	RLK	other_receptor
evm.model.chrC09.8299	RLK	lrr
evm.model.chrC09.8301	RLK	lrr
evm.model.chrC09.8313	RLK	lrr
evm.model.chrC09.8338	RLK	other_receptor
evm.model.chrC09.8355	RLK	lrr
evm.model.chrC09.8363	RLK	lrr
evm.model.chrC09.8372	RLK	other_receptor
evm.model.chrC09.838	RLK	other_receptor
evm.model.chrC09.8520	RLK	lrr
evm.model.chrC09.899	RLK	lrr
evm.model.jcf7180001503246_firstRound.1	RLK	other_receptor
evm.model.jcf7180001504006_firstRound.1	RLK	other_receptor
evm.model.jcf7180001507990_firstRound.1	RLK	other_receptor
evm.model.jcf7180001509222_firstRound.1	RLK	other_receptor
evm.model.jcf7180001509878_firstRound.1	RLK	other_receptor
evm.model.jcf7180001520130_firstRound.1	RLK	lrr
evm.model.jcf7180001522089_firstRound.1	RLK	other_receptor
evm.model.jcf7180001522455_firstRound.1	RLK	other_receptor
evm.model.jcf7180001523914_firstRound.1	RLK	other_receptor
evm.model.jcf7180001533152_firstRound.1	RLK	other_receptor
evm.model.jcf7180002436205.1	RLK	other_receptor
evm.model.jcf7180002436242.1	RLK	other_receptor
evm.model.jcf7180002441644.1	RLK	other_receptor
evm.model.jcf7180002484004.1	RLK	lrr
evm.model.jcf7180002510089.1	RLK	other_receptor
evm.model.jcf7180002527871.1	RLK	other_receptor
evm.model.jcf7180002530451.2	RLK	other_receptor
evm.model.jcf7180002548669.1	RLK	lrr
evm.model.jcf7180002550017.1	RLK	other_receptor
evm.model.jcf7180002560433.1	RLK	other_receptor
evm.model.jcf7180002562263.1	RLK	lrr
evm.model.unplaced_contigs.3261	RLK	lrr
