evm.model.chrA01.1468	RLP	lrr
evm.model.chrA01.1471	RLP	lrr
evm.model.chrA01.1623	RLP	lrr
evm.model.chrA01.3892	RLP	lrr
evm.model.chrA01.4234	RLP	lrr
evm.model.chrA01.4386	RLP	lrr
evm.model.chrA01.4409	RLP	lrr
evm.model.chrA01.4688	RLP	lrr
evm.model.chrA01.558	RLP	lrr
evm.model.chrA02.116	RLP	lrr
evm.model.chrA02.1170	RLP	lrr
evm.model.chrA02.1207	RLP	lrr
evm.model.chrA02.3445	RLP	lrr
evm.model.chrA02.3792	RLP	lrr
evm.model.chrA02.408	RLP	lrr
evm.model.chrA02.4084	RLP	lrr
evm.model.chrA03.1027	RLP	lrr
evm.model.chrA03.1789	RLP	lrr
evm.model.chrA03.2002	RLP	lrr
evm.model.chrA03.2699	RLP	lrr
evm.model.chrA03.3228	RLP	lrr
evm.model.chrA03.3410	RLP	lrr
evm.model.chrA03.3411	RLP	lrr
evm.model.chrA03.3553	RLP	lrr
evm.model.chrA03.4201	RLP	lrr
evm.model.chrA03.4372	RLP	lrr
evm.model.chrA03.4380	RLP	lrr
evm.model.chrA03.5631	RLP	lrr
evm.model.chrA03.5633	RLP	lrr
evm.model.chrA03.82	RLP	lrr
evm.model.chrA03.89	RLP	lrr
evm.model.chrA04.2058	RLP	lrr
evm.model.chrA04.2059	RLP	lrr
evm.model.chrA04.2096	RLP	lrr
evm.model.chrA04.2125	RLP	lrr
evm.model.chrA04.2258	RLP	lrr
evm.model.chrA04.2550	RLP	lrr
evm.model.chrA04.2603	RLP	lrr
evm.model.chrA04.2608	RLP	lrr
evm.model.chrA04.2613	RLP	lrr
evm.model.chrA04.2645	RLP	lrr
evm.model.chrA04.2666	RLP	lrr
evm.model.chrA04.3634	RLP	lrr
evm.model.chrA04.690	RLP	lrr
evm.model.chrA04.909	RLP	lrr
evm.model.chrA04.910	RLP	lrr
evm.model.chrA04.915	RLP	lrr
evm.model.chrA04.916	RLP	lrr
evm.model.chrA05.1332	RLP	lrr
evm.model.chrA05.1456	RLP	lrr
evm.model.chrA05.3219	RLP	lrr
evm.model.chrA05.4872	RLP	lrr
evm.model.chrA05.5166	RLP	lrr
evm.model.chrA05.5174	RLP	lrr
evm.model.chrA05.579	RLP	lrr
evm.model.chrA05.838	RLP	lrr
evm.model.chrA06.1338	RLP	lrr
evm.model.chrA06.1738	RLP	lrr
evm.model.chrA06.1892	RLP	lrr
evm.model.chrA06.2169	RLP	lrr
evm.model.chrA06.2241	RLP	lrr
evm.model.chrA06.2247	RLP	lrr
evm.model.chrA06.2249	RLP	lrr
evm.model.chrA06.2252	RLP	lrr
evm.model.chrA06.2319	RLP	lrr
evm.model.chrA06.2320	RLP	lrr
evm.model.chrA06.2657	RLP	lysm
evm.model.chrA06.512	RLP	lrr
evm.model.chrA07.104	RLP	lrr
evm.model.chrA07.1779	RLP	lrr
evm.model.chrA07.1780	RLP	lrr
evm.model.chrA07.2595	RLP	lrr
evm.model.chrA07.2695	RLP	lrr
evm.model.chrA07.2945	RLP	lrr
evm.model.chrA07.309	RLP	lrr
evm.model.chrA07.4362	RLP	lrr
evm.model.chrA07.4571	RLP	lrr
evm.model.chrA07.462	RLP	lrr
evm.model.chrA07.4867	RLP	lrr
evm.model.chrA07.4868	RLP	lrr
evm.model.chrA07.685	RLP	lrr
evm.model.chrA08.1892	RLP	lrr
evm.model.chrA08.1897	RLP	lrr
evm.model.chrA08.1914	RLP	lrr
evm.model.chrA08.2363	RLP	lrr
evm.model.chrA08.2364	RLP	lrr
evm.model.chrA08.2594	RLP	lrr
evm.model.chrA08.2596	RLP	lrr
evm.model.chrA08.3505	RLP	lrr
evm.model.chrA08.3760	RLP	lrr
evm.model.chrA08.3930	RLP	lrr
evm.model.chrA08.4118	RLP	lrr
evm.model.chrA08.4139	RLP	lysm
evm.model.chrA08.4352	RLP	lrr
evm.model.chrA08.8	RLP	lrr
evm.model.chrA09.1007	RLP	lrr
evm.model.chrA09.1054	RLP	lrr
evm.model.chrA09.1809	RLP	lrr
evm.model.chrA09.1811	RLP	lrr
evm.model.chrA09.2126	RLP	lrr
evm.model.chrA09.343	RLP	lrr
evm.model.chrA09.5310	RLP	lrr
evm.model.chrA09.5606	RLP	lrr
evm.model.chrA09.6727	RLP	lrr
evm.model.chrA09.6968	RLP	lrr
evm.model.chrA09.7909	RLP	lrr
evm.model.chrA09.7976	RLP	lrr
evm.model.chrA09.8330	RLP	lrr
evm.model.chrA09.8331	RLP	lrr
evm.model.chrA09.8453	RLP	lrr
evm.model.chrA09.8455	RLP	lrr
evm.model.chrA09.853	RLP	lrr
evm.model.chrA10.1136	RLP	lrr
evm.model.chrA10.117	RLP	lrr
evm.model.chrA10.1984	RLP	lrr
evm.model.chrA10.260	RLP	lrr
evm.model.chrA10.261	RLP	lrr
evm.model.chrA10.262	RLP	lrr
evm.model.chrC01.1230	RLP	lrr
evm.model.chrC01.1397	RLP	lrr
evm.model.chrC01.1440	RLP	lrr
evm.model.chrC01.3840	RLP	lrr
evm.model.chrC01.4392	RLP	lrr
evm.model.chrC01.4397	RLP	lrr
evm.model.chrC01.4773	RLP	lrr
evm.model.chrC01.5020	RLP	lrr
evm.model.chrC01.5026	RLP	lrr
evm.model.chrC01.5030	RLP	lrr
evm.model.chrC01.537	RLP	lrr
evm.model.chrC01.7237	RLP	lrr
evm.model.chrC01.750	RLP	lrr
evm.model.chrC01.7880	RLP	lrr
evm.model.chrC01.7902	RLP	lrr
evm.model.chrC02.1175	RLP	lrr
evm.model.chrC02.1217	RLP	lrr
evm.model.chrC02.1223	RLP	lrr
evm.model.chrC02.1615	RLP	lrr
evm.model.chrC02.2182	RLP	lrr
evm.model.chrC02.2524	RLP	lrr
evm.model.chrC02.2584	RLP	lrr
evm.model.chrC02.2881	RLP	lrr
evm.model.chrC02.2882	RLP	lrr
evm.model.chrC02.3151	RLP	lrr
evm.model.chrC02.3291	RLP	lrr
evm.model.chrC02.3292	RLP	lrr
evm.model.chrC02.3625	RLP	lrr
evm.model.chrC02.3630	RLP	lrr
evm.model.chrC02.3632	RLP	lrr
evm.model.chrC02.3636	RLP	lrr
evm.model.chrC02.3637	RLP	lrr
evm.model.chrC02.3638	RLP	lrr
evm.model.chrC02.3639	RLP	lrr
evm.model.chrC02.3739	RLP	lrr
evm.model.chrC02.3919	RLP	lrr
evm.model.chrC02.3921	RLP	lrr
evm.model.chrC02.3922	RLP	lrr
evm.model.chrC02.3923	RLP	lrr
evm.model.chrC02.6524	RLP	lrr
evm.model.chrC02.7006	RLP	lrr
evm.model.chrC02.7007	RLP	lrr
evm.model.chrC02.762	RLP	lrr
evm.model.chrC02.764	RLP	lrr
evm.model.chrC02.766	RLP	lrr
evm.model.chrC03.10195	RLP	lrr
evm.model.chrC03.1206	RLP	lrr
evm.model.chrC03.2043	RLP	lrr
evm.model.chrC03.3660	RLP	lrr
evm.model.chrC03.3964	RLP	lrr
evm.model.chrC03.4209	RLP	lrr
evm.model.chrC03.4437	RLP	lrr
evm.model.chrC03.4621	RLP	lrr
evm.model.chrC03.4897	RLP	lrr
evm.model.chrC03.4899	RLP	lrr
evm.model.chrC03.4902	RLP	lrr
evm.model.chrC03.5409	RLP	lrr
evm.model.chrC03.5551	RLP	lrr
evm.model.chrC03.6007	RLP	lrr
evm.model.chrC03.6063	RLP	lrr
evm.model.chrC03.6247	RLP	lrr
evm.model.chrC03.7373	RLP	lrr
evm.model.chrC03.8299	RLP	lrr
evm.model.chrC03.8571	RLP	lrr
evm.model.chrC03.876	RLP	lrr
evm.model.chrC03.9279	RLP	lrr
evm.model.chrC03.9285	RLP	lrr
evm.model.chrC04.1755	RLP	lrr
evm.model.chrC04.1756	RLP	lrr
evm.model.chrC04.1773	RLP	lrr
evm.model.chrC04.1823	RLP	lrr
evm.model.chrC04.1826	RLP	lrr
evm.model.chrC04.3093	RLP	lrr
evm.model.chrC04.3359	RLP	lrr
evm.model.chrC04.3430	RLP	lrr
evm.model.chrC04.3432	RLP	lrr
evm.model.chrC04.3988	RLP	lrr
evm.model.chrC04.407	RLP	lrr
evm.model.chrC04.4215	RLP	lrr
evm.model.chrC04.4240	RLP	lrr
evm.model.chrC04.4245	RLP	lrr
evm.model.chrC04.4252	RLP	lrr
evm.model.chrC04.4256	RLP	lrr
evm.model.chrC04.4884	RLP	lrr
evm.model.chrC04.4932	RLP	lrr
evm.model.chrC04.4953	RLP	lrr
evm.model.chrC04.4976	RLP	lrr
evm.model.chrC04.6374	RLP	lrr
evm.model.chrC05.1179	RLP	lrr
evm.model.chrC05.1511	RLP	lrr
evm.model.chrC05.1571	RLP	lrr
evm.model.chrC05.1627	RLP	lrr
evm.model.chrC05.2064	RLP	lysm
evm.model.chrC05.2541	RLP	lrr
evm.model.chrC05.2878	RLP	lrr
evm.model.chrC05.305	RLP	lrr
evm.model.chrC05.5700	RLP	lrr
evm.model.chrC05.5705	RLP	lrr
evm.model.chrC05.6651	RLP	lrr
evm.model.chrC05.6678	RLP	lrr
evm.model.chrC05.857	RLP	lrr
evm.model.chrC06.1673	RLP	lrr
evm.model.chrC06.2873	RLP	lrr
evm.model.chrC06.3179	RLP	lrr
evm.model.chrC06.3703	RLP	lrr
evm.model.chrC06.4041	RLP	lrr
evm.model.chrC06.4180	RLP	lrr
evm.model.chrC06.4183	RLP	lrr
evm.model.chrC06.4185	RLP	lrr
evm.model.chrC06.4186	RLP	lrr
evm.model.chrC06.4187	RLP	lrr
evm.model.chrC06.4321	RLP	lrr
evm.model.chrC06.4402	RLP	lrr
evm.model.chrC06.4411	RLP	lrr
evm.model.chrC06.4834	RLP	lrr
evm.model.chrC06.5167	RLP	lrr
evm.model.chrC06.5169	RLP	lrr
evm.model.chrC06.5177	RLP	lrr
evm.model.chrC06.5178	RLP	lrr
evm.model.chrC06.5456	RLP	lrr
evm.model.chrC06.5457	RLP	lrr
evm.model.chrC06.5463	RLP	lrr
evm.model.chrC06.5465	RLP	lrr
evm.model.chrC06.5466	RLP	lrr
evm.model.chrC06.5470	RLP	lrr
evm.model.chrC06.5625	RLP	lrr
evm.model.chrC07.2315	RLP	lrr
evm.model.chrC07.4994	RLP	lrr
evm.model.chrC07.588	RLP	lrr
evm.model.chrC07.780	RLP	lrr
evm.model.chrC08.1874	RLP	lrr
evm.model.chrC08.1875	RLP	lrr
evm.model.chrC08.2455	RLP	lrr
evm.model.chrC08.2504	RLP	lrr
evm.model.chrC08.3129	RLP	lysm
evm.model.chrC08.3530	RLP	lrr
evm.model.chrC08.4178	RLP	lrr
evm.model.chrC08.4519	RLP	lrr
evm.model.chrC08.4560	RLP	lrr
evm.model.chrC08.5440	RLP	lrr
evm.model.chrC08.5461	RLP	lrr
evm.model.chrC08.5628	RLP	lrr
evm.model.chrC08.5945	RLP	lrr
evm.model.chrC08.6500	RLP	lrr
evm.model.chrC08.6501	RLP	lrr
evm.model.chrC08.6636	RLP	lrr
evm.model.chrC08.6637	RLP	lrr
evm.model.chrC09.1064	RLP	lrr
evm.model.chrC09.3850	RLP	lrr
evm.model.chrC09.4501	RLP	lrr
evm.model.chrC09.5834	RLP	lrr
evm.model.chrC09.7386	RLP	lrr
evm.model.chrC09.7929	RLP	lrr
evm.model.harsh7180000783655.2	RLP	lrr
evm.model.jcf7180001501241_firstRound.1	RLP	lrr
evm.model.jcf7180001503870_firstRound.1	RLP	lrr
evm.model.jcf7180001507729_firstRound.1	RLP	lrr
evm.model.jcf7180001511939_firstRound.2	RLP	lrr
evm.model.jcf7180001512181_firstRound.1	RLP	lrr
evm.model.jcf7180001522002_firstRound.1	RLP	lrr
evm.model.jcf7180001523805_firstRound.1	RLP	lrr
evm.model.jcf7180001524720_firstRound.1	RLP	lrr
evm.model.jcf7180001526309_firstRound.1	RLP	lrr
evm.model.jcf7180001533627_firstRound.1	RLP	lrr
evm.model.jcf7180001533695_firstRound.2	RLP	lrr
evm.model.jcf7180001534013_firstRound.2	RLP	lrr
evm.model.jcf7180002441859.1	RLP	lrr
evm.model.jcf7180002510089.2	RLP	lrr
evm.model.jcf7180002525210.1	RLP	lrr
evm.model.jcf7180002558009.1	RLP	lrr
evm.model.jcf7180002559281.1	RLP	lrr
evm.model.unplaced_contigs.1536	RLP	lrr
