evm.model.chrA01.1098	TM-CC
evm.model.chrA01.1244	TM-CC
evm.model.chrA01.1263	TM-CC
evm.model.chrA01.1293	TM-CC
evm.model.chrA01.1524	TM-CC
evm.model.chrA01.1638	TM-CC
evm.model.chrA01.198	TM-CC
evm.model.chrA01.2058	TM-CC
evm.model.chrA01.2071	TM-CC
evm.model.chrA01.2156	TM-CC
evm.model.chrA01.2161	TM-CC
evm.model.chrA01.2315	TM-CC
evm.model.chrA01.2536	TM-CC
evm.model.chrA01.3397	TM-CC
evm.model.chrA01.4432	TM-CC
evm.model.chrA01.975	TM-CC
evm.model.chrA02.1026	TM-CC
evm.model.chrA02.1027	TM-CC
evm.model.chrA02.1192	TM-CC
evm.model.chrA02.156	TM-CC
evm.model.chrA02.1638	TM-CC
evm.model.chrA02.1741	TM-CC
evm.model.chrA02.186	TM-CC
evm.model.chrA02.2051	TM-CC
evm.model.chrA02.2831	TM-CC
evm.model.chrA02.2957	TM-CC
evm.model.chrA02.2987	TM-CC
evm.model.chrA02.3458	TM-CC
evm.model.chrA02.3607	TM-CC
evm.model.chrA02.3645	TM-CC
evm.model.chrA02.3818	TM-CC
evm.model.chrA02.4098	TM-CC
evm.model.chrA02.4304	TM-CC
evm.model.chrA02.4329	TM-CC
evm.model.chrA02.722	TM-CC
evm.model.chrA02.91	TM-CC
evm.model.chrA02.948	TM-CC
evm.model.chrA03.1397	TM-CC
evm.model.chrA03.177	TM-CC
evm.model.chrA03.185	TM-CC
evm.model.chrA03.2159	TM-CC
evm.model.chrA03.2330	TM-CC
evm.model.chrA03.2411	TM-CC
evm.model.chrA03.2418	TM-CC
evm.model.chrA03.255	TM-CC
evm.model.chrA03.2594	TM-CC
evm.model.chrA03.2657	TM-CC
evm.model.chrA03.2904	TM-CC
evm.model.chrA03.2905	TM-CC
evm.model.chrA03.3100	TM-CC
evm.model.chrA03.3438	TM-CC
evm.model.chrA03.3706	TM-CC
evm.model.chrA03.3710	TM-CC
evm.model.chrA03.4016	TM-CC
evm.model.chrA03.4270	TM-CC
evm.model.chrA03.4431	TM-CC
evm.model.chrA03.4558	TM-CC
evm.model.chrA03.4584	TM-CC
evm.model.chrA03.4586	TM-CC
evm.model.chrA03.4805	TM-CC
evm.model.chrA03.5321	TM-CC
evm.model.chrA03.5419	TM-CC
evm.model.chrA03.5830	TM-CC
evm.model.chrA03.596	TM-CC
evm.model.chrA03.6328	TM-CC
evm.model.chrA03.6547	TM-CC
evm.model.chrA03.693	TM-CC
evm.model.chrA04.1202	TM-CC
evm.model.chrA04.1452	TM-CC
evm.model.chrA04.149	TM-CC
evm.model.chrA04.174	TM-CC
evm.model.chrA04.179	TM-CC
evm.model.chrA04.1909	TM-CC
evm.model.chrA04.1988	TM-CC
evm.model.chrA04.2113	TM-CC
evm.model.chrA04.216	TM-CC
evm.model.chrA04.242	TM-CC
evm.model.chrA04.3001	TM-CC
evm.model.chrA04.333	TM-CC
evm.model.chrA04.3552	TM-CC
evm.model.chrA04.3649	TM-CC
evm.model.chrA04.558	TM-CC
evm.model.chrA04.777	TM-CC
evm.model.chrA05.1093	TM-CC
evm.model.chrA05.1111	TM-CC
evm.model.chrA05.1339	TM-CC
evm.model.chrA05.1523	TM-CC
evm.model.chrA05.1536	TM-CC
evm.model.chrA05.1590	TM-CC
evm.model.chrA05.1692	TM-CC
evm.model.chrA05.262	TM-CC
evm.model.chrA05.2872	TM-CC
evm.model.chrA05.4417	TM-CC
evm.model.chrA05.4649	TM-CC
evm.model.chrA05.5032	TM-CC
evm.model.chrA05.5257	TM-CC
evm.model.chrA05.5284	TM-CC
evm.model.chrA05.5341	TM-CC
evm.model.chrA05.5454	TM-CC
evm.model.chrA05.5498	TM-CC
evm.model.chrA05.5696	TM-CC
evm.model.chrA05.5736	TM-CC
evm.model.chrA05.5743	TM-CC
evm.model.chrA05.5900	TM-CC
evm.model.chrA05.5986	TM-CC
evm.model.chrA05.6028	TM-CC
evm.model.chrA05.6108	TM-CC
evm.model.chrA05.6129	TM-CC
evm.model.chrA05.619	TM-CC
evm.model.chrA05.650	TM-CC
evm.model.chrA05.914	TM-CC
evm.model.chrA06.13	TM-CC
evm.model.chrA06.1707	TM-CC
evm.model.chrA06.1983	TM-CC
evm.model.chrA06.2405	TM-CC
evm.model.chrA06.2767	TM-CC
evm.model.chrA06.2877	TM-CC
evm.model.chrA06.2942	TM-CC
evm.model.chrA06.3069	TM-CC
evm.model.chrA06.3224	TM-CC
evm.model.chrA06.44	TM-CC
evm.model.chrA06.4865	TM-CC
evm.model.chrA06.4890	TM-CC
evm.model.chrA06.5008	TM-CC
evm.model.chrA06.5025	TM-CC
evm.model.chrA06.5036	TM-CC
evm.model.chrA06.5063	TM-CC
evm.model.chrA06.5236	TM-CC
evm.model.chrA06.5699	TM-CC
evm.model.chrA06.5770	TM-CC
evm.model.chrA06.5793	TM-CC
evm.model.chrA06.5808	TM-CC
evm.model.chrA06.5979	TM-CC
evm.model.chrA06.610	TM-CC
evm.model.chrA06.6226	TM-CC
evm.model.chrA06.6372	TM-CC
evm.model.chrA07.1047	TM-CC
evm.model.chrA07.106	TM-CC
evm.model.chrA07.1078	TM-CC
evm.model.chrA07.1125	TM-CC
evm.model.chrA07.1214	TM-CC
evm.model.chrA07.1402	TM-CC
evm.model.chrA07.1568	TM-CC
evm.model.chrA07.1882	TM-CC
evm.model.chrA07.2181	TM-CC
evm.model.chrA07.2259	TM-CC
evm.model.chrA07.2302	TM-CC
evm.model.chrA07.2555	TM-CC
evm.model.chrA07.2657	TM-CC
evm.model.chrA07.3654	TM-CC
evm.model.chrA07.3758	TM-CC
evm.model.chrA07.4294	TM-CC
evm.model.chrA07.4416	TM-CC
evm.model.chrA07.4426	TM-CC
evm.model.chrA07.4437	TM-CC
evm.model.chrA07.4499	TM-CC
evm.model.chrA07.4680	TM-CC
evm.model.chrA07.4922	TM-CC
evm.model.chrA07.500	TM-CC
evm.model.chrA07.513	TM-CC
evm.model.chrA07.550	TM-CC
evm.model.chrA07.588	TM-CC
evm.model.chrA07.590	TM-CC
evm.model.chrA07.591	TM-CC
evm.model.chrA07.593	TM-CC
evm.model.chrA07.79	TM-CC
evm.model.chrA08.1167	TM-CC
evm.model.chrA08.1446	TM-CC
evm.model.chrA08.1551	TM-CC
evm.model.chrA08.163	TM-CC
evm.model.chrA08.1743	TM-CC
evm.model.chrA08.2101	TM-CC
evm.model.chrA08.2495	TM-CC
evm.model.chrA08.2619	TM-CC
evm.model.chrA08.3245	TM-CC
evm.model.chrA08.3321	TM-CC
evm.model.chrA08.3824	TM-CC
evm.model.chrA08.4433	TM-CC
evm.model.chrA08.4478	TM-CC
evm.model.chrA08.4582	TM-CC
evm.model.chrA08.4707	TM-CC
evm.model.chrA08.4938	TM-CC
evm.model.chrA09.1095	TM-CC
evm.model.chrA09.1156	TM-CC
evm.model.chrA09.1308	TM-CC
evm.model.chrA09.1446	TM-CC
evm.model.chrA09.1591	TM-CC
evm.model.chrA09.2215	TM-CC
evm.model.chrA09.2232	TM-CC
evm.model.chrA09.2714	TM-CC
evm.model.chrA09.342	TM-CC
evm.model.chrA09.3534	TM-CC
evm.model.chrA09.3545	TM-CC
evm.model.chrA09.4765	TM-CC
evm.model.chrA09.4777	TM-CC
evm.model.chrA09.4804	TM-CC
evm.model.chrA09.4873	TM-CC
evm.model.chrA09.5067	TM-CC
evm.model.chrA09.5636	TM-CC
evm.model.chrA09.5713	TM-CC
evm.model.chrA09.6491	TM-CC
evm.model.chrA09.6633	TM-CC
evm.model.chrA09.7021	TM-CC
evm.model.chrA09.8132	TM-CC
evm.model.chrA09.8253	TM-CC
evm.model.chrA09.8527	TM-CC
evm.model.chrA09.926	TM-CC
evm.model.chrA10.126	TM-CC
evm.model.chrA10.1668	TM-CC
evm.model.chrA10.176	TM-CC
evm.model.chrA10.1767	TM-CC
evm.model.chrA10.2049	TM-CC
evm.model.chrA10.2092	TM-CC
evm.model.chrA10.2193	TM-CC
evm.model.chrA10.2280	TM-CC
evm.model.chrA10.2525	TM-CC
evm.model.chrA10.2628	TM-CC
evm.model.chrA10.2666	TM-CC
evm.model.chrA10.427	TM-CC
evm.model.chrC01.1293	TM-CC
evm.model.chrC01.1677	TM-CC
evm.model.chrC01.1993	TM-CC
evm.model.chrC01.2118	TM-CC
evm.model.chrC01.230	TM-CC
evm.model.chrC01.2563	TM-CC
evm.model.chrC01.2594	TM-CC
evm.model.chrC01.2641	TM-CC
evm.model.chrC01.3032	TM-CC
evm.model.chrC01.3201	TM-CC
evm.model.chrC01.3239	TM-CC
evm.model.chrC01.3315	TM-CC
evm.model.chrC01.350	TM-CC
evm.model.chrC01.3625	TM-CC
evm.model.chrC01.3673	TM-CC
evm.model.chrC01.3759	TM-CC
evm.model.chrC01.3837	TM-CC
evm.model.chrC01.398	TM-CC
evm.model.chrC01.4440	TM-CC
evm.model.chrC01.4545	TM-CC
evm.model.chrC01.4935	TM-CC
evm.model.chrC01.4950	TM-CC
evm.model.chrC01.5561	TM-CC
evm.model.chrC01.5902	TM-CC
evm.model.chrC01.6235	TM-CC
evm.model.chrC01.655	TM-CC
evm.model.chrC01.656	TM-CC
evm.model.chrC01.7046	TM-CC
evm.model.chrC01.7118	TM-CC
evm.model.chrC01.7857	TM-CC
evm.model.chrC01.910	TM-CC
evm.model.chrC02.1353	TM-CC
evm.model.chrC02.156	TM-CC
evm.model.chrC02.1611	TM-CC
evm.model.chrC02.165	TM-CC
evm.model.chrC02.1726	TM-CC
evm.model.chrC02.1869	TM-CC
evm.model.chrC02.2060	TM-CC
evm.model.chrC02.2287	TM-CC
evm.model.chrC02.2355	TM-CC
evm.model.chrC02.2959	TM-CC
evm.model.chrC02.341	TM-CC
evm.model.chrC02.3473	TM-CC
evm.model.chrC02.4017	TM-CC
evm.model.chrC02.4423	TM-CC
evm.model.chrC02.5146	TM-CC
evm.model.chrC02.5537	TM-CC
evm.model.chrC02.571	TM-CC
evm.model.chrC02.5918	TM-CC
evm.model.chrC02.6109	TM-CC
evm.model.chrC02.6254	TM-CC
evm.model.chrC02.6329	TM-CC
evm.model.chrC02.6536	TM-CC
evm.model.chrC02.6767	TM-CC
evm.model.chrC02.6804	TM-CC
evm.model.chrC02.6816	TM-CC
evm.model.chrC02.6823	TM-CC
evm.model.chrC02.7051	TM-CC
evm.model.chrC02.7346	TM-CC
evm.model.chrC02.7711	TM-CC
evm.model.chrC02.8267	TM-CC
evm.model.chrC02.8295	TM-CC
evm.model.chrC02.8340	TM-CC
evm.model.chrC02.853	TM-CC
evm.model.chrC03.10412	TM-CC
evm.model.chrC03.1136	TM-CC
evm.model.chrC03.1189	TM-CC
evm.model.chrC03.214	TM-CC
evm.model.chrC03.2450	TM-CC
evm.model.chrC03.2806	TM-CC
evm.model.chrC03.288	TM-CC
evm.model.chrC03.3028	TM-CC
evm.model.chrC03.3199	TM-CC
evm.model.chrC03.3347	TM-CC
evm.model.chrC03.359	TM-CC
evm.model.chrC03.3800	TM-CC
evm.model.chrC03.4064	TM-CC
evm.model.chrC03.4071	TM-CC
evm.model.chrC03.4469	TM-CC
evm.model.chrC03.449	TM-CC
evm.model.chrC03.450	TM-CC
evm.model.chrC03.4768	TM-CC
evm.model.chrC03.4828	TM-CC
evm.model.chrC03.5117	TM-CC
evm.model.chrC03.5861	TM-CC
evm.model.chrC03.6082	TM-CC
evm.model.chrC03.6414	TM-CC
evm.model.chrC03.6717	TM-CC
evm.model.chrC03.7142	TM-CC
evm.model.chrC03.7165	TM-CC
evm.model.chrC03.745	TM-CC
evm.model.chrC03.7457	TM-CC
evm.model.chrC03.7473	TM-CC
evm.model.chrC03.770	TM-CC
evm.model.chrC03.7759	TM-CC
evm.model.chrC03.8708	TM-CC
evm.model.chrC03.8724	TM-CC
evm.model.chrC03.9078	TM-CC
evm.model.chrC03.9670	TM-CC
evm.model.chrC03.9732	TM-CC
evm.model.chrC03.9885	TM-CC
evm.model.chrC04.1176	TM-CC
evm.model.chrC04.1563	TM-CC
evm.model.chrC04.167	TM-CC
evm.model.chrC04.2136	TM-CC
evm.model.chrC04.2848	TM-CC
evm.model.chrC04.3141	TM-CC
evm.model.chrC04.3268	TM-CC
evm.model.chrC04.3276	TM-CC
evm.model.chrC04.3452	TM-CC
evm.model.chrC04.3547	TM-CC
evm.model.chrC04.361	TM-CC
evm.model.chrC04.3766	TM-CC
evm.model.chrC04.3982	TM-CC
evm.model.chrC04.4082	TM-CC
evm.model.chrC04.463	TM-CC
evm.model.chrC04.4641	TM-CC
evm.model.chrC04.4771	TM-CC
evm.model.chrC04.4901	TM-CC
evm.model.chrC04.5087	TM-CC
evm.model.chrC04.5740	TM-CC
evm.model.chrC04.6277	TM-CC
evm.model.chrC04.6388	TM-CC
evm.model.chrC04.704	TM-CC
evm.model.chrC04.867	TM-CC
evm.model.chrC05.1138	TM-CC
evm.model.chrC05.1465	TM-CC
evm.model.chrC05.1733	TM-CC
evm.model.chrC05.1773	TM-CC
evm.model.chrC05.1911	TM-CC
evm.model.chrC05.192	TM-CC
evm.model.chrC05.1967	TM-CC
evm.model.chrC05.2349	TM-CC
evm.model.chrC05.2413	TM-CC
evm.model.chrC05.2464	TM-CC
evm.model.chrC05.2774	TM-CC
evm.model.chrC05.3006	TM-CC
evm.model.chrC05.3143	TM-CC
evm.model.chrC05.3207	TM-CC
evm.model.chrC05.461	TM-CC
evm.model.chrC05.4707	TM-CC
evm.model.chrC05.4768	TM-CC
evm.model.chrC05.4871	TM-CC
evm.model.chrC05.5281	TM-CC
evm.model.chrC05.5282	TM-CC
evm.model.chrC05.5305	TM-CC
evm.model.chrC05.5949	TM-CC
evm.model.chrC05.6090	TM-CC
evm.model.chrC05.6674	TM-CC
evm.model.chrC05.668	TM-CC
evm.model.chrC05.6783	TM-CC
evm.model.chrC05.7036	TM-CC
evm.model.chrC05.7094	TM-CC
evm.model.chrC05.7381	TM-CC
evm.model.chrC05.7572	TM-CC
evm.model.chrC05.7680	TM-CC
evm.model.chrC05.7777	TM-CC
evm.model.chrC05.7829	TM-CC
evm.model.chrC05.7911	TM-CC
evm.model.chrC06.104	TM-CC
evm.model.chrC06.1224	TM-CC
evm.model.chrC06.2487	TM-CC
evm.model.chrC06.2947	TM-CC
evm.model.chrC06.323	TM-CC
evm.model.chrC06.3259	TM-CC
evm.model.chrC06.3445	TM-CC
evm.model.chrC06.3483	TM-CC
evm.model.chrC06.3840	TM-CC
evm.model.chrC06.4101	TM-CC
evm.model.chrC06.4121	TM-CC
evm.model.chrC06.4265	TM-CC
evm.model.chrC06.4452	TM-CC
evm.model.chrC06.5001	TM-CC
evm.model.chrC06.5041	TM-CC
evm.model.chrC06.5291	TM-CC
evm.model.chrC06.5344	TM-CC
evm.model.chrC06.5501	TM-CC
evm.model.chrC06.5639	TM-CC
evm.model.chrC06.5640	TM-CC
evm.model.chrC06.6179	TM-CC
evm.model.chrC06.6212	TM-CC
evm.model.chrC07.100	TM-CC
evm.model.chrC07.1059	TM-CC
evm.model.chrC07.1062	TM-CC
evm.model.chrC07.16	TM-CC
evm.model.chrC07.166	TM-CC
evm.model.chrC07.2744	TM-CC
evm.model.chrC07.2882	TM-CC
evm.model.chrC07.3217	TM-CC
evm.model.chrC07.3274	TM-CC
evm.model.chrC07.3544	TM-CC
evm.model.chrC07.3836	TM-CC
evm.model.chrC07.4252	TM-CC
evm.model.chrC07.4277	TM-CC
evm.model.chrC07.4406	TM-CC
evm.model.chrC07.4516	TM-CC
evm.model.chrC07.5152	TM-CC
evm.model.chrC07.5392	TM-CC
evm.model.chrC07.637	TM-CC
evm.model.chrC07.955	TM-CC
evm.model.chrC08.1121	TM-CC
evm.model.chrC08.2275	TM-CC
evm.model.chrC08.2387	TM-CC
evm.model.chrC08.2586	TM-CC
evm.model.chrC08.2815	TM-CC
evm.model.chrC08.2817	TM-CC
evm.model.chrC08.2836	TM-CC
evm.model.chrC08.3404	TM-CC
evm.model.chrC08.3586	TM-CC
evm.model.chrC08.3719	TM-CC
evm.model.chrC08.4252	TM-CC
evm.model.chrC08.4548	TM-CC
evm.model.chrC08.4632	TM-CC
evm.model.chrC08.5797	TM-CC
evm.model.chrC08.5957	TM-CC
evm.model.chrC08.6426	TM-CC
evm.model.chrC08.6709	TM-CC
evm.model.chrC08.78	TM-CC
evm.model.chrC09.1172	TM-CC
evm.model.chrC09.1361	TM-CC
evm.model.chrC09.1436	TM-CC
evm.model.chrC09.1442	TM-CC
evm.model.chrC09.1732	TM-CC
evm.model.chrC09.1933	TM-CC
evm.model.chrC09.2151	TM-CC
evm.model.chrC09.2379	TM-CC
evm.model.chrC09.2970	TM-CC
evm.model.chrC09.3289	TM-CC
evm.model.chrC09.3511	TM-CC
evm.model.chrC09.3932	TM-CC
evm.model.chrC09.4019	TM-CC
evm.model.chrC09.4039	TM-CC
evm.model.chrC09.4215	TM-CC
evm.model.chrC09.427	TM-CC
evm.model.chrC09.447	TM-CC
evm.model.chrC09.4470	TM-CC
evm.model.chrC09.4696	TM-CC
evm.model.chrC09.4937	TM-CC
evm.model.chrC09.5425	TM-CC
evm.model.chrC09.5537	TM-CC
evm.model.chrC09.6205	TM-CC
evm.model.chrC09.6284	TM-CC
evm.model.chrC09.6905	TM-CC
evm.model.chrC09.6943	TM-CC
evm.model.chrC09.7650	TM-CC
evm.model.chrC09.8023	TM-CC
evm.model.chrC09.8068	TM-CC
evm.model.chrC09.8278	TM-CC
evm.model.chrC09.8544	TM-CC
evm.model.chrC09.8571	TM-CC
evm.model.chrC09.977	TM-CC
evm.model.harsh7180000815546.1	TM-CC
evm.model.jcf7180002482974.2	TM-CC
evm.model.jcf7180002510089.4	TM-CC
evm.model.unplaced_contigs.2679	TM-CC
evm.model.unplaced_contigs.2836	TM-CC
evm.model.unplaced_contigs.493	TM-CC
