evm.model.C1.1033	RLK	other_receptor
evm.model.C1.1035	RLK	lrr
evm.model.C1.1047	RLK	lrr
evm.model.C1.1147	RLK	other_receptor
evm.model.C1.1149	RLK	other_receptor
evm.model.C1.1204	RLK	lrr
evm.model.C1.1213	RLK	other_receptor
evm.model.C1.1356	RLK	lrr
evm.model.C1.1368	RLK	lrr
evm.model.C1.1406	RLK	lrr
evm.model.C1.1407	RLK	lrr
evm.model.C1.1457	RLK	other_receptor
evm.model.C1.1458	RLK	other_receptor
evm.model.C1.1526	RLK	other_receptor
evm.model.C1.1549	RLK	lrr
evm.model.C1.1614	RLK	lrr
evm.model.C1.1638	RLK	other_receptor
evm.model.C1.1642	RLK	other_receptor
evm.model.C1.1669	RLK	other_receptor
evm.model.C1.1670	RLK	other_receptor
evm.model.C1.1677	RLK	other_receptor
evm.model.C1.1678	RLK	other_receptor
evm.model.C1.1679	RLK	other_receptor
evm.model.C1.1680	RLK	other_receptor
evm.model.C1.1757	RLK	lrr
evm.model.C1.197	RLK	lrr
evm.model.C1.2109	RLK	lrr
evm.model.C1.2189	RLK	other_receptor
evm.model.C1.2437	RLK	other_receptor
evm.model.C1.2688	RLK	lrr
evm.model.C1.2696	RLK	other_receptor
evm.model.C1.282	RLK	lrr
evm.model.C1.2889	RLK	other_receptor
evm.model.C1.3278	RLK	lrr
evm.model.C1.3577	RLK	lrr
evm.model.C1.3594	RLK	lrr
evm.model.C1.3664	RLK	other_receptor
evm.model.C1.3666	RLK	other_receptor
evm.model.C1.3835	RLK	lrr
evm.model.C1.41	RLK	other_receptor
evm.model.C1.4203	RLK	other_receptor
evm.model.C1.4262	RLK	lrr
evm.model.C1.4348	RLK	other_receptor
evm.model.C1.4451	RLK	lrr
evm.model.C1.4607	RLK	other_receptor
evm.model.C1.463	RLK	lrr
evm.model.C1.4732	RLK	lrr
evm.model.C1.4788	RLK	lrr
evm.model.C1.483	RLK	other_receptor
evm.model.C1.4907	RLK	lrr
evm.model.C1.52	RLK	lrr
evm.model.C1.5248	RLK	other_receptor
evm.model.C1.5251	RLK	other_receptor
evm.model.C1.5586	RLK	lrr
evm.model.C1.5631	RLK	lrr
evm.model.C1.597	RLK	other_receptor
evm.model.C1.641	RLK	other_receptor
evm.model.C1.642	RLK	other_receptor
evm.model.C1.648	RLK	other_receptor
evm.model.C1.664	RLK	other_receptor
evm.model.C1.735	RLK	other_receptor
evm.model.C1.736	RLK	lrr
evm.model.C1.744	RLK	other_receptor
evm.model.C1.751	RLK	other_receptor
evm.model.C1.752	RLK	other_receptor
evm.model.C1.763	RLK	other_receptor
evm.model.C1.941	RLK	lrr
evm.model.C2.1038	RLK	lrr
evm.model.C2.1199	RLK	other_receptor
evm.model.C2.12	RLK	lrr
evm.model.C2.1259	RLK	lrr
evm.model.C2.1368	RLK	other_receptor
evm.model.C2.1369	RLK	other_receptor
evm.model.C2.1374	RLK	lrr
evm.model.C2.1578	RLK	lrr
evm.model.C2.1769	RLK	other_receptor
evm.model.C2.1779	RLK	lrr
evm.model.C2.1882	RLK	other_receptor
evm.model.C2.1955	RLK	other_receptor
evm.model.C2.2185	RLK	other_receptor
evm.model.C2.2188	RLK	other_receptor
evm.model.C2.2195	RLK	other_receptor
evm.model.C2.2204	RLK	other_receptor
evm.model.C2.2210	RLK	other_receptor
evm.model.C2.2334	RLK	lrr
evm.model.C2.2372	RLK	lrr
evm.model.C2.25	RLK	other_receptor
evm.model.C2.2517	RLK	lrr
evm.model.C2.253	RLK	other_receptor
evm.model.C2.2628	RLK	other_receptor
evm.model.C2.2654	RLK	lrr
evm.model.C2.2664	RLK	other_receptor
evm.model.C2.2854	RLK	lrr
evm.model.C2.2871	RLK	lrr
evm.model.C2.33	RLK	other_receptor
evm.model.C2.3473	RLK	lrr
evm.model.C2.3475	RLK	other_receptor
evm.model.C2.3477	RLK	other_receptor
evm.model.C2.3497	RLK	other_receptor
evm.model.C2.3586	RLK	lrr
evm.model.C2.3655	RLK	other_receptor
evm.model.C2.3764	RLK	other_receptor
evm.model.C2.378	RLK	lrr
evm.model.C2.3787	RLK	other_receptor
evm.model.C2.3851	RLK	other_receptor
evm.model.C2.3862	RLK	other_receptor
evm.model.C2.3870	RLK	other_receptor
evm.model.C2.389	RLK	other_receptor
evm.model.C2.4165	RLK	other_receptor
evm.model.C2.4224	RLK	other_receptor
evm.model.C2.4325	RLK	lrr
evm.model.C2.4335	RLK	lrr
evm.model.C2.4513	RLK	lrr
evm.model.C2.4529	RLK	lrr
evm.model.C2.4639	RLK	lrr
evm.model.C2.4668	RLK	lrr
evm.model.C2.4772	RLK	other_receptor
evm.model.C2.485	RLK	other_receptor
evm.model.C2.4947	RLK	lrr
evm.model.C2.5003	RLK	lrr
evm.model.C2.5013	RLK	other_receptor
evm.model.C2.520	RLK	other_receptor
evm.model.C2.5365	RLK	lrr
evm.model.C2.5416	RLK	other_receptor
evm.model.C2.5625	RLK	other_receptor
evm.model.C2.5711	RLK	other_receptor
evm.model.C2.6254	RLK	other_receptor
evm.model.C2.726	RLK	lrr
evm.model.C2.747	RLK	lrr
evm.model.C2.782	RLK	lrr
evm.model.C2.984	RLK	other_receptor
evm.model.C3.1165	RLK	lrr
evm.model.C3.1258	RLK	lrr
evm.model.C3.1268	RLK	lrr
evm.model.C3.135	RLK	other_receptor
evm.model.C3.1487	RLK	other_receptor
evm.model.C3.1725	RLK	other_receptor
evm.model.C3.1811	RLK	lrr
evm.model.C3.1997	RLK	lrr
evm.model.C3.2022	RLK	other_receptor
evm.model.C3.2073	RLK	other_receptor
evm.model.C3.2086	RLK	lrr
evm.model.C3.2113	RLK	lrr
evm.model.C3.2204	RLK	other_receptor
evm.model.C3.2296	RLK	other_receptor
evm.model.C3.23	RLK	lrr
evm.model.C3.2314	RLK	other_receptor
evm.model.C3.2495	RLK	other_receptor
evm.model.C3.25	RLK	lrr
evm.model.C3.2744	RLK	other_receptor
evm.model.C3.2917	RLK	lrr
evm.model.C3.2939	RLK	other_receptor
evm.model.C3.2967	RLK	lrr
evm.model.C3.2968	RLK	lrr
evm.model.C3.2989	RLK	other_receptor
evm.model.C3.3053	RLK	other_receptor
evm.model.C3.320	RLK	lrr
evm.model.C3.3213	RLK	lrr
evm.model.C3.3246	RLK	other_receptor
evm.model.C3.3465	RLK	other_receptor
evm.model.C3.3537	RLK	other_receptor
evm.model.C3.3549	RLK	other_receptor
evm.model.C3.3615	RLK	lrr
evm.model.C3.4270	RLK	lrr
evm.model.C3.4275	RLK	lrr
evm.model.C3.4278	RLK	lrr
evm.model.C3.4557	RLK	other_receptor
evm.model.C3.459	RLK	lrr
evm.model.C3.4668	RLK	lrr
evm.model.C3.4680	RLK	other_receptor
evm.model.C3.47	RLK	other_receptor
evm.model.C3.4738	RLK	lrr
evm.model.C3.4843	RLK	other_receptor
evm.model.C3.4952	RLK	lrr
evm.model.C3.5104	RLK	lrr
evm.model.C3.5200	RLK	lrr
evm.model.C3.5331	RLK	other_receptor
evm.model.C3.5462	RLK	lrr
evm.model.C3.5479	RLK	other_receptor
evm.model.C3.5535	RLK	lrr
evm.model.C3.5720	RLK	lrr
evm.model.C3.576	RLK	other_receptor
evm.model.C3.5912	RLK	lrr
evm.model.C3.6395	RLK	other_receptor
evm.model.C3.6491	RLK	lrr
evm.model.C3.6637	RLK	other_receptor
evm.model.C3.6639	RLK	lrr
evm.model.C3.670	RLK	lrr
evm.model.C3.6770	RLK	other_receptor
evm.model.C3.6840	RLK	other_receptor
evm.model.C3.7075	RLK	lrr
evm.model.C3.7106	RLK	other_receptor
evm.model.C3.7151	RLK	lrr
evm.model.C3.7152	RLK	other_receptor
evm.model.C3.7207	RLK	other_receptor
evm.model.C3.7248	RLK	lrr
evm.model.C3.7313	RLK	other_receptor
evm.model.C3.7320	RLK	lrr
evm.model.C3.7590	RLK	other_receptor
evm.model.C3.764	RLK	lrr
evm.model.C3.7654	RLK	other_receptor
evm.model.C3.7749	RLK	lrr
evm.model.C3.7812	RLK	lrr
evm.model.C3.7847	RLK	lrr
evm.model.C3.7894	RLK	other_receptor
evm.model.C3.7902	RLK	other_receptor
evm.model.C3.7903	RLK	other_receptor
evm.model.C3.8150	RLK	other_receptor
evm.model.C3.8249	RLK	other_receptor
evm.model.C3.8386	RLK	lrr
evm.model.C3.8435	RLK	other_receptor
evm.model.C3.8437	RLK	other_receptor
evm.model.C3.8459	RLK	lysm
evm.model.C3.8562	RLK	lrr
evm.model.C3.8695	RLK	lrr
evm.model.C3.8736	RLK	lrr
evm.model.C3.8737	RLK	lrr
evm.model.C3.982	RLK	other_receptor
evm.model.C4.1030	RLK	lrr
evm.model.C4.1358	RLK	other_receptor
evm.model.C4.1361	RLK	other_receptor
evm.model.C4.1647	RLK	other_receptor
evm.model.C4.1713	RLK	other_receptor
evm.model.C4.1729	RLK	other_receptor
evm.model.C4.1765	RLK	other_receptor
evm.model.C4.1821	RLK	other_receptor
evm.model.C4.1864	RLK	other_receptor
evm.model.C4.1966	RLK	other_receptor
evm.model.C4.1988	RLK	lrr
evm.model.C4.1991	RLK	other_receptor
evm.model.C4.2260	RLK	lrr
evm.model.C4.2348	RLK	lrr
evm.model.C4.2617	RLK	other_receptor
evm.model.C4.2619	RLK	other_receptor
evm.model.C4.2637	RLK	other_receptor
evm.model.C4.268	RLK	lrr
evm.model.C4.2833	RLK	lrr
evm.model.C4.3005	RLK	other_receptor
evm.model.C4.3494	RLK	lrr
evm.model.C4.3495	RLK	other_receptor
evm.model.C4.3592	RLK	other_receptor
evm.model.C4.360	RLK	other_receptor
evm.model.C4.3863	RLK	other_receptor
evm.model.C4.3983	RLK	other_receptor
evm.model.C4.4215	RLK	other_receptor
evm.model.C4.4219	RLK	other_receptor
evm.model.C4.4220	RLK	other_receptor
evm.model.C4.4456	RLK	other_receptor
evm.model.C4.4516	RLK	other_receptor
evm.model.C4.4595	RLK	other_receptor
evm.model.C4.4698	RLK	other_receptor
evm.model.C4.4868	RLK	other_receptor
evm.model.C4.4870	RLK	other_receptor
evm.model.C4.4871	RLK	other_receptor
evm.model.C4.4878	RLK	other_receptor
evm.model.C4.4906	RLK	lysm
evm.model.C4.4922	RLK	other_receptor
evm.model.C4.4942	RLK	lrr
evm.model.C4.5036	RLK	other_receptor
evm.model.C4.5050	RLK	other_receptor
evm.model.C4.5066	RLK	other_receptor
evm.model.C4.5085	RLK	other_receptor
evm.model.C4.5143	RLK	lrr
evm.model.C4.5328	RLK	lrr
evm.model.C4.5329	RLK	lrr
evm.model.C4.5433	RLK	other_receptor
evm.model.C4.5599	RLK	lrr
evm.model.C4.5600	RLK	lrr
evm.model.C4.5695	RLK	lrr
evm.model.C4.5733	RLK	lysm
evm.model.C4.574	RLK	lrr
evm.model.C4.5777	RLK	other_receptor
evm.model.C4.5883	RLK	lrr
evm.model.C4.6257	RLK	other_receptor
evm.model.C4.6261	RLK	other_receptor
evm.model.C4.6311	RLK	other_receptor
evm.model.C4.6362	RLK	lrr
evm.model.C4.6373	RLK	other_receptor
evm.model.C4.6393	RLK	lrr
evm.model.C4.6490	RLK	other_receptor
evm.model.C4.6591	RLK	lrr
evm.model.C4.6608	RLK	other_receptor
evm.model.C4.6652	RLK	other_receptor
evm.model.C5.1034	RLK	lrr
evm.model.C5.1188	RLK	lrr
evm.model.C5.1395	RLK	other_receptor
evm.model.C5.1397	RLK	other_receptor
evm.model.C5.1514	RLK	lrr
evm.model.C5.1541	RLK	other_receptor
evm.model.C5.1556	RLK	lrr
evm.model.C5.1566	RLK	other_receptor
evm.model.C5.1586	RLK	other_receptor
evm.model.C5.1674	RLK	other_receptor
evm.model.C5.1899	RLK	other_receptor
evm.model.C5.1901	RLK	other_receptor
evm.model.C5.1903	RLK	other_receptor
evm.model.C5.206	RLK	other_receptor
evm.model.C5.2082	RLK	other_receptor
evm.model.C5.2160	RLK	other_receptor
evm.model.C5.2226	RLK	lrr
evm.model.C5.2308	RLK	other_receptor
evm.model.C5.2343	RLK	other_receptor
evm.model.C5.2347	RLK	other_receptor
evm.model.C5.2349	RLK	other_receptor
evm.model.C5.2355	RLK	lrr
evm.model.C5.2764	RLK	lrr
evm.model.C5.2871	RLK	lrr
evm.model.C5.2950	RLK	other_receptor
evm.model.C5.2989	RLK	other_receptor
evm.model.C5.3013	RLK	other_receptor
evm.model.C5.3566	RLK	lrr
evm.model.C5.3661	RLK	lrr
evm.model.C5.3689	RLK	lrr
evm.model.C5.3759	RLK	lrr
evm.model.C5.4188	RLK	other_receptor
evm.model.C5.4593	RLK	other_receptor
evm.model.C5.4673	RLK	other_receptor
evm.model.C5.4834	RLK	lrr
evm.model.C5.492	RLK	lrr
evm.model.C5.5046	RLK	other_receptor
evm.model.C5.5358	RLK	lrr
evm.model.C5.552	RLK	lrr
evm.model.C5.563	RLK	lrr
evm.model.C5.5706	RLK	other_receptor
evm.model.C5.5798	RLK	lrr
evm.model.C5.5941	RLK	other_receptor
evm.model.C5.6190	RLK	lrr
evm.model.C5.6239	RLK	lrr
evm.model.C5.6338	RLK	other_receptor
evm.model.C5.776	RLK	lrr
evm.model.C5.843	RLK	other_receptor
evm.model.C5.862	RLK	lrr
evm.model.C5.882	RLK	lrr
evm.model.C5.897	RLK	other_receptor
evm.model.C5.898	RLK	other_receptor
evm.model.C5.901	RLK	other_receptor
evm.model.C5.902	RLK	other_receptor
evm.model.C5.908	RLK	other_receptor
evm.model.C5.910	RLK	other_receptor
evm.model.C6.1191	RLK	lrr
evm.model.C6.1200	RLK	lrr
evm.model.C6.1202	RLK	lrr
evm.model.C6.1203	RLK	lrr
evm.model.C6.1207	RLK	lrr
evm.model.C6.1321	RLK	other_receptor
evm.model.C6.1451	RLK	other_receptor
evm.model.C6.1753	RLK	other_receptor
evm.model.C6.1770	RLK	other_receptor
evm.model.C6.1832	RLK	other_receptor
evm.model.C6.1898	RLK	lrr
evm.model.C6.2214	RLK	other_receptor
evm.model.C6.2242	RLK	lrr
evm.model.C6.2433	RLK	lrr
evm.model.C6.2468	RLK	other_receptor
evm.model.C6.2489	RLK	other_receptor
evm.model.C6.2890	RLK	other_receptor
evm.model.C6.2892	RLK	other_receptor
evm.model.C6.3016	RLK	lrr
evm.model.C6.3301	RLK	lrr
evm.model.C6.3343	RLK	lrr
evm.model.C6.3358	RLK	lrr
evm.model.C6.3389	RLK	lrr
evm.model.C6.3494	RLK	other_receptor
evm.model.C6.350	RLK	other_receptor
evm.model.C6.3503	RLK	other_receptor
evm.model.C6.3505	RLK	other_receptor
evm.model.C6.3590	RLK	other_receptor
evm.model.C6.3774	RLK	lrr
evm.model.C6.3824	RLK	other_receptor
evm.model.C6.3831	RLK	lrr
evm.model.C6.3836	RLK	other_receptor
evm.model.C6.3839	RLK	other_receptor
evm.model.C6.3841	RLK	other_receptor
evm.model.C6.3842	RLK	other_receptor
evm.model.C6.3845	RLK	other_receptor
evm.model.C6.3846	RLK	other_receptor
evm.model.C6.3847	RLK	other_receptor
evm.model.C6.3849	RLK	other_receptor
evm.model.C6.3886	RLK	lrr
evm.model.C6.3914	RLK	lrr
evm.model.C6.396	RLK	other_receptor
evm.model.C6.4033	RLK	other_receptor
evm.model.C6.4180	RLK	lrr
evm.model.C6.4195	RLK	other_receptor
evm.model.C6.4197	RLK	other_receptor
evm.model.C6.4225	RLK	other_receptor
evm.model.C6.4404	RLK	lrr
evm.model.C6.4413	RLK	lrr
evm.model.C6.4517	RLK	other_receptor
evm.model.C6.4592	RLK	lrr
evm.model.C6.4685	RLK	lrr
evm.model.C6.4706	RLK	lrr
evm.model.C6.4722	RLK	lrr
evm.model.C6.4941	RLK	other_receptor
evm.model.C6.4980	RLK	lrr
evm.model.C6.5039	RLK	other_receptor
evm.model.C6.5040	RLK	other_receptor
evm.model.C6.5074	RLK	other_receptor
evm.model.C6.601	RLK	other_receptor
evm.model.C6.619	RLK	lrr
evm.model.C6.621	RLK	lrr
evm.model.C6.622	RLK	lrr
evm.model.C6.627	RLK	lysm
evm.model.C6.894	RLK	lrr
evm.model.C7.1306	RLK	lrr
evm.model.C7.1340	RLK	lrr
evm.model.C7.1458	RLK	other_receptor
evm.model.C7.1522	RLK	other_receptor
evm.model.C7.1557	RLK	other_receptor
evm.model.C7.1568	RLK	lrr
evm.model.C7.1571	RLK	lrr
evm.model.C7.1676	RLK	lrr
evm.model.C7.1821	RLK	lrr
evm.model.C7.1850	RLK	other_receptor
evm.model.C7.2162	RLK	other_receptor
evm.model.C7.2163	RLK	other_receptor
evm.model.C7.2358	RLK	lrr
evm.model.C7.2362	RLK	lrr
evm.model.C7.2396	RLK	lrr
evm.model.C7.2407	RLK	lrr
evm.model.C7.2467	RLK	other_receptor
evm.model.C7.2560	RLK	lrr
evm.model.C7.2846	RLK	lrr
evm.model.C7.2847	RLK	other_receptor
evm.model.C7.2848	RLK	other_receptor
evm.model.C7.2863	RLK	other_receptor
evm.model.C7.3085	RLK	lrr
evm.model.C7.3152	RLK	lrr
evm.model.C7.3157	RLK	lrr
evm.model.C7.3202	RLK	lrr
evm.model.C7.3232	RLK	lrr
evm.model.C7.3254	RLK	lrr
evm.model.C7.3359	RLK	lrr
evm.model.C7.3410	RLK	other_receptor
evm.model.C7.3525	RLK	other_receptor
evm.model.C7.361	RLK	other_receptor
evm.model.C7.3736	RLK	lrr
evm.model.C7.3820	RLK	lrr
evm.model.C7.3842	RLK	other_receptor
evm.model.C7.3918	RLK	other_receptor
evm.model.C7.3933	RLK	other_receptor
evm.model.C7.3944	RLK	other_receptor
evm.model.C7.4104	RLK	lrr
evm.model.C7.4174	RLK	other_receptor
evm.model.C7.4249	RLK	other_receptor
evm.model.C7.4281	RLK	other_receptor
evm.model.C7.4282	RLK	other_receptor
evm.model.C7.4287	RLK	other_receptor
evm.model.C7.4314	RLK	other_receptor
evm.model.C7.4371	RLK	other_receptor
evm.model.C7.4372	RLK	other_receptor
evm.model.C7.4428	RLK	lrr
evm.model.C7.4433	RLK	other_receptor
evm.model.C7.4457	RLK	lrr
evm.model.C7.4547	RLK	other_receptor
evm.model.C7.4717	RLK	other_receptor
evm.model.C7.4839	RLK	other_receptor
evm.model.C7.4911	RLK	other_receptor
evm.model.C7.4955	RLK	lrr
evm.model.C7.4965	RLK	lrr
evm.model.C7.5071	RLK	other_receptor
evm.model.C7.5107	RLK	other_receptor
evm.model.C7.5114	RLK	other_receptor
evm.model.C7.5116	RLK	other_receptor
evm.model.C7.5141	RLK	other_receptor
evm.model.C7.5155	RLK	lrr
evm.model.C7.5255	RLK	other_receptor
evm.model.C7.5278	RLK	other_receptor
evm.model.C7.5380	RLK	other_receptor
evm.model.C7.5620	RLK	lrr
evm.model.C7.5653	RLK	other_receptor
evm.model.C7.5665	RLK	other_receptor
evm.model.C7.5735	RLK	other_receptor
evm.model.C7.5779	RLK	lrr
evm.model.C7.6093	RLK	lrr
evm.model.C7.6098	RLK	lrr
evm.model.C7.6108	RLK	other_receptor
evm.model.C7.6127	RLK	other_receptor
evm.model.C7.6153	RLK	other_receptor
evm.model.C7.667	RLK	other_receptor
evm.model.C7.690	RLK	lrr
evm.model.C7.81	RLK	other_receptor
evm.model.C7.885	RLK	lrr
evm.model.C7.903	RLK	lrr
evm.model.C8.1011	RLK	lrr
evm.model.C8.151	RLK	other_receptor
evm.model.C8.153	RLK	other_receptor
evm.model.C8.1838	RLK	other_receptor
evm.model.C8.1907	RLK	lrr
evm.model.C8.194	RLK	lrr
evm.model.C8.2024	RLK	lrr
evm.model.C8.2083	RLK	other_receptor
evm.model.C8.2105	RLK	lrr
evm.model.C8.2132	RLK	other_receptor
evm.model.C8.2142	RLK	other_receptor
evm.model.C8.2381	RLK	other_receptor
evm.model.C8.2566	RLK	other_receptor
evm.model.C8.2677	RLK	other_receptor
evm.model.C8.2680	RLK	other_receptor
evm.model.C8.2684	RLK	other_receptor
evm.model.C8.2685	RLK	other_receptor
evm.model.C8.2688	RLK	other_receptor
evm.model.C8.2792	RLK	other_receptor
evm.model.C8.2814	RLK	other_receptor
evm.model.C8.3266	RLK	other_receptor
evm.model.C8.3285	RLK	other_receptor
evm.model.C8.3449	RLK	lrr
evm.model.C8.3675	RLK	other_receptor
evm.model.C8.3689	RLK	other_receptor
evm.model.C8.3698	RLK	lrr
evm.model.C8.3731	RLK	lrr
evm.model.C8.3874	RLK	lrr
evm.model.C8.3938	RLK	other_receptor
evm.model.C8.3977	RLK	other_receptor
evm.model.C8.4166	RLK	other_receptor
evm.model.C8.4167	RLK	other_receptor
evm.model.C8.428	RLK	lrr
evm.model.C8.4328	RLK	lrr
evm.model.C8.4363	RLK	other_receptor
evm.model.C8.4463	RLK	lrr
evm.model.C8.4499	RLK	other_receptor
evm.model.C8.4511	RLK	other_receptor
evm.model.C8.4596	RLK	other_receptor
evm.model.C8.4728	RLK	other_receptor
evm.model.C8.4795	RLK	other_receptor
evm.model.C8.4895	RLK	other_receptor
evm.model.C8.4912	RLK	other_receptor
evm.model.C8.4918	RLK	other_receptor
evm.model.C8.4919	RLK	other_receptor
evm.model.C8.4920	RLK	other_receptor
evm.model.C8.4960	RLK	other_receptor
evm.model.C8.5239	RLK	other_receptor
evm.model.C8.5254	RLK	other_receptor
evm.model.C8.5334	RLK	lrr
evm.model.C8.5443	RLK	lrr
evm.model.C8.821	RLK	lrr
evm.model.C8.835	RLK	other_receptor
evm.model.C8.866	RLK	lrr
evm.model.C9.1011	RLK	lrr
evm.model.C9.1067	RLK	lrr
evm.model.C9.1187	RLK	lrr
evm.model.C9.1302	RLK	other_receptor
evm.model.C9.1358	RLK	other_receptor
evm.model.C9.1522	RLK	other_receptor
evm.model.C9.1527	RLK	lrr
evm.model.C9.1688	RLK	lrr
evm.model.C9.1849	RLK	other_receptor
evm.model.C9.1862	RLK	lrr
evm.model.C9.1907	RLK	other_receptor
evm.model.C9.1908	RLK	other_receptor
evm.model.C9.1910	RLK	other_receptor
evm.model.C9.1915	RLK	other_receptor
evm.model.C9.210	RLK	other_receptor
evm.model.C9.2150	RLK	other_receptor
evm.model.C9.2219	RLK	other_receptor
evm.model.C9.2288	RLK	lrr
evm.model.C9.2522	RLK	lrr
evm.model.C9.275	RLK	lrr
evm.model.C9.2939	RLK	other_receptor
evm.model.C9.314	RLK	other_receptor
evm.model.C9.34	RLK	other_receptor
evm.model.C9.3401	RLK	other_receptor
evm.model.C9.3421	RLK	other_receptor
evm.model.C9.3437	RLK	other_receptor
evm.model.C9.3447	RLK	other_receptor
evm.model.C9.3448	RLK	other_receptor
evm.model.C9.3546	RLK	lrr
evm.model.C9.3556	RLK	lrr
evm.model.C9.361	RLK	lrr
evm.model.C9.3784	RLK	lrr
evm.model.C9.3976	RLK	other_receptor
evm.model.C9.4092	RLK	other_receptor
evm.model.C9.4097	RLK	lrr
evm.model.C9.4150	RLK	other_receptor
evm.model.C9.434	RLK	other_receptor
evm.model.C9.4351	RLK	other_receptor
evm.model.C9.4378	RLK	lrr
evm.model.C9.4486	RLK	other_receptor
evm.model.C9.4669	RLK	other_receptor
evm.model.C9.4694	RLK	other_receptor
evm.model.C9.478	RLK	lrr
evm.model.C9.4836	RLK	lrr
evm.model.C9.4845	RLK	lrr
evm.model.C9.4856	RLK	other_receptor
evm.model.C9.5148	RLK	lrr
evm.model.C9.5253	RLK	other_receptor
evm.model.C9.5264	RLK	other_receptor
evm.model.C9.5606	RLK	lrr
evm.model.C9.5655	RLK	lrr
evm.model.C9.5681	RLK	other_receptor
evm.model.C9.5691	RLK	other_receptor
evm.model.C9.5825	RLK	lrr
evm.model.C9.5899	RLK	other_receptor
evm.model.C9.5973	RLK	other_receptor
evm.model.C9.6188	RLK	lrr
evm.model.C9.6349	RLK	other_receptor
evm.model.C9.6350	RLK	other_receptor
evm.model.C9.6356	RLK	lrr
evm.model.C9.6369	RLK	lrr
evm.model.C9.6401	RLK	other_receptor
evm.model.C9.6410	RLK	lrr
evm.model.C9.6418	RLK	lrr
evm.model.C9.6425	RLK	other_receptor
evm.model.C9.6569	RLK	lrr
evm.model.C9.66	RLK	other_receptor
evm.model.C9.6815	RLK	other_receptor
evm.model.C9.702	RLK	lrr
evm.model.C9.730	RLK	other_receptor
evm.model.C9.761	RLK	other_receptor
evm.model.C9.778	RLK	other_receptor
evm.model.C9.836	RLK	lrr
evm.model.C9.889	RLK	lrr
evm.model.Scaffold00285.38	RLK	other_receptor
evm.model.Scaffold00613.6	RLK	lrr
evm.model.Scaffold00626.4	RLK	other_receptor
evm.model.Scaffold00667.20	RLK	other_receptor
evm.model.Scaffold00703.10	RLK	other_receptor
evm.model.Scaffold00877.3	RLK	other_receptor
evm.model.Scaffold00911.3	RLK	other_receptor
evm.model.Scaffold00934.5	RLK	lrr
evm.model.Scaffold00940.5	RLK	lrr
evm.model.Scaffold00946.5	RLK	other_receptor
evm.model.Scaffold01029.1	RLK	lrr
evm.model.Scaffold01075.3	RLK	lrr
evm.model.Scaffold01135.1	RLK	lrr
evm.model.Scaffold01167.5	RLK	other_receptor
evm.model.Scaffold01178.2	RLK	lrr
evm.model.Scaffold01212.3	RLK	lrr
evm.model.Scaffold01309.1	RLK	other_receptor
evm.model.Scaffold01385.3	RLK	lrr
evm.model.Scaffold01408.1	RLK	other_receptor
evm.model.Scaffold01628.2	RLK	other_receptor
evm.model.Scaffold01684.1	RLK	other_receptor
evm.model.Scaffold02012.1	RLK	other_receptor
evm.model.jcf7180001448370_firstRound.1	RLK	lrr
evm.model.jcf7180001448554_firstRound.1	RLK	other_receptor
evm.model.jcf7180001448919_firstRound.1	RLK	other_receptor
evm.model.jcf7180001448959_firstRound.1	RLK	other_receptor
evm.model.jcf7180001449568_firstRound.1	RLK	other_receptor
evm.model.jcf7180001450508_firstRound.1	RLK	other_receptor
evm.model.jcf7180001452640_firstRound.1	RLK	other_receptor
evm.model.jcf7180001453186_firstRound.1	RLK	other_receptor
evm.model.jcf7180001457567_firstRound.1	RLK	other_receptor
evm.model.jcf7180001457952_firstRound.2	RLK	other_receptor
evm.model.jcf7180001460902_firstRound.1	RLK	lrr
evm.model.jcf7180001461944_firstRound.1	RLK	lrr
evm.model.jcf7180001464726_firstRound.1	RLK	other_receptor
evm.model.jcf7180001470874_firstRound.1	RLK	lrr
evm.model.jcf7180001472847_firstRound.1	RLK	other_receptor
evm.model.jcf7180001490794_firstRound.3	RLK	lrr
evm.model.jcf7180001490952_firstRound.1	RLK	other_receptor
evm.model.jcf7180001491242_firstRound.1	RLK	other_receptor
evm.model.jcf7180001491423_firstRound.2	RLK	lrr
evm.model.jcf7180001491460_firstRound.1	RLK	lrr
evm.model.jcf7180001491472_firstRound.1	RLK	lrr
evm.model.jcf7180001491841_firstRound.3	RLK	other_receptor
evm.model.jcf7180001492802_firstRound.1	RLK	other_receptor
evm.model.jcf7180001493816_firstRound.1	RLK	other_receptor
evm.model.jcf7180001495136_firstRound.1	RLK	other_receptor
evm.model.jcf7180001495495_firstRound.1	RLK	other_receptor
evm.model.jcf7180001497578_firstRound.1	RLK	other_receptor
evm.model.jcf7180001497990_firstRound.1	RLK	other_receptor
evm.model.jcf7180001497990_firstRound.2	RLK	other_receptor
evm.model.jcf7180001501080_firstRound.1	RLK	other_receptor
evm.model.jcf7180001505998_firstRound.1	RLK	other_receptor
evm.model.jcf7180001508957_firstRound.1	RLK	other_receptor
evm.model.jcf7180001510246_firstRound.1	RLK	other_receptor
evm.model.jcf7180001510610_firstRound.2	RLK	other_receptor
evm.model.jcf7180001511432_firstRound.1	RLK	other_receptor
evm.model.jcf7180001511572_firstRound.1	RLK	other_receptor
evm.model.jcf7180001511697_firstRound.1	RLK	other_receptor
evm.model.jcf7180001511940_firstRound.1	RLK	other_receptor
evm.model.jcf7180001513459_firstRound.1	RLK	other_receptor
evm.model.jcf7180001513495_firstRound.2	RLK	other_receptor
evm.model.jcf7180001513579_firstRound.1	RLK	lrr
evm.model.jcf7180001514146_firstRound.1	RLK	other_receptor
evm.model.jcf7180001515134_firstRound.1	RLK	other_receptor
evm.model.jcf7180003238833.2	RLK	other_receptor
evm.model.jcf7180003240034.1	RLK	other_receptor
evm.model.jcf7180003251317.1	RLK	lrr
evm.model.jcf7180003279794.1	RLK	other_receptor
evm.model.jcf7180003279877.1	RLK	lrr
evm.model.jcf7180003282208.1	RLK	other_receptor
