evm.model.C1.1010	TM-CC
evm.model.C1.1873	TM-CC
evm.model.C1.2184	TM-CC
evm.model.C1.2262	TM-CC
evm.model.C1.2409	TM-CC
evm.model.C1.2434	TM-CC
evm.model.C1.2738	TM-CC
evm.model.C1.3058	TM-CC
evm.model.C1.3160	TM-CC
evm.model.C1.3374	TM-CC
evm.model.C1.3403	TM-CC
evm.model.C1.3544	TM-CC
evm.model.C1.3545	TM-CC
evm.model.C1.3651	TM-CC
evm.model.C1.3937	TM-CC
evm.model.C1.400	TM-CC
evm.model.C1.4636	TM-CC
evm.model.C1.5591	TM-CC
evm.model.C1.633	TM-CC
evm.model.C1.757	TM-CC
evm.model.C2.1111	TM-CC
evm.model.C2.1382	TM-CC
evm.model.C2.1873	TM-CC
evm.model.C2.191	TM-CC
evm.model.C2.1917	TM-CC
evm.model.C2.203	TM-CC
evm.model.C2.204	TM-CC
evm.model.C2.3086	TM-CC
evm.model.C2.352	TM-CC
evm.model.C2.4051	TM-CC
evm.model.C2.4613	TM-CC
evm.model.C2.4803	TM-CC
evm.model.C2.5178	TM-CC
evm.model.C2.5325	TM-CC
evm.model.C2.5343	TM-CC
evm.model.C2.5363	TM-CC
evm.model.C2.5369	TM-CC
evm.model.C2.5455	TM-CC
evm.model.C2.5913	TM-CC
evm.model.C2.6032	TM-CC
evm.model.C2.6198	TM-CC
evm.model.C2.6226	TM-CC
evm.model.C2.6279	TM-CC
evm.model.C2.783	TM-CC
evm.model.C2.828	TM-CC
evm.model.C3.1001	TM-CC
evm.model.C3.1072	TM-CC
evm.model.C3.1107	TM-CC
evm.model.C3.1393	TM-CC
evm.model.C3.2093	TM-CC
evm.model.C3.217	TM-CC
evm.model.C3.2321	TM-CC
evm.model.C3.2539	TM-CC
evm.model.C3.2648	TM-CC
evm.model.C3.293	TM-CC
evm.model.C3.2954	TM-CC
evm.model.C3.3255	TM-CC
evm.model.C3.3256	TM-CC
evm.model.C3.3486	TM-CC
evm.model.C3.3941	TM-CC
evm.model.C3.3965	TM-CC
evm.model.C3.4152	TM-CC
evm.model.C3.4219	TM-CC
evm.model.C3.4444	TM-CC
evm.model.C3.4512	TM-CC
evm.model.C3.452	TM-CC
evm.model.C3.4660	TM-CC
evm.model.C3.4670	TM-CC
evm.model.C3.4986	TM-CC
evm.model.C3.5116	TM-CC
evm.model.C3.5178	TM-CC
evm.model.C3.5255	TM-CC
evm.model.C3.5598	TM-CC
evm.model.C3.5619	TM-CC
evm.model.C3.5630	TM-CC
evm.model.C3.5838	TM-CC
evm.model.C3.5891	TM-CC
evm.model.C3.5909	TM-CC
evm.model.C3.6092	TM-CC
evm.model.C3.6135	TM-CC
evm.model.C3.6752	TM-CC
evm.model.C3.6854	TM-CC
evm.model.C3.7018	TM-CC
evm.model.C3.7197	TM-CC
evm.model.C3.7363	TM-CC
evm.model.C3.8070	TM-CC
evm.model.C3.842	TM-CC
evm.model.C3.8529	TM-CC
evm.model.C4.1034	TM-CC
evm.model.C4.1086	TM-CC
evm.model.C4.130	TM-CC
evm.model.C4.1344	TM-CC
evm.model.C4.1782	TM-CC
evm.model.C4.2203	TM-CC
evm.model.C4.2613	TM-CC
evm.model.C4.3050	TM-CC
evm.model.C4.307	TM-CC
evm.model.C4.3107	TM-CC
evm.model.C4.3170	TM-CC
evm.model.C4.3231	TM-CC
evm.model.C4.3813	TM-CC
evm.model.C4.3961	TM-CC
evm.model.C4.4039	TM-CC
evm.model.C4.4211	TM-CC
evm.model.C4.4387	TM-CC
evm.model.C4.4945	TM-CC
evm.model.C4.5097	TM-CC
evm.model.C4.5335	TM-CC
evm.model.C4.5905	TM-CC
evm.model.C4.615	TM-CC
evm.model.C4.6436	TM-CC
evm.model.C4.6471	TM-CC
evm.model.C4.778	TM-CC
evm.model.C4.94	TM-CC
evm.model.C5.1379	TM-CC
evm.model.C5.1714	TM-CC
evm.model.C5.197	TM-CC
evm.model.C5.2209	TM-CC
evm.model.C5.236	TM-CC
evm.model.C5.2435	TM-CC
evm.model.C5.2980	TM-CC
evm.model.C5.3028	TM-CC
evm.model.C5.3042	TM-CC
evm.model.C5.3048	TM-CC
evm.model.C5.3919	TM-CC
evm.model.C5.3973	TM-CC
evm.model.C5.4406	TM-CC
evm.model.C5.4407	TM-CC
evm.model.C5.4437	TM-CC
evm.model.C5.4453	TM-CC
evm.model.C5.5022	TM-CC
evm.model.C5.5272	TM-CC
evm.model.C5.5297	TM-CC
evm.model.C5.5390	TM-CC
evm.model.C5.5527	TM-CC
evm.model.C5.5588	TM-CC
evm.model.C5.5805	TM-CC
evm.model.C5.5858	TM-CC
evm.model.C5.6049	TM-CC
evm.model.C5.6153	TM-CC
evm.model.C5.6275	TM-CC
evm.model.C5.6288	TM-CC
evm.model.C5.662	TM-CC
evm.model.C5.884	TM-CC
evm.model.C6.1017	TM-CC
evm.model.C6.2396	TM-CC
evm.model.C6.2536	TM-CC
evm.model.C6.2538	TM-CC
evm.model.C6.2626	TM-CC
evm.model.C6.2950	TM-CC
evm.model.C6.3305	TM-CC
evm.model.C6.3744	TM-CC
evm.model.C6.4161	TM-CC
evm.model.C6.4198	TM-CC
evm.model.C6.4414	TM-CC
evm.model.C6.4465	TM-CC
evm.model.C6.4600	TM-CC
evm.model.C6.4965	TM-CC
evm.model.C7.1951	TM-CC
evm.model.C7.2076	TM-CC
evm.model.C7.2354	TM-CC
evm.model.C7.2492	TM-CC
evm.model.C7.2724	TM-CC
evm.model.C7.2759	TM-CC
evm.model.C7.3004	TM-CC
evm.model.C7.3686	TM-CC
evm.model.C7.3830	TM-CC
evm.model.C7.3848	TM-CC
evm.model.C7.3849	TM-CC
evm.model.C7.4387	TM-CC
evm.model.C7.4480	TM-CC
evm.model.C7.4481	TM-CC
evm.model.C7.4710	TM-CC
evm.model.C7.5548	TM-CC
evm.model.C7.5658	TM-CC
evm.model.C7.5738	TM-CC
evm.model.C7.5802	TM-CC
evm.model.C7.631	TM-CC
evm.model.C7.701	TM-CC
evm.model.C7.708	TM-CC
evm.model.C8.140	TM-CC
evm.model.C8.1690	TM-CC
evm.model.C8.1868	TM-CC
evm.model.C8.1897	TM-CC
evm.model.C8.1933	TM-CC
evm.model.C8.2352	TM-CC
evm.model.C8.2935	TM-CC
evm.model.C8.3082	TM-CC
evm.model.C8.3194	TM-CC
evm.model.C8.3323	TM-CC
evm.model.C8.3388	TM-CC
evm.model.C8.3744	TM-CC
evm.model.C8.4005	TM-CC
evm.model.C8.4082	TM-CC
evm.model.C8.4113	TM-CC
evm.model.C8.4515	TM-CC
evm.model.C8.4761	TM-CC
evm.model.C8.5330	TM-CC
evm.model.C8.5380	TM-CC
evm.model.C8.5644	TM-CC
evm.model.C8.5754	TM-CC
evm.model.C8.59	TM-CC
evm.model.C8.974	TM-CC
evm.model.C9.1095	TM-CC
evm.model.C9.1254	TM-CC
evm.model.C9.1299	TM-CC
evm.model.C9.1385	TM-CC
evm.model.C9.1569	TM-CC
evm.model.C9.1921	TM-CC
evm.model.C9.2338	TM-CC
evm.model.C9.2645	TM-CC
evm.model.C9.2659	TM-CC
evm.model.C9.2815	TM-CC
evm.model.C9.3033	TM-CC
evm.model.C9.3420	TM-CC
evm.model.C9.371	TM-CC
evm.model.C9.393	TM-CC
evm.model.C9.3994	TM-CC
evm.model.C9.4645	TM-CC
evm.model.C9.5150	TM-CC
evm.model.C9.5663	TM-CC
evm.model.C9.5757	TM-CC
evm.model.C9.5763	TM-CC
evm.model.C9.6078	TM-CC
evm.model.C9.6097	TM-CC
evm.model.C9.6124	TM-CC
evm.model.C9.6336	TM-CC
evm.model.C9.6478	TM-CC
evm.model.C9.6593	TM-CC
evm.model.C9.6629	TM-CC
evm.model.C9.6728	TM-CC
evm.model.C9.6854	TM-CC
evm.model.C9.904	TM-CC
evm.model.C9.930	TM-CC
evm.model.C9.962	TM-CC
evm.model.C9.996	TM-CC
evm.model.Scaffold00795.1	TM-CC
evm.model.Scaffold00902.2	TM-CC
evm.model.Scaffold00966.5	TM-CC
evm.model.jcf7180001475321_firstRound.1	TM-CC
evm.model.jcf7180001491898_firstRound.1	TM-CC
evm.model.jcf7180001497726_firstRound.1	TM-CC
evm.model.jcf7180001509939_firstRound.1	TM-CC
evm.model.jcf7180001510021_firstRound.1	TM-CC
evm.model.jcf7180003282223.1	TM-CC
