evm.model.jcf7180001511480_firstRound.1	CN
evm.model.C7.3571	CN
evm.model.jcf7180001491566_firstRound.2	CN
evm.model.C7.3567	CN
evm.model.C4.1108	CN
evm.model.C2.4592	CN
evm.model.C1.3453	CN
evm.model.C3.3102	CN
evm.model.C1.1250	CN
evm.model.C1.3506	CNL
evm.model.jcf7180001495339_firstRound.1	CNL
evm.model.C2.6248	CNL
evm.model.C8.3177	CNL
evm.model.C3.8361	CNL
evm.model.Scaffold03416.1	CNL
evm.model.C5.5216	CNL
evm.model.C9.5004	CNL
evm.model.C7.2815	CNL
evm.model.C7.3777	CNL
evm.model.C7.3579	CNL
evm.model.jcf7180001512531_firstRound.1	CNL
evm.model.C4.1111	CNL
evm.model.C7.3570	CNL
evm.model.C3.4991	CNL
evm.model.C7.2490	NBS
evm.model.C2.4551	NBS
evm.model.C7.2783	NBS
evm.model.C1.2933	NBS
evm.model.jcf7180001449429_firstRound.1	NBS
evm.model.jcf7180001452254_firstRound.1	NBS
evm.model.jcf7180001482190_firstRound.1	NBS
evm.model.C1.520	NBS
evm.model.jcf7180001505879_firstRound.4	NBS
evm.model.C6.4462	NBS
evm.model.C4.2477	NBS
evm.model.jcf7180001496298_firstRound.2	NBS
evm.model.C8.4828	NBS
evm.model.jcf7180001471563_firstRound.2	NBS
evm.model.C3.7708	NBS
evm.model.jcf7180003254026.1	NBS
evm.model.C1.2178	NBS
evm.model.jcf7180001471921_firstRound.1	NBS
evm.model.C2.4589	NBS
evm.model.C6.4461	NBS
evm.model.C2.3825	NBS
evm.model.C1.2930	NBS
evm.model.C6.3311	NBS
evm.model.jcf7180003260247.1	NBS
evm.model.Scaffold00534.3	NBS
evm.model.C6.3313	NBS
evm.model.C6.3308	NBS
evm.model.C2.6249	NBS
evm.model.C9.2058	NBS
evm.model.jcf7180001508942_firstRound.3	NBS
evm.model.jcf7180003282384.2	NBS
evm.model.C9.575	NBS
evm.model.C4.1229	NL
evm.model.C7.3577	NL
evm.model.C9.1062	NL
evm.model.C8.2454	NL
evm.model.jcf7180001448344_firstRound.2	NL
evm.model.C3.5105	NL
evm.model.C2.182	NL
evm.model.C2.826	NL
evm.model.C3.3159	NL
evm.model.C2.5888	NL
evm.model.C5.5217	NL
evm.model.C9.2085	NL
evm.model.C2.5886	NL
evm.model.C8.4826	NL
evm.model.jcf7180003266893.1	NL
evm.model.C3.3103	NL
evm.model.C1.3455	NL
evm.model.jcf7180001515135_firstRound.1	NL
evm.model.jcf7180001490500_firstRound.1	NL
evm.model.C9.1082	NL
evm.model.jcf7180001491303_firstRound.1	NL
evm.model.jcf7180003239476.1	NL
evm.model.C9.3498	NL
evm.model.C1.1249	NL
evm.model.jcf7180001491980_firstRound.1	NL
evm.model.jcf7180001492587_firstRound.1	NL
evm.model.jcf7180001511878_firstRound.1	NL
evm.model.jcf7180001490829_firstRound.1	NL
evm.model.Scaffold00534.6	NL
evm.model.C3.8089	NL
evm.model.C1.2932	NL
evm.model.C2.5705	NL
evm.model.C6.4458	NL
evm.model.C1.5323	NL
evm.model.C9.412	NL
evm.model.C7.5385	NL
evm.model.jcf7180003252737.1	NL
evm.model.jcf7180001491101_firstRound.2	NL
evm.model.jcf7180003230883.1	NL
evm.model.C9.6630	NL
evm.model.C6.3314	NL
evm.model.C3.6671	NL
evm.model.jcf7180001448580_firstRound.2	NL
evm.model.jcf7180003241245.1	OTHER
evm.model.C7.5131	OTHER
evm.model.C5.2233	OTHER
evm.model.C7.3301	OTHER
evm.model.jcf7180001448577_firstRound.1	OTHER
evm.model.jcf7180001460776_firstRound.1	OTHER
evm.model.C4.6030	OTHER
evm.model.C8.4835	TN
evm.model.C8.4831	TN
evm.model.jcf7180001471194_firstRound.1	TN
evm.model.jcf7180001495595_firstRound.1	TN
evm.model.jcf7180001472063_firstRound.1	TN
evm.model.C7.5126	TN
evm.model.C3.1930	TN
evm.model.C2.2906	TN
evm.model.C9.4409	TN
evm.model.C6.3318	TN
evm.model.Scaffold00889.2	TN
evm.model.C1.1300	TN
evm.model.jcf7180001512470_firstRound.1	TN
evm.model.C7.2766	TN
evm.model.C6.3315	TN
evm.model.jcf7180003288281.1	TN
evm.model.C3.5297	TN
evm.model.C4.4361	TN
evm.model.C8.4827	TN
evm.model.C9.2436	TNL
evm.model.C9.5461	TNL
evm.model.jcf7180001465452_firstRound.1	TNL
evm.model.C6.3312	TNL
evm.model.jcf7180001513520_firstRound.1	TNL
evm.model.C5.2227	TNL
evm.model.C4.4364	TNL
evm.model.C3.861	TNL
evm.model.C7.4919	TNL
evm.model.jcf7180003268536.1	TNL
evm.model.jcf7180003230774.1	TNL
evm.model.C1.1296	TNL
evm.model.C8.3830	TNL
evm.model.C6.3319	TNL
evm.model.C9.5974	TNL
evm.model.C7.2153	TNL
evm.model.C3.8487	TX
evm.model.C1.292	TX
evm.model.C5.2393	TX
evm.model.C1.3413	TX
evm.model.Scaffold00883.9	TX
evm.model.C9.2431	TX
evm.model.C9.2437	TX
evm.model.C7.2779	TX
evm.model.Scaffold00418.29	TX
evm.model.C1.3634	TX
evm.model.C8.4824	TX
evm.model.C1.1690	TX
evm.model.C4.557	TX
evm.model.C7.2769	TX
evm.model.C9.2622	TX
evm.model.C6.1105	TX
evm.model.C6.799	TX
evm.model.jcf7180001449572_firstRound.1	TX
evm.model.jcf7180003278985.1	TX
evm.model.C2.4543	TX
evm.model.C9.2632	TX
evm.model.C3.1929	TX
evm.model.jcf7180001490755_firstRound.1	TX
evm.model.jcf7180001449049_firstRound.1	TX
evm.model.C7.5132	TX
evm.model.C5.2394	TX
evm.model.jcf7180001448577_firstRound.2	TX
evm.model.C7.2782	TX
evm.model.C8.2457	TX
evm.model.Scaffold00418.30	TX
evm.model.C8.5280	TX
evm.model.jcf7180001491101_firstRound.1	TX
evm.model.C7.2776	TX
evm.model.jcf7180001462774_firstRound.1	TX
evm.model.Scaffold00900.3	TX
evm.model.C3.7474	TX
evm.model.jcf7180001449179_firstRound.1	TX
evm.model.C9.5462	TX
evm.model.Scaffold00900.1	TX
evm.model.jcf7180001450634_firstRound.1	TX
evm.model.C7.4920	TX
evm.model.C7.5133	TX
evm.model.C2.4554	TX
evm.model.C9.5628	TX
evm.model.Scaffold00285.10	TX
evm.model.C7.2843	TX
evm.model.jcf7180001450540_firstRound.1	TX
evm.model.C2.4553	TX
evm.model.C1.1709	TX
evm.model.C1.1703	TX
evm.model.C2.4546	TX
evm.model.C6.4459	TX
evm.model.C2.2904	TX
evm.model.Scaffold01021.1	TX
evm.model.C4.1645	TX
evm.model.C2.4544	TX
evm.model.C7.2765	TX
evm.model.jcf7180003250398.1	TX
evm.model.C7.3303	TX
evm.model.C2.4555	TX
evm.model.Scaffold00285.9	TX
evm.model.jcf7180001496611_firstRound.1	TX
evm.model.C2.4542	TX
evm.model.C8.3284	TX
evm.model.C7.2753	TX
evm.model.C1.1033	RLK
evm.model.C1.1035	RLK
evm.model.C1.1047	RLK
evm.model.C1.1147	RLK
evm.model.C1.1149	RLK
evm.model.C1.1204	RLK
evm.model.C1.1213	RLK
evm.model.C1.1356	RLK
evm.model.C1.1368	RLK
evm.model.C1.1406	RLK
evm.model.C1.1407	RLK
evm.model.C1.1457	RLK
evm.model.C1.1458	RLK
evm.model.C1.1526	RLK
evm.model.C1.1549	RLK
evm.model.C1.1614	RLK
evm.model.C1.1638	RLK
evm.model.C1.1642	RLK
evm.model.C1.1669	RLK
evm.model.C1.1670	RLK
evm.model.C1.1677	RLK
evm.model.C1.1678	RLK
evm.model.C1.1679	RLK
evm.model.C1.1680	RLK
evm.model.C1.1757	RLK
evm.model.C1.197	RLK
evm.model.C1.2109	RLK
evm.model.C1.2189	RLK
evm.model.C1.2437	RLK
evm.model.C1.2688	RLK
evm.model.C1.2696	RLK
evm.model.C1.282	RLK
evm.model.C1.2889	RLK
evm.model.C1.3278	RLK
evm.model.C1.3577	RLK
evm.model.C1.3594	RLK
evm.model.C1.3664	RLK
evm.model.C1.3666	RLK
evm.model.C1.3835	RLK
evm.model.C1.41	RLK
evm.model.C1.4203	RLK
evm.model.C1.4262	RLK
evm.model.C1.4348	RLK
evm.model.C1.4451	RLK
evm.model.C1.4607	RLK
evm.model.C1.463	RLK
evm.model.C1.4732	RLK
evm.model.C1.4788	RLK
evm.model.C1.483	RLK
evm.model.C1.4907	RLK
evm.model.C1.52	RLK
evm.model.C1.5248	RLK
evm.model.C1.5251	RLK
evm.model.C1.5586	RLK
evm.model.C1.5631	RLK
evm.model.C1.597	RLK
evm.model.C1.641	RLK
evm.model.C1.642	RLK
evm.model.C1.648	RLK
evm.model.C1.664	RLK
evm.model.C1.735	RLK
evm.model.C1.736	RLK
evm.model.C1.744	RLK
evm.model.C1.751	RLK
evm.model.C1.752	RLK
evm.model.C1.763	RLK
evm.model.C1.941	RLK
evm.model.C2.1038	RLK
evm.model.C2.1199	RLK
evm.model.C2.12	RLK
evm.model.C2.1259	RLK
evm.model.C2.1368	RLK
evm.model.C2.1369	RLK
evm.model.C2.1374	RLK
evm.model.C2.1578	RLK
evm.model.C2.1769	RLK
evm.model.C2.1779	RLK
evm.model.C2.1882	RLK
evm.model.C2.1955	RLK
evm.model.C2.2185	RLK
evm.model.C2.2188	RLK
evm.model.C2.2195	RLK
evm.model.C2.2204	RLK
evm.model.C2.2210	RLK
evm.model.C2.2334	RLK
evm.model.C2.2372	RLK
evm.model.C2.25	RLK
evm.model.C2.2517	RLK
evm.model.C2.253	RLK
evm.model.C2.2628	RLK
evm.model.C2.2654	RLK
evm.model.C2.2664	RLK
evm.model.C2.2854	RLK
evm.model.C2.2871	RLK
evm.model.C2.33	RLK
evm.model.C2.3473	RLK
evm.model.C2.3475	RLK
evm.model.C2.3477	RLK
evm.model.C2.3497	RLK
evm.model.C2.3586	RLK
evm.model.C2.3655	RLK
evm.model.C2.3764	RLK
evm.model.C2.378	RLK
evm.model.C2.3787	RLK
evm.model.C2.3851	RLK
evm.model.C2.3862	RLK
evm.model.C2.3870	RLK
evm.model.C2.389	RLK
evm.model.C2.4165	RLK
evm.model.C2.4224	RLK
evm.model.C2.4325	RLK
evm.model.C2.4335	RLK
evm.model.C2.4513	RLK
evm.model.C2.4529	RLK
evm.model.C2.4639	RLK
evm.model.C2.4668	RLK
evm.model.C2.4772	RLK
evm.model.C2.485	RLK
evm.model.C2.4947	RLK
evm.model.C2.5003	RLK
evm.model.C2.5013	RLK
evm.model.C2.520	RLK
evm.model.C2.5365	RLK
evm.model.C2.5416	RLK
evm.model.C2.5625	RLK
evm.model.C2.5711	RLK
evm.model.C2.6254	RLK
evm.model.C2.726	RLK
evm.model.C2.747	RLK
evm.model.C2.782	RLK
evm.model.C2.984	RLK
evm.model.C3.1165	RLK
evm.model.C3.1258	RLK
evm.model.C3.1268	RLK
evm.model.C3.135	RLK
evm.model.C3.1487	RLK
evm.model.C3.1725	RLK
evm.model.C3.1811	RLK
evm.model.C3.1997	RLK
evm.model.C3.2022	RLK
evm.model.C3.2073	RLK
evm.model.C3.2086	RLK
evm.model.C3.2113	RLK
evm.model.C3.2204	RLK
evm.model.C3.2296	RLK
evm.model.C3.23	RLK
evm.model.C3.2314	RLK
evm.model.C3.2495	RLK
evm.model.C3.25	RLK
evm.model.C3.2744	RLK
evm.model.C3.2917	RLK
evm.model.C3.2939	RLK
evm.model.C3.2967	RLK
evm.model.C3.2968	RLK
evm.model.C3.2989	RLK
evm.model.C3.3053	RLK
evm.model.C3.320	RLK
evm.model.C3.3213	RLK
evm.model.C3.3246	RLK
evm.model.C3.3465	RLK
evm.model.C3.3537	RLK
evm.model.C3.3549	RLK
evm.model.C3.3615	RLK
evm.model.C3.4270	RLK
evm.model.C3.4275	RLK
evm.model.C3.4278	RLK
evm.model.C3.4557	RLK
evm.model.C3.459	RLK
evm.model.C3.4668	RLK
evm.model.C3.4680	RLK
evm.model.C3.47	RLK
evm.model.C3.4738	RLK
evm.model.C3.4843	RLK
evm.model.C3.4952	RLK
evm.model.C3.5104	RLK
evm.model.C3.5200	RLK
evm.model.C3.5331	RLK
evm.model.C3.5462	RLK
evm.model.C3.5479	RLK
evm.model.C3.5535	RLK
evm.model.C3.5720	RLK
evm.model.C3.576	RLK
evm.model.C3.5912	RLK
evm.model.C3.6395	RLK
evm.model.C3.6491	RLK
evm.model.C3.6637	RLK
evm.model.C3.6639	RLK
evm.model.C3.670	RLK
evm.model.C3.6770	RLK
evm.model.C3.6840	RLK
evm.model.C3.7075	RLK
evm.model.C3.7106	RLK
evm.model.C3.7151	RLK
evm.model.C3.7152	RLK
evm.model.C3.7207	RLK
evm.model.C3.7248	RLK
evm.model.C3.7313	RLK
evm.model.C3.7320	RLK
evm.model.C3.7590	RLK
evm.model.C3.764	RLK
evm.model.C3.7654	RLK
evm.model.C3.7749	RLK
evm.model.C3.7812	RLK
evm.model.C3.7847	RLK
evm.model.C3.7894	RLK
evm.model.C3.7902	RLK
evm.model.C3.7903	RLK
evm.model.C3.8150	RLK
evm.model.C3.8249	RLK
evm.model.C3.8386	RLK
evm.model.C3.8435	RLK
evm.model.C3.8437	RLK
evm.model.C3.8459	RLK
evm.model.C3.8562	RLK
evm.model.C3.8695	RLK
evm.model.C3.8736	RLK
evm.model.C3.8737	RLK
evm.model.C3.982	RLK
evm.model.C4.1030	RLK
evm.model.C4.1358	RLK
evm.model.C4.1361	RLK
evm.model.C4.1647	RLK
evm.model.C4.1713	RLK
evm.model.C4.1729	RLK
evm.model.C4.1765	RLK
evm.model.C4.1821	RLK
evm.model.C4.1864	RLK
evm.model.C4.1966	RLK
evm.model.C4.1988	RLK
evm.model.C4.1991	RLK
evm.model.C4.2260	RLK
evm.model.C4.2348	RLK
evm.model.C4.2617	RLK
evm.model.C4.2619	RLK
evm.model.C4.2637	RLK
evm.model.C4.268	RLK
evm.model.C4.2833	RLK
evm.model.C4.3005	RLK
evm.model.C4.3494	RLK
evm.model.C4.3495	RLK
evm.model.C4.3592	RLK
evm.model.C4.360	RLK
evm.model.C4.3863	RLK
evm.model.C4.3983	RLK
evm.model.C4.4215	RLK
evm.model.C4.4219	RLK
evm.model.C4.4220	RLK
evm.model.C4.4456	RLK
evm.model.C4.4516	RLK
evm.model.C4.4595	RLK
evm.model.C4.4698	RLK
evm.model.C4.4868	RLK
evm.model.C4.4870	RLK
evm.model.C4.4871	RLK
evm.model.C4.4878	RLK
evm.model.C4.4906	RLK
evm.model.C4.4922	RLK
evm.model.C4.4942	RLK
evm.model.C4.5036	RLK
evm.model.C4.5050	RLK
evm.model.C4.5066	RLK
evm.model.C4.5085	RLK
evm.model.C4.5143	RLK
evm.model.C4.5328	RLK
evm.model.C4.5329	RLK
evm.model.C4.5433	RLK
evm.model.C4.5599	RLK
evm.model.C4.5600	RLK
evm.model.C4.5695	RLK
evm.model.C4.5733	RLK
evm.model.C4.574	RLK
evm.model.C4.5777	RLK
evm.model.C4.5883	RLK
evm.model.C4.6257	RLK
evm.model.C4.6261	RLK
evm.model.C4.6311	RLK
evm.model.C4.6362	RLK
evm.model.C4.6373	RLK
evm.model.C4.6393	RLK
evm.model.C4.6490	RLK
evm.model.C4.6591	RLK
evm.model.C4.6608	RLK
evm.model.C4.6652	RLK
evm.model.C5.1034	RLK
evm.model.C5.1188	RLK
evm.model.C5.1395	RLK
evm.model.C5.1397	RLK
evm.model.C5.1514	RLK
evm.model.C5.1541	RLK
evm.model.C5.1556	RLK
evm.model.C5.1566	RLK
evm.model.C5.1586	RLK
evm.model.C5.1674	RLK
evm.model.C5.1899	RLK
evm.model.C5.1901	RLK
evm.model.C5.1903	RLK
evm.model.C5.206	RLK
evm.model.C5.2082	RLK
evm.model.C5.2160	RLK
evm.model.C5.2226	RLK
evm.model.C5.2308	RLK
evm.model.C5.2343	RLK
evm.model.C5.2347	RLK
evm.model.C5.2349	RLK
evm.model.C5.2355	RLK
evm.model.C5.2764	RLK
evm.model.C5.2871	RLK
evm.model.C5.2950	RLK
evm.model.C5.2989	RLK
evm.model.C5.3013	RLK
evm.model.C5.3566	RLK
evm.model.C5.3661	RLK
evm.model.C5.3689	RLK
evm.model.C5.3759	RLK
evm.model.C5.4188	RLK
evm.model.C5.4593	RLK
evm.model.C5.4673	RLK
evm.model.C5.4834	RLK
evm.model.C5.492	RLK
evm.model.C5.5046	RLK
evm.model.C5.5358	RLK
evm.model.C5.552	RLK
evm.model.C5.563	RLK
evm.model.C5.5706	RLK
evm.model.C5.5798	RLK
evm.model.C5.5941	RLK
evm.model.C5.6190	RLK
evm.model.C5.6239	RLK
evm.model.C5.6338	RLK
evm.model.C5.776	RLK
evm.model.C5.843	RLK
evm.model.C5.862	RLK
evm.model.C5.882	RLK
evm.model.C5.897	RLK
evm.model.C5.898	RLK
evm.model.C5.901	RLK
evm.model.C5.902	RLK
evm.model.C5.908	RLK
evm.model.C5.910	RLK
evm.model.C6.1191	RLK
evm.model.C6.1200	RLK
evm.model.C6.1202	RLK
evm.model.C6.1203	RLK
evm.model.C6.1207	RLK
evm.model.C6.1321	RLK
evm.model.C6.1451	RLK
evm.model.C6.1753	RLK
evm.model.C6.1770	RLK
evm.model.C6.1832	RLK
evm.model.C6.1898	RLK
evm.model.C6.2214	RLK
evm.model.C6.2242	RLK
evm.model.C6.2433	RLK
evm.model.C6.2468	RLK
evm.model.C6.2489	RLK
evm.model.C6.2890	RLK
evm.model.C6.2892	RLK
evm.model.C6.3016	RLK
evm.model.C6.3301	RLK
evm.model.C6.3343	RLK
evm.model.C6.3358	RLK
evm.model.C6.3389	RLK
evm.model.C6.3494	RLK
evm.model.C6.350	RLK
evm.model.C6.3503	RLK
evm.model.C6.3505	RLK
evm.model.C6.3590	RLK
evm.model.C6.3774	RLK
evm.model.C6.3824	RLK
evm.model.C6.3831	RLK
evm.model.C6.3836	RLK
evm.model.C6.3839	RLK
evm.model.C6.3841	RLK
evm.model.C6.3842	RLK
evm.model.C6.3845	RLK
evm.model.C6.3846	RLK
evm.model.C6.3847	RLK
evm.model.C6.3849	RLK
evm.model.C6.3886	RLK
evm.model.C6.3914	RLK
evm.model.C6.396	RLK
evm.model.C6.4033	RLK
evm.model.C6.4180	RLK
evm.model.C6.4195	RLK
evm.model.C6.4197	RLK
evm.model.C6.4225	RLK
evm.model.C6.4404	RLK
evm.model.C6.4413	RLK
evm.model.C6.4517	RLK
evm.model.C6.4592	RLK
evm.model.C6.4685	RLK
evm.model.C6.4706	RLK
evm.model.C6.4722	RLK
evm.model.C6.4941	RLK
evm.model.C6.4980	RLK
evm.model.C6.5039	RLK
evm.model.C6.5040	RLK
evm.model.C6.5074	RLK
evm.model.C6.601	RLK
evm.model.C6.619	RLK
evm.model.C6.621	RLK
evm.model.C6.622	RLK
evm.model.C6.627	RLK
evm.model.C6.894	RLK
evm.model.C7.1306	RLK
evm.model.C7.1340	RLK
evm.model.C7.1458	RLK
evm.model.C7.1522	RLK
evm.model.C7.1557	RLK
evm.model.C7.1568	RLK
evm.model.C7.1571	RLK
evm.model.C7.1676	RLK
evm.model.C7.1821	RLK
evm.model.C7.1850	RLK
evm.model.C7.2162	RLK
evm.model.C7.2163	RLK
evm.model.C7.2358	RLK
evm.model.C7.2362	RLK
evm.model.C7.2396	RLK
evm.model.C7.2407	RLK
evm.model.C7.2467	RLK
evm.model.C7.2560	RLK
evm.model.C7.2846	RLK
evm.model.C7.2847	RLK
evm.model.C7.2848	RLK
evm.model.C7.2863	RLK
evm.model.C7.3085	RLK
evm.model.C7.3152	RLK
evm.model.C7.3157	RLK
evm.model.C7.3202	RLK
evm.model.C7.3232	RLK
evm.model.C7.3254	RLK
evm.model.C7.3359	RLK
evm.model.C7.3410	RLK
evm.model.C7.3525	RLK
evm.model.C7.361	RLK
evm.model.C7.3736	RLK
evm.model.C7.3820	RLK
evm.model.C7.3842	RLK
evm.model.C7.3918	RLK
evm.model.C7.3933	RLK
evm.model.C7.3944	RLK
evm.model.C7.4104	RLK
evm.model.C7.4174	RLK
evm.model.C7.4249	RLK
evm.model.C7.4281	RLK
evm.model.C7.4282	RLK
evm.model.C7.4287	RLK
evm.model.C7.4314	RLK
evm.model.C7.4371	RLK
evm.model.C7.4372	RLK
evm.model.C7.4428	RLK
evm.model.C7.4433	RLK
evm.model.C7.4457	RLK
evm.model.C7.4547	RLK
evm.model.C7.4717	RLK
evm.model.C7.4839	RLK
evm.model.C7.4911	RLK
evm.model.C7.4955	RLK
evm.model.C7.4965	RLK
evm.model.C7.5071	RLK
evm.model.C7.5107	RLK
evm.model.C7.5114	RLK
evm.model.C7.5116	RLK
evm.model.C7.5141	RLK
evm.model.C7.5155	RLK
evm.model.C7.5255	RLK
evm.model.C7.5278	RLK
evm.model.C7.5380	RLK
evm.model.C7.5620	RLK
evm.model.C7.5653	RLK
evm.model.C7.5665	RLK
evm.model.C7.5735	RLK
evm.model.C7.5779	RLK
evm.model.C7.6093	RLK
evm.model.C7.6098	RLK
evm.model.C7.6108	RLK
evm.model.C7.6127	RLK
evm.model.C7.6153	RLK
evm.model.C7.667	RLK
evm.model.C7.690	RLK
evm.model.C7.81	RLK
evm.model.C7.885	RLK
evm.model.C7.903	RLK
evm.model.C8.1011	RLK
evm.model.C8.151	RLK
evm.model.C8.153	RLK
evm.model.C8.1838	RLK
evm.model.C8.1907	RLK
evm.model.C8.194	RLK
evm.model.C8.2024	RLK
evm.model.C8.2083	RLK
evm.model.C8.2105	RLK
evm.model.C8.2132	RLK
evm.model.C8.2142	RLK
evm.model.C8.2381	RLK
evm.model.C8.2566	RLK
evm.model.C8.2677	RLK
evm.model.C8.2680	RLK
evm.model.C8.2684	RLK
evm.model.C8.2685	RLK
evm.model.C8.2688	RLK
evm.model.C8.2792	RLK
evm.model.C8.2814	RLK
evm.model.C8.3266	RLK
evm.model.C8.3285	RLK
evm.model.C8.3449	RLK
evm.model.C8.3675	RLK
evm.model.C8.3689	RLK
evm.model.C8.3698	RLK
evm.model.C8.3731	RLK
evm.model.C8.3874	RLK
evm.model.C8.3938	RLK
evm.model.C8.3977	RLK
evm.model.C8.4166	RLK
evm.model.C8.4167	RLK
evm.model.C8.428	RLK
evm.model.C8.4328	RLK
evm.model.C8.4363	RLK
evm.model.C8.4463	RLK
evm.model.C8.4499	RLK
evm.model.C8.4511	RLK
evm.model.C8.4596	RLK
evm.model.C8.4728	RLK
evm.model.C8.4795	RLK
evm.model.C8.4895	RLK
evm.model.C8.4912	RLK
evm.model.C8.4918	RLK
evm.model.C8.4919	RLK
evm.model.C8.4920	RLK
evm.model.C8.4960	RLK
evm.model.C8.5239	RLK
evm.model.C8.5254	RLK
evm.model.C8.5334	RLK
evm.model.C8.5443	RLK
evm.model.C8.821	RLK
evm.model.C8.835	RLK
evm.model.C8.866	RLK
evm.model.C9.1011	RLK
evm.model.C9.1067	RLK
evm.model.C9.1187	RLK
evm.model.C9.1302	RLK
evm.model.C9.1358	RLK
evm.model.C9.1522	RLK
evm.model.C9.1527	RLK
evm.model.C9.1688	RLK
evm.model.C9.1849	RLK
evm.model.C9.1862	RLK
evm.model.C9.1907	RLK
evm.model.C9.1908	RLK
evm.model.C9.1910	RLK
evm.model.C9.1915	RLK
evm.model.C9.210	RLK
evm.model.C9.2150	RLK
evm.model.C9.2219	RLK
evm.model.C9.2288	RLK
evm.model.C9.2522	RLK
evm.model.C9.275	RLK
evm.model.C9.2939	RLK
evm.model.C9.314	RLK
evm.model.C9.34	RLK
evm.model.C9.3401	RLK
evm.model.C9.3421	RLK
evm.model.C9.3437	RLK
evm.model.C9.3447	RLK
evm.model.C9.3448	RLK
evm.model.C9.3546	RLK
evm.model.C9.3556	RLK
evm.model.C9.361	RLK
evm.model.C9.3784	RLK
evm.model.C9.3976	RLK
evm.model.C9.4092	RLK
evm.model.C9.4097	RLK
evm.model.C9.4150	RLK
evm.model.C9.434	RLK
evm.model.C9.4351	RLK
evm.model.C9.4378	RLK
evm.model.C9.4486	RLK
evm.model.C9.4669	RLK
evm.model.C9.4694	RLK
evm.model.C9.478	RLK
evm.model.C9.4836	RLK
evm.model.C9.4845	RLK
evm.model.C9.4856	RLK
evm.model.C9.5148	RLK
evm.model.C9.5253	RLK
evm.model.C9.5264	RLK
evm.model.C9.5606	RLK
evm.model.C9.5655	RLK
evm.model.C9.5681	RLK
evm.model.C9.5691	RLK
evm.model.C9.5825	RLK
evm.model.C9.5899	RLK
evm.model.C9.5973	RLK
evm.model.C9.6188	RLK
evm.model.C9.6349	RLK
evm.model.C9.6350	RLK
evm.model.C9.6356	RLK
evm.model.C9.6369	RLK
evm.model.C9.6401	RLK
evm.model.C9.6410	RLK
evm.model.C9.6418	RLK
evm.model.C9.6425	RLK
evm.model.C9.6569	RLK
evm.model.C9.66	RLK
evm.model.C9.6815	RLK
evm.model.C9.702	RLK
evm.model.C9.730	RLK
evm.model.C9.761	RLK
evm.model.C9.778	RLK
evm.model.C9.836	RLK
evm.model.C9.889	RLK
evm.model.Scaffold00285.38	RLK
evm.model.Scaffold00613.6	RLK
evm.model.Scaffold00626.4	RLK
evm.model.Scaffold00667.20	RLK
evm.model.Scaffold00703.10	RLK
evm.model.Scaffold00877.3	RLK
evm.model.Scaffold00911.3	RLK
evm.model.Scaffold00934.5	RLK
evm.model.Scaffold00940.5	RLK
evm.model.Scaffold00946.5	RLK
evm.model.Scaffold01029.1	RLK
evm.model.Scaffold01075.3	RLK
evm.model.Scaffold01135.1	RLK
evm.model.Scaffold01167.5	RLK
evm.model.Scaffold01178.2	RLK
evm.model.Scaffold01212.3	RLK
evm.model.Scaffold01309.1	RLK
evm.model.Scaffold01385.3	RLK
evm.model.Scaffold01408.1	RLK
evm.model.Scaffold01628.2	RLK
evm.model.Scaffold01684.1	RLK
evm.model.Scaffold02012.1	RLK
evm.model.jcf7180001448370_firstRound.1	RLK
evm.model.jcf7180001448554_firstRound.1	RLK
evm.model.jcf7180001448919_firstRound.1	RLK
evm.model.jcf7180001448959_firstRound.1	RLK
evm.model.jcf7180001449568_firstRound.1	RLK
evm.model.jcf7180001450508_firstRound.1	RLK
evm.model.jcf7180001452640_firstRound.1	RLK
evm.model.jcf7180001453186_firstRound.1	RLK
evm.model.jcf7180001457567_firstRound.1	RLK
evm.model.jcf7180001457952_firstRound.2	RLK
evm.model.jcf7180001460902_firstRound.1	RLK
evm.model.jcf7180001461944_firstRound.1	RLK
evm.model.jcf7180001464726_firstRound.1	RLK
evm.model.jcf7180001470874_firstRound.1	RLK
evm.model.jcf7180001472847_firstRound.1	RLK
evm.model.jcf7180001490794_firstRound.3	RLK
evm.model.jcf7180001490952_firstRound.1	RLK
evm.model.jcf7180001491242_firstRound.1	RLK
evm.model.jcf7180001491423_firstRound.2	RLK
evm.model.jcf7180001491460_firstRound.1	RLK
evm.model.jcf7180001491472_firstRound.1	RLK
evm.model.jcf7180001491841_firstRound.3	RLK
evm.model.jcf7180001492802_firstRound.1	RLK
evm.model.jcf7180001493816_firstRound.1	RLK
evm.model.jcf7180001495136_firstRound.1	RLK
evm.model.jcf7180001495495_firstRound.1	RLK
evm.model.jcf7180001497578_firstRound.1	RLK
evm.model.jcf7180001497990_firstRound.1	RLK
evm.model.jcf7180001497990_firstRound.2	RLK
evm.model.jcf7180001501080_firstRound.1	RLK
evm.model.jcf7180001505998_firstRound.1	RLK
evm.model.jcf7180001508957_firstRound.1	RLK
evm.model.jcf7180001510246_firstRound.1	RLK
evm.model.jcf7180001510610_firstRound.2	RLK
evm.model.jcf7180001511432_firstRound.1	RLK
evm.model.jcf7180001511572_firstRound.1	RLK
evm.model.jcf7180001511697_firstRound.1	RLK
evm.model.jcf7180001511940_firstRound.1	RLK
evm.model.jcf7180001513459_firstRound.1	RLK
evm.model.jcf7180001513495_firstRound.2	RLK
evm.model.jcf7180001513579_firstRound.1	RLK
evm.model.jcf7180001514146_firstRound.1	RLK
evm.model.jcf7180001515134_firstRound.1	RLK
evm.model.jcf7180003238833.2	RLK
evm.model.jcf7180003240034.1	RLK
evm.model.jcf7180003251317.1	RLK
evm.model.jcf7180003279794.1	RLK
evm.model.jcf7180003279877.1	RLK
evm.model.jcf7180003282208.1	RLK
evm.model.C1.1040	RLP
evm.model.C1.1178	RLP
evm.model.C1.1218	RLP
evm.model.C1.2664	RLP
evm.model.C1.2667	RLP
evm.model.C1.2670	RLP
evm.model.C1.3206	RLP
evm.model.C1.3439	RLP
evm.model.C1.5085	RLP
evm.model.C1.5088	RLP
evm.model.C1.5437	RLP
evm.model.C1.608	RLP
evm.model.C2.1103	RLP
evm.model.C2.1260	RLP
evm.model.C2.1542	RLP
evm.model.C2.2063	RLP
evm.model.C2.2114	RLP
evm.model.C2.2277	RLP
evm.model.C2.2759	RLP
evm.model.C2.3004	RLP
evm.model.C2.3005	RLP
evm.model.C2.3006	RLP
evm.model.C2.3008	RLP
evm.model.C2.3292	RLP
evm.model.C2.5165	RLP
evm.model.C2.5510	RLP
evm.model.C2.5511	RLP
evm.model.C2.5512	RLP
evm.model.C2.596	RLP
evm.model.C2.734	RLP
evm.model.C2.924	RLP
evm.model.C2.952	RLP
evm.model.C3.1339	RLP
evm.model.C3.1364	RLP
evm.model.C3.1871	RLP
evm.model.C3.3393	RLP
evm.model.C3.3621	RLP
evm.model.C3.3721	RLP
evm.model.C3.3843	RLP
evm.model.C3.4893	RLP
evm.model.C3.4967	RLP
evm.model.C3.7161	RLP
evm.model.C3.7651	RLP
evm.model.C3.7657	RLP
evm.model.C3.799	RLP
evm.model.C3.8355	RLP
evm.model.C4.1336	RLP
evm.model.C4.1337	RLP
evm.model.C4.1488	RLP
evm.model.C4.1489	RLP
evm.model.C4.1503	RLP
evm.model.C4.1548	RLP
evm.model.C4.2129	RLP
evm.model.C4.344	RLP
evm.model.C4.3934	RLP
evm.model.C4.3941	RLP
evm.model.C4.3943	RLP
evm.model.C4.4395	RLP
evm.model.C4.4804	RLP
evm.model.C4.4865	RLP
evm.model.C4.5007	RLP
evm.model.C4.5039	RLP
evm.model.C4.5040	RLP
evm.model.C4.5052	RLP
evm.model.C4.5078	RLP
evm.model.C4.5110	RLP
evm.model.C4.5161	RLP
evm.model.C4.5652	RLP
evm.model.C4.5655	RLP
evm.model.C4.5661	RLP
evm.model.C4.5708	RLP
evm.model.C4.5774	RLP
evm.model.C4.5795	RLP
evm.model.C4.6570	RLP
evm.model.C5.1097	RLP
evm.model.C5.1515	RLP
evm.model.C5.1557	RLP
evm.model.C5.1613	RLP
evm.model.C5.1962	RLP
evm.model.C5.2546	RLP
evm.model.C5.2739	RLP
evm.model.C5.2874	RLP
evm.model.C5.3124	RLP
evm.model.C5.5181	RLP
evm.model.C5.5202	RLP
evm.model.C5.829	RLP
evm.model.C6.1187	RLP
evm.model.C6.2042	RLP
evm.model.C6.2817	RLP
evm.model.C6.3115	RLP
evm.model.C6.3234	RLP
evm.model.C6.3236	RLP
evm.model.C6.3237	RLP
evm.model.C6.3335	RLP
evm.model.C6.3409	RLP
evm.model.C6.3665	RLP
evm.model.C6.3666	RLP
evm.model.C6.3687	RLP
evm.model.C6.4319	RLP
evm.model.C6.4320	RLP
evm.model.C6.4321	RLP
evm.model.C6.4322	RLP
evm.model.C6.4577	RLP
evm.model.C6.4578	RLP
evm.model.C6.4579	RLP
evm.model.C6.4580	RLP
evm.model.C7.1562	RLP
evm.model.C7.3911	RLP
evm.model.C7.495	RLP
evm.model.C8.1968	RLP
evm.model.C8.1969	RLP
evm.model.C8.2072	RLP
evm.model.C8.2282	RLP
evm.model.C8.2418	RLP
evm.model.C8.2456	RLP
evm.model.C8.2718	RLP
evm.model.C8.2743	RLP
evm.model.C8.3037	RLP
evm.model.C8.3669	RLP
evm.model.C8.3982	RLP
evm.model.C8.4830	RLP
evm.model.C8.4856	RLP
evm.model.C8.5033	RLP
evm.model.C8.5454	RLP
evm.model.C8.5574	RLP
evm.model.C8.5576	RLP
evm.model.C8.5577	RLP
evm.model.C8.690	RLP
evm.model.C9.1274	RLP
evm.model.C9.2478	RLP
evm.model.C9.2544	RLP
evm.model.C9.3064	RLP
evm.model.C9.318	RLP
evm.model.C9.372	RLP
evm.model.C9.5370	RLP
evm.model.C9.5449	RLP
evm.model.C9.6411	RLP
evm.model.C9.713	RLP
evm.model.C9.714	RLP
evm.model.Scaffold00576.15	RLP
evm.model.Scaffold00831.1	RLP
evm.model.Scaffold00831.2	RLP
evm.model.Scaffold03712.1	RLP
evm.model.jcf7180001457479_firstRound.1	RLP
evm.model.jcf7180001458324_firstRound.1	RLP
evm.model.jcf7180001460181_firstRound.1	RLP
evm.model.jcf7180001471469_firstRound.1	RLP
evm.model.jcf7180001472010_firstRound.1	RLP
evm.model.jcf7180001472079_firstRound.1	RLP
evm.model.jcf7180001494764_firstRound.1	RLP
evm.model.jcf7180001505889_firstRound.1	RLP
evm.model.jcf7180001506543_firstRound.1	RLP
evm.model.jcf7180001507169_firstRound.1	RLP
evm.model.jcf7180001509611_firstRound.1	RLP
evm.model.jcf7180001510293_firstRound.1	RLP
evm.model.jcf7180001511551_firstRound.1	RLP
evm.model.jcf7180001512003_firstRound.3	RLP
evm.model.jcf7180001512177_firstRound.1	RLP
evm.model.jcf7180003230500.1	RLP
evm.model.jcf7180003282190.1	RLP
evm.model.C1.1010	TM-CC
evm.model.C1.1873	TM-CC
evm.model.C1.2184	TM-CC
evm.model.C1.2262	TM-CC
evm.model.C1.2409	TM-CC
evm.model.C1.2434	TM-CC
evm.model.C1.2738	TM-CC
evm.model.C1.3058	TM-CC
evm.model.C1.3160	TM-CC
evm.model.C1.3374	TM-CC
evm.model.C1.3403	TM-CC
evm.model.C1.3544	TM-CC
evm.model.C1.3545	TM-CC
evm.model.C1.3651	TM-CC
evm.model.C1.3937	TM-CC
evm.model.C1.400	TM-CC
evm.model.C1.4636	TM-CC
evm.model.C1.5591	TM-CC
evm.model.C1.633	TM-CC
evm.model.C1.757	TM-CC
evm.model.C2.1111	TM-CC
evm.model.C2.1382	TM-CC
evm.model.C2.1873	TM-CC
evm.model.C2.191	TM-CC
evm.model.C2.1917	TM-CC
evm.model.C2.203	TM-CC
evm.model.C2.204	TM-CC
evm.model.C2.3086	TM-CC
evm.model.C2.352	TM-CC
evm.model.C2.4051	TM-CC
evm.model.C2.4613	TM-CC
evm.model.C2.4803	TM-CC
evm.model.C2.5178	TM-CC
evm.model.C2.5325	TM-CC
evm.model.C2.5343	TM-CC
evm.model.C2.5363	TM-CC
evm.model.C2.5369	TM-CC
evm.model.C2.5455	TM-CC
evm.model.C2.5913	TM-CC
evm.model.C2.6032	TM-CC
evm.model.C2.6198	TM-CC
evm.model.C2.6226	TM-CC
evm.model.C2.6279	TM-CC
evm.model.C2.783	TM-CC
evm.model.C2.828	TM-CC
evm.model.C3.1001	TM-CC
evm.model.C3.1072	TM-CC
evm.model.C3.1107	TM-CC
evm.model.C3.1393	TM-CC
evm.model.C3.2093	TM-CC
evm.model.C3.217	TM-CC
evm.model.C3.2321	TM-CC
evm.model.C3.2539	TM-CC
evm.model.C3.2648	TM-CC
evm.model.C3.293	TM-CC
evm.model.C3.2954	TM-CC
evm.model.C3.3255	TM-CC
evm.model.C3.3256	TM-CC
evm.model.C3.3486	TM-CC
evm.model.C3.3941	TM-CC
evm.model.C3.3965	TM-CC
evm.model.C3.4152	TM-CC
evm.model.C3.4219	TM-CC
evm.model.C3.4444	TM-CC
evm.model.C3.4512	TM-CC
evm.model.C3.452	TM-CC
evm.model.C3.4660	TM-CC
evm.model.C3.4670	TM-CC
evm.model.C3.4986	TM-CC
evm.model.C3.5116	TM-CC
evm.model.C3.5178	TM-CC
evm.model.C3.5255	TM-CC
evm.model.C3.5598	TM-CC
evm.model.C3.5619	TM-CC
evm.model.C3.5630	TM-CC
evm.model.C3.5838	TM-CC
evm.model.C3.5891	TM-CC
evm.model.C3.5909	TM-CC
evm.model.C3.6092	TM-CC
evm.model.C3.6135	TM-CC
evm.model.C3.6752	TM-CC
evm.model.C3.6854	TM-CC
evm.model.C3.7018	TM-CC
evm.model.C3.7197	TM-CC
evm.model.C3.7363	TM-CC
evm.model.C3.8070	TM-CC
evm.model.C3.842	TM-CC
evm.model.C3.8529	TM-CC
evm.model.C4.1034	TM-CC
evm.model.C4.1086	TM-CC
evm.model.C4.130	TM-CC
evm.model.C4.1344	TM-CC
evm.model.C4.1782	TM-CC
evm.model.C4.2203	TM-CC
evm.model.C4.2613	TM-CC
evm.model.C4.3050	TM-CC
evm.model.C4.307	TM-CC
evm.model.C4.3107	TM-CC
evm.model.C4.3170	TM-CC
evm.model.C4.3231	TM-CC
evm.model.C4.3813	TM-CC
evm.model.C4.3961	TM-CC
evm.model.C4.4039	TM-CC
evm.model.C4.4211	TM-CC
evm.model.C4.4387	TM-CC
evm.model.C4.4945	TM-CC
evm.model.C4.5097	TM-CC
evm.model.C4.5335	TM-CC
evm.model.C4.5905	TM-CC
evm.model.C4.615	TM-CC
evm.model.C4.6436	TM-CC
evm.model.C4.6471	TM-CC
evm.model.C4.778	TM-CC
evm.model.C4.94	TM-CC
evm.model.C5.1379	TM-CC
evm.model.C5.1714	TM-CC
evm.model.C5.197	TM-CC
evm.model.C5.2209	TM-CC
evm.model.C5.236	TM-CC
evm.model.C5.2435	TM-CC
evm.model.C5.2980	TM-CC
evm.model.C5.3028	TM-CC
evm.model.C5.3042	TM-CC
evm.model.C5.3048	TM-CC
evm.model.C5.3919	TM-CC
evm.model.C5.3973	TM-CC
evm.model.C5.4406	TM-CC
evm.model.C5.4407	TM-CC
evm.model.C5.4437	TM-CC
evm.model.C5.4453	TM-CC
evm.model.C5.5022	TM-CC
evm.model.C5.5272	TM-CC
evm.model.C5.5297	TM-CC
evm.model.C5.5390	TM-CC
evm.model.C5.5527	TM-CC
evm.model.C5.5588	TM-CC
evm.model.C5.5805	TM-CC
evm.model.C5.5858	TM-CC
evm.model.C5.6049	TM-CC
evm.model.C5.6153	TM-CC
evm.model.C5.6275	TM-CC
evm.model.C5.6288	TM-CC
evm.model.C5.662	TM-CC
evm.model.C5.884	TM-CC
evm.model.C6.1017	TM-CC
evm.model.C6.2396	TM-CC
evm.model.C6.2536	TM-CC
evm.model.C6.2538	TM-CC
evm.model.C6.2626	TM-CC
evm.model.C6.2950	TM-CC
evm.model.C6.3305	TM-CC
evm.model.C6.3744	TM-CC
evm.model.C6.4161	TM-CC
evm.model.C6.4198	TM-CC
evm.model.C6.4414	TM-CC
evm.model.C6.4465	TM-CC
evm.model.C6.4600	TM-CC
evm.model.C6.4965	TM-CC
evm.model.C7.1951	TM-CC
evm.model.C7.2076	TM-CC
evm.model.C7.2354	TM-CC
evm.model.C7.2492	TM-CC
evm.model.C7.2724	TM-CC
evm.model.C7.2759	TM-CC
evm.model.C7.3004	TM-CC
evm.model.C7.3686	TM-CC
evm.model.C7.3830	TM-CC
evm.model.C7.3848	TM-CC
evm.model.C7.3849	TM-CC
evm.model.C7.4387	TM-CC
evm.model.C7.4480	TM-CC
evm.model.C7.4481	TM-CC
evm.model.C7.4710	TM-CC
evm.model.C7.5548	TM-CC
evm.model.C7.5658	TM-CC
evm.model.C7.5738	TM-CC
evm.model.C7.5802	TM-CC
evm.model.C7.631	TM-CC
evm.model.C7.701	TM-CC
evm.model.C7.708	TM-CC
evm.model.C8.140	TM-CC
evm.model.C8.1690	TM-CC
evm.model.C8.1868	TM-CC
evm.model.C8.1897	TM-CC
evm.model.C8.1933	TM-CC
evm.model.C8.2352	TM-CC
evm.model.C8.2935	TM-CC
evm.model.C8.3082	TM-CC
evm.model.C8.3194	TM-CC
evm.model.C8.3323	TM-CC
evm.model.C8.3388	TM-CC
evm.model.C8.3744	TM-CC
evm.model.C8.4005	TM-CC
evm.model.C8.4082	TM-CC
evm.model.C8.4113	TM-CC
evm.model.C8.4515	TM-CC
evm.model.C8.4761	TM-CC
evm.model.C8.5330	TM-CC
evm.model.C8.5380	TM-CC
evm.model.C8.5644	TM-CC
evm.model.C8.5754	TM-CC
evm.model.C8.59	TM-CC
evm.model.C8.974	TM-CC
evm.model.C9.1095	TM-CC
evm.model.C9.1254	TM-CC
evm.model.C9.1299	TM-CC
evm.model.C9.1385	TM-CC
evm.model.C9.1569	TM-CC
evm.model.C9.1921	TM-CC
evm.model.C9.2338	TM-CC
evm.model.C9.2645	TM-CC
evm.model.C9.2659	TM-CC
evm.model.C9.2815	TM-CC
evm.model.C9.3033	TM-CC
evm.model.C9.3420	TM-CC
evm.model.C9.371	TM-CC
evm.model.C9.393	TM-CC
evm.model.C9.3994	TM-CC
evm.model.C9.4645	TM-CC
evm.model.C9.5150	TM-CC
evm.model.C9.5663	TM-CC
evm.model.C9.5757	TM-CC
evm.model.C9.5763	TM-CC
evm.model.C9.6078	TM-CC
evm.model.C9.6097	TM-CC
evm.model.C9.6124	TM-CC
evm.model.C9.6336	TM-CC
evm.model.C9.6478	TM-CC
evm.model.C9.6593	TM-CC
evm.model.C9.6629	TM-CC
evm.model.C9.6728	TM-CC
evm.model.C9.6854	TM-CC
evm.model.C9.904	TM-CC
evm.model.C9.930	TM-CC
evm.model.C9.962	TM-CC
evm.model.C9.996	TM-CC
evm.model.Scaffold00795.1	TM-CC
evm.model.Scaffold00902.2	TM-CC
evm.model.Scaffold00966.5	TM-CC
evm.model.jcf7180001475321_firstRound.1	TM-CC
evm.model.jcf7180001491898_firstRound.1	TM-CC
evm.model.jcf7180001497726_firstRound.1	TM-CC
evm.model.jcf7180001509939_firstRound.1	TM-CC
evm.model.jcf7180001510021_firstRound.1	TM-CC
evm.model.jcf7180003282223.1	TM-CC
