BolC1g10330C3	RLK	other_receptor
BolC1g10350C3	RLK	lrr
BolC1g10470C3	RLK	lrr
BolC1g11470C3	RLK	other_receptor
BolC1g11490C3	RLK	other_receptor
BolC1g12040C3	RLK	lrr
BolC1g12130C3	RLK	other_receptor
BolC1g13560C3	RLK	lrr
BolC1g13680C3	RLK	lrr
BolC1g14060C3	RLK	lrr
BolC1g14070C3	RLK	lrr
BolC1g14570C3	RLK	other_receptor
BolC1g14580C3	RLK	other_receptor
BolC1g15260C3	RLK	other_receptor
BolC1g15490C3	RLK	lrr
BolC1g16140C3	RLK	lrr
BolC1g16380C3	RLK	other_receptor
BolC1g16420C3	RLK	other_receptor
BolC1g16690C3	RLK	other_receptor
BolC1g16700C3	RLK	other_receptor
BolC1g16770C3	RLK	other_receptor
BolC1g16780C3	RLK	other_receptor
BolC1g16790C3	RLK	other_receptor
BolC1g16800C3	RLK	other_receptor
BolC1g17570C3	RLK	lrr
BolC1g01970C3	RLK	lrr
BolC1g21090C3	RLK	lrr
BolC1g21890C3	RLK	other_receptor
BolC1g24370C3	RLK	other_receptor
BolC1g26880C3	RLK	lrr
BolC1g26960C3	RLK	other_receptor
BolC1g02820C3	RLK	lrr
BolC1g28890C3	RLK	other_receptor
BolC1g32780C3	RLK	lrr
BolC1g35770C3	RLK	lrr
BolC1g35940C3	RLK	lrr
BolC1g36640C3	RLK	other_receptor
BolC1g36660C3	RLK	other_receptor
BolC1g38350C3	RLK	lrr
BolC1g00410C3	RLK	other_receptor
BolC1g42030C3	RLK	other_receptor
BolC1g42620C3	RLK	lrr
BolC1g43480C3	RLK	other_receptor
BolC1g44510C3	RLK	lrr
BolC1g46070C3	RLK	other_receptor
BolC1g04630C3	RLK	lrr
BolC1g47320C3	RLK	lrr
BolC1g47880C3	RLK	lrr
BolC1g04830C3	RLK	other_receptor
BolC1g49070C3	RLK	lrr
BolC1g00520C3	RLK	lrr
BolC1g52480C3	RLK	other_receptor
BolC1g52510C3	RLK	other_receptor
BolC1g55860C3	RLK	lrr
BolC1g56310C3	RLK	lrr
BolC1g05970C3	RLK	other_receptor
BolC1g06410C3	RLK	other_receptor
BolC1g06420C3	RLK	other_receptor
BolC1g06480C3	RLK	other_receptor
BolC1g06640C3	RLK	other_receptor
BolC1g07350C3	RLK	other_receptor
BolC1g07360C3	RLK	lrr
BolC1g07440C3	RLK	other_receptor
BolC1g07510C3	RLK	other_receptor
BolC1g07520C3	RLK	other_receptor
BolC1g07630C3	RLK	other_receptor
BolC1g09410C3	RLK	lrr
BolC2g10380C3	RLK	lrr
BolC2g11990C3	RLK	other_receptor
BolC2g00120C3	RLK	lrr
BolC2g12590C3	RLK	lrr
BolC2g13680C3	RLK	other_receptor
BolC2g13690C3	RLK	other_receptor
BolC2g13740C3	RLK	lrr
BolC2g15780C3	RLK	lrr
BolC2g17690C3	RLK	other_receptor
BolC2g17790C3	RLK	lrr
BolC2g18820C3	RLK	other_receptor
BolC2g19550C3	RLK	other_receptor
BolC2g21850C3	RLK	other_receptor
BolC2g21880C3	RLK	other_receptor
BolC2g21950C3	RLK	other_receptor
BolC2g22040C3	RLK	other_receptor
BolC2g22100C3	RLK	other_receptor
BolC2g23340C3	RLK	lrr
BolC2g23720C3	RLK	lrr
BolC2g00250C3	RLK	other_receptor
BolC2g25170C3	RLK	lrr
BolC2g02530C3	RLK	other_receptor
BolC2g26280C3	RLK	other_receptor
BolC2g26540C3	RLK	lrr
BolC2g26640C3	RLK	other_receptor
BolC2g28540C3	RLK	lrr
BolC2g28710C3	RLK	lrr
BolC2g00330C3	RLK	other_receptor
BolC2g34730C3	RLK	lrr
BolC2g34750C3	RLK	other_receptor
BolC2g34770C3	RLK	other_receptor
BolC2g34970C3	RLK	other_receptor
BolC2g35860C3	RLK	lrr
BolC2g36550C3	RLK	other_receptor
BolC2g37640C3	RLK	other_receptor
BolC2g03780C3	RLK	lrr
BolC2g37870C3	RLK	other_receptor
BolC2g38510C3	RLK	other_receptor
BolC2g38620C3	RLK	other_receptor
BolC2g38700C3	RLK	other_receptor
BolC2g03890C3	RLK	other_receptor
BolC2g41650C3	RLK	other_receptor
BolC2g42240C3	RLK	other_receptor
BolC2g43250C3	RLK	lrr
BolC2g43350C3	RLK	lrr
BolC2g45130C3	RLK	lrr
BolC2g45290C3	RLK	lrr
BolC2g46390C3	RLK	lrr
BolC2g46680C3	RLK	lrr
BolC2g47720C3	RLK	other_receptor
BolC2g04850C3	RLK	other_receptor
BolC2g49470C3	RLK	lrr
BolC2g50030C3	RLK	lrr
BolC2g50130C3	RLK	other_receptor
BolC2g05200C3	RLK	other_receptor
BolC2g53650C3	RLK	lrr
BolC2g54160C3	RLK	other_receptor
BolC2g56250C3	RLK	other_receptor
BolC2g57110C3	RLK	other_receptor
BolC2g62540C3	RLK	other_receptor
BolC2g07260C3	RLK	lrr
BolC2g07470C3	RLK	lrr
BolC2g07820C3	RLK	lrr
BolC2g09840C3	RLK	other_receptor
BolC3g11650C3	RLK	lrr
BolC3g12580C3	RLK	lrr
BolC3g12680C3	RLK	lrr
BolC3g01350C3	RLK	other_receptor
BolC3g14870C3	RLK	other_receptor
BolC3g17250C3	RLK	other_receptor
BolC3g18110C3	RLK	lrr
BolC3g19970C3	RLK	lrr
BolC3g20220C3	RLK	other_receptor
BolC3g20730C3	RLK	other_receptor
BolC3g20860C3	RLK	lrr
BolC3g21130C3	RLK	lrr
BolC3g22040C3	RLK	other_receptor
BolC3g22960C3	RLK	other_receptor
BolC3g00230C3	RLK	lrr
BolC3g23140C3	RLK	other_receptor
BolC3g24950C3	RLK	other_receptor
BolC3g00250C3	RLK	lrr
BolC3g27440C3	RLK	other_receptor
BolC3g29170C3	RLK	lrr
BolC3g29390C3	RLK	other_receptor
BolC3g29670C3	RLK	lrr
BolC3g29680C3	RLK	lrr
BolC3g29890C3	RLK	other_receptor
BolC3g30530C3	RLK	other_receptor
BolC3g03200C3	RLK	lrr
BolC3g32130C3	RLK	lrr
BolC3g32460C3	RLK	other_receptor
BolC3g34650C3	RLK	other_receptor
BolC3g35370C3	RLK	other_receptor
BolC3g35490C3	RLK	other_receptor
BolC3g36150C3	RLK	lrr
BolC3g42700C3	RLK	lrr
BolC3g42750C3	RLK	lrr
BolC3g42780C3	RLK	lrr
BolC3g45570C3	RLK	other_receptor
BolC3g04590C3	RLK	lrr
BolC3g46680C3	RLK	lrr
BolC3g46800C3	RLK	other_receptor
BolC3g00470C3	RLK	other_receptor
BolC3g47380C3	RLK	lrr
BolC3g48430C3	RLK	other_receptor
BolC3g49520C3	RLK	lrr
BolC3g51040C3	RLK	lrr
BolC3g52000C3	RLK	lrr
BolC3g53310C3	RLK	other_receptor
BolC3g54620C3	RLK	lrr
BolC3g54790C3	RLK	other_receptor
BolC3g55350C3	RLK	lrr
BolC3g57200C3	RLK	lrr
BolC3g05760C3	RLK	other_receptor
BolC3g59120C3	RLK	lrr
BolC3g63950C3	RLK	other_receptor
BolC3g64910C3	RLK	lrr
BolC3g66370C3	RLK	other_receptor
BolC3g66390C3	RLK	lrr
BolC3g06700C3	RLK	lrr
BolC3g67700C3	RLK	other_receptor
BolC3g68400C3	RLK	other_receptor
BolC3g70750C3	RLK	lrr
BolC3g71060C3	RLK	other_receptor
BolC3g71510C3	RLK	lrr
BolC3g71520C3	RLK	other_receptor
BolC3g72070C3	RLK	other_receptor
BolC3g72480C3	RLK	lrr
BolC3g73130C3	RLK	other_receptor
BolC3g73200C3	RLK	lrr
BolC3g75900C3	RLK	other_receptor
BolC3g07640C3	RLK	lrr
BolC3g76540C3	RLK	other_receptor
BolC3g77490C3	RLK	lrr
BolC3g78120C3	RLK	lrr
BolC3g78470C3	RLK	lrr
BolC3g78940C3	RLK	other_receptor
BolC3g79020C3	RLK	other_receptor
BolC3g79030C3	RLK	other_receptor
BolC3g81500C3	RLK	other_receptor
BolC3g82490C3	RLK	other_receptor
BolC3g83860C3	RLK	lrr
BolC3g84350C3	RLK	other_receptor
BolC3g84370C3	RLK	other_receptor
BolC3g84590C3	RLK	lysm
BolC3g85620C3	RLK	lrr
BolC3g86950C3	RLK	lrr
BolC3g87360C3	RLK	lrr
BolC3g87370C3	RLK	lrr
BolC3g09820C3	RLK	other_receptor
BolC4g10300C3	RLK	lrr
BolC4g13580C3	RLK	other_receptor
BolC4g13610C3	RLK	other_receptor
BolC4g16470C3	RLK	other_receptor
BolC4g17130C3	RLK	other_receptor
BolC4g17290C3	RLK	other_receptor
BolC4g17650C3	RLK	other_receptor
BolC4g18210C3	RLK	other_receptor
BolC4g18640C3	RLK	other_receptor
BolC4g19660C3	RLK	other_receptor
BolC4g19880C3	RLK	lrr
BolC4g19910C3	RLK	other_receptor
BolC4g22600C3	RLK	lrr
BolC4g23480C3	RLK	lrr
BolC4g26170C3	RLK	other_receptor
BolC4g26190C3	RLK	other_receptor
BolC4g26370C3	RLK	other_receptor
BolC4g02680C3	RLK	lrr
BolC4g28330C3	RLK	lrr
BolC4g30050C3	RLK	other_receptor
BolC4g34940C3	RLK	lrr
BolC4g34950C3	RLK	other_receptor
BolC4g35920C3	RLK	other_receptor
BolC4g03600C3	RLK	other_receptor
BolC4g38630C3	RLK	other_receptor
BolC4g39830C3	RLK	other_receptor
BolC4g42150C3	RLK	other_receptor
BolC4g42190C3	RLK	other_receptor
BolC4g42200C3	RLK	other_receptor
BolC4g44560C3	RLK	other_receptor
BolC4g45160C3	RLK	other_receptor
BolC4g45950C3	RLK	other_receptor
BolC4g46980C3	RLK	other_receptor
BolC4g48680C3	RLK	other_receptor
BolC4g48700C3	RLK	other_receptor
BolC4g48710C3	RLK	other_receptor
BolC4g48780C3	RLK	other_receptor
BolC4g49060C3	RLK	lysm
BolC4g49220C3	RLK	other_receptor
BolC4g49420C3	RLK	lrr
BolC4g50360C3	RLK	other_receptor
BolC4g50500C3	RLK	other_receptor
BolC4g50660C3	RLK	other_receptor
BolC4g50850C3	RLK	other_receptor
BolC4g51430C3	RLK	lrr
BolC4g53280C3	RLK	lrr
BolC4g53290C3	RLK	lrr
BolC4g54330C3	RLK	other_receptor
BolC4g55990C3	RLK	lrr
BolC4g56000C3	RLK	lrr
BolC4g56950C3	RLK	lrr
BolC4g57330C3	RLK	lysm
BolC4g05740C3	RLK	lrr
BolC4g57770C3	RLK	other_receptor
BolC4g58830C3	RLK	lrr
BolC4g62570C3	RLK	other_receptor
BolC4g62610C3	RLK	other_receptor
BolC4g63110C3	RLK	other_receptor
BolC4g63620C3	RLK	lrr
BolC4g63730C3	RLK	other_receptor
BolC4g63930C3	RLK	lrr
BolC4g64900C3	RLK	other_receptor
BolC4g65910C3	RLK	lrr
BolC4g66080C3	RLK	other_receptor
BolC4g66520C3	RLK	other_receptor
BolC5g10340C3	RLK	lrr
BolC5g11880C3	RLK	lrr
BolC5g13950C3	RLK	other_receptor
BolC5g13970C3	RLK	other_receptor
BolC5g15140C3	RLK	lrr
BolC5g15410C3	RLK	other_receptor
BolC5g15560C3	RLK	lrr
BolC5g15660C3	RLK	other_receptor
BolC5g15860C3	RLK	other_receptor
BolC5g16740C3	RLK	other_receptor
BolC5g18990C3	RLK	other_receptor
BolC5g19010C3	RLK	other_receptor
BolC5g19030C3	RLK	other_receptor
BolC5g02060C3	RLK	other_receptor
BolC5g20820C3	RLK	other_receptor
BolC5g21600C3	RLK	other_receptor
BolC5g22260C3	RLK	lrr
BolC5g23080C3	RLK	other_receptor
BolC5g23430C3	RLK	other_receptor
BolC5g23470C3	RLK	other_receptor
BolC5g23490C3	RLK	other_receptor
BolC5g23550C3	RLK	lrr
BolC5g27640C3	RLK	lrr
BolC5g28710C3	RLK	lrr
BolC5g29500C3	RLK	other_receptor
BolC5g29890C3	RLK	other_receptor
BolC5g30130C3	RLK	other_receptor
BolC5g35660C3	RLK	lrr
BolC5g36610C3	RLK	lrr
BolC5g36890C3	RLK	lrr
BolC5g37590C3	RLK	lrr
BolC5g41880C3	RLK	other_receptor
BolC5g45930C3	RLK	other_receptor
BolC5g46730C3	RLK	other_receptor
BolC5g48340C3	RLK	lrr
BolC5g04920C3	RLK	lrr
BolC5g50460C3	RLK	other_receptor
BolC5g53580C3	RLK	lrr
BolC5g05520C3	RLK	lrr
BolC5g05630C3	RLK	lrr
BolC5g57060C3	RLK	other_receptor
BolC5g57980C3	RLK	lrr
BolC5g59410C3	RLK	other_receptor
BolC5g61900C3	RLK	lrr
BolC5g62390C3	RLK	lrr
BolC5g63380C3	RLK	other_receptor
BolC5g07760C3	RLK	lrr
BolC5g08430C3	RLK	other_receptor
BolC5g08620C3	RLK	lrr
BolC5g08820C3	RLK	lrr
BolC5g08970C3	RLK	other_receptor
BolC5g08980C3	RLK	other_receptor
BolC5g09010C3	RLK	other_receptor
BolC5g09020C3	RLK	other_receptor
BolC5g09080C3	RLK	other_receptor
BolC5g09100C3	RLK	other_receptor
BolC6g11910C3	RLK	lrr
BolC6g12000C3	RLK	lrr
BolC6g12020C3	RLK	lrr
BolC6g12030C3	RLK	lrr
BolC6g12070C3	RLK	lrr
BolC6g13210C3	RLK	other_receptor
BolC6g14510C3	RLK	other_receptor
BolC6g17530C3	RLK	other_receptor
BolC6g17700C3	RLK	other_receptor
BolC6g18320C3	RLK	other_receptor
BolC6g18980C3	RLK	lrr
BolC6g22140C3	RLK	other_receptor
BolC6g22420C3	RLK	lrr
BolC6g24330C3	RLK	lrr
BolC6g24680C3	RLK	other_receptor
BolC6g24890C3	RLK	other_receptor
BolC6g28900C3	RLK	other_receptor
BolC6g28920C3	RLK	other_receptor
BolC6g30160C3	RLK	lrr
BolC6g33010C3	RLK	lrr
BolC6g33430C3	RLK	lrr
BolC6g33580C3	RLK	lrr
BolC6g33890C3	RLK	lrr
BolC6g34940C3	RLK	other_receptor
BolC6g03500C3	RLK	other_receptor
BolC6g35030C3	RLK	other_receptor
BolC6g35050C3	RLK	other_receptor
BolC6g35900C3	RLK	other_receptor
BolC6g37740C3	RLK	lrr
BolC6g38240C3	RLK	other_receptor
BolC6g38310C3	RLK	lrr
BolC6g38360C3	RLK	other_receptor
BolC6g38390C3	RLK	other_receptor
BolC6g38410C3	RLK	other_receptor
BolC6g38420C3	RLK	other_receptor
BolC6g38450C3	RLK	other_receptor
BolC6g38460C3	RLK	other_receptor
BolC6g38470C3	RLK	other_receptor
BolC6g38490C3	RLK	other_receptor
BolC6g38860C3	RLK	lrr
BolC6g39140C3	RLK	lrr
BolC6g03960C3	RLK	other_receptor
BolC6g40330C3	RLK	other_receptor
BolC6g41800C3	RLK	lrr
BolC6g41950C3	RLK	other_receptor
BolC6g41970C3	RLK	other_receptor
BolC6g42250C3	RLK	other_receptor
BolC6g44040C3	RLK	lrr
BolC6g44130C3	RLK	lrr
BolC6g45170C3	RLK	other_receptor
BolC6g45920C3	RLK	lrr
BolC6g46850C3	RLK	lrr
BolC6g47060C3	RLK	lrr
BolC6g47220C3	RLK	lrr
BolC6g49410C3	RLK	other_receptor
BolC6g49800C3	RLK	lrr
BolC6g50390C3	RLK	other_receptor
BolC6g50400C3	RLK	other_receptor
BolC6g50740C3	RLK	other_receptor
BolC6g06010C3	RLK	other_receptor
BolC6g06190C3	RLK	lrr
BolC6g06210C3	RLK	lrr
BolC6g06220C3	RLK	lrr
BolC6g06270C3	RLK	lysm
BolC6g08940C3	RLK	lrr
BolC7g13060C3	RLK	lrr
BolC7g13400C3	RLK	lrr
BolC7g14580C3	RLK	other_receptor
BolC7g15220C3	RLK	other_receptor
BolC7g15570C3	RLK	other_receptor
BolC7g15680C3	RLK	lrr
BolC7g15710C3	RLK	lrr
BolC7g16760C3	RLK	lrr
BolC7g18210C3	RLK	lrr
BolC7g18500C3	RLK	other_receptor
BolC7g21620C3	RLK	other_receptor
BolC7g21630C3	RLK	other_receptor
BolC7g23580C3	RLK	lrr
BolC7g23620C3	RLK	lrr
BolC7g23960C3	RLK	lrr
BolC7g24070C3	RLK	lrr
BolC7g24670C3	RLK	other_receptor
BolC7g25600C3	RLK	lrr
BolC7g28460C3	RLK	lrr
BolC7g28470C3	RLK	other_receptor
BolC7g28480C3	RLK	other_receptor
BolC7g28630C3	RLK	other_receptor
BolC7g30850C3	RLK	lrr
BolC7g31520C3	RLK	lrr
BolC7g31570C3	RLK	lrr
BolC7g32020C3	RLK	lrr
BolC7g32320C3	RLK	lrr
BolC7g32540C3	RLK	lrr
BolC7g33590C3	RLK	lrr
BolC7g34100C3	RLK	other_receptor
BolC7g35250C3	RLK	other_receptor
BolC7g03610C3	RLK	other_receptor
BolC7g37360C3	RLK	lrr
BolC7g38200C3	RLK	lrr
BolC7g38420C3	RLK	other_receptor
BolC7g39180C3	RLK	other_receptor
BolC7g39330C3	RLK	other_receptor
BolC7g39440C3	RLK	other_receptor
BolC7g41040C3	RLK	lrr
BolC7g41740C3	RLK	other_receptor
BolC7g42490C3	RLK	other_receptor
BolC7g42810C3	RLK	other_receptor
BolC7g42820C3	RLK	other_receptor
BolC7g42870C3	RLK	other_receptor
BolC7g43140C3	RLK	other_receptor
BolC7g43710C3	RLK	other_receptor
BolC7g43720C3	RLK	other_receptor
BolC7g44280C3	RLK	lrr
BolC7g44330C3	RLK	other_receptor
BolC7g44570C3	RLK	lrr
BolC7g45470C3	RLK	other_receptor
BolC7g47170C3	RLK	other_receptor
BolC7g48390C3	RLK	other_receptor
BolC7g49110C3	RLK	other_receptor
BolC7g49550C3	RLK	lrr
BolC7g49650C3	RLK	lrr
BolC7g50710C3	RLK	other_receptor
BolC7g51070C3	RLK	other_receptor
BolC7g51140C3	RLK	other_receptor
BolC7g51160C3	RLK	other_receptor
BolC7g51410C3	RLK	other_receptor
BolC7g51550C3	RLK	lrr
BolC7g52550C3	RLK	other_receptor
BolC7g52780C3	RLK	other_receptor
BolC7g53800C3	RLK	other_receptor
BolC7g56200C3	RLK	lrr
BolC7g56530C3	RLK	other_receptor
BolC7g56650C3	RLK	other_receptor
BolC7g57350C3	RLK	other_receptor
BolC7g57790C3	RLK	lrr
BolC7g60930C3	RLK	lrr
BolC7g60980C3	RLK	lrr
BolC7g61080C3	RLK	other_receptor
BolC7g61270C3	RLK	other_receptor
BolC7g61530C3	RLK	other_receptor
BolC7g06670C3	RLK	other_receptor
BolC7g06900C3	RLK	lrr
BolC7g00810C3	RLK	other_receptor
BolC7g08850C3	RLK	lrr
BolC7g09030C3	RLK	lrr
BolC8g10110C3	RLK	lrr
BolC8g01510C3	RLK	other_receptor
BolC8g01530C3	RLK	other_receptor
BolC8g18380C3	RLK	other_receptor
BolC8g19070C3	RLK	lrr
BolC8g01940C3	RLK	lrr
BolC8g20240C3	RLK	lrr
BolC8g20830C3	RLK	other_receptor
BolC8g21050C3	RLK	lrr
BolC8g21320C3	RLK	other_receptor
BolC8g21420C3	RLK	other_receptor
BolC8g23810C3	RLK	other_receptor
BolC8g25660C3	RLK	other_receptor
BolC8g26770C3	RLK	other_receptor
BolC8g26800C3	RLK	other_receptor
BolC8g26840C3	RLK	other_receptor
BolC8g26850C3	RLK	other_receptor
BolC8g26880C3	RLK	other_receptor
BolC8g27920C3	RLK	other_receptor
BolC8g28140C3	RLK	other_receptor
BolC8g32660C3	RLK	other_receptor
BolC8g32850C3	RLK	other_receptor
BolC8g34490C3	RLK	lrr
BolC8g36750C3	RLK	other_receptor
BolC8g36890C3	RLK	other_receptor
BolC8g36980C3	RLK	lrr
BolC8g37310C3	RLK	lrr
BolC8g38740C3	RLK	lrr
BolC8g39380C3	RLK	other_receptor
BolC8g39770C3	RLK	other_receptor
BolC8g41660C3	RLK	other_receptor
BolC8g41670C3	RLK	other_receptor
BolC8g04280C3	RLK	lrr
BolC8g43280C3	RLK	lrr
BolC8g43630C3	RLK	other_receptor
BolC8g44630C3	RLK	lrr
BolC8g44990C3	RLK	other_receptor
BolC8g45110C3	RLK	other_receptor
BolC8g45960C3	RLK	other_receptor
BolC8g47280C3	RLK	other_receptor
BolC8g47950C3	RLK	other_receptor
BolC8g48950C3	RLK	other_receptor
BolC8g49120C3	RLK	other_receptor
BolC8g49180C3	RLK	other_receptor
BolC8g49190C3	RLK	other_receptor
BolC8g49200C3	RLK	other_receptor
BolC8g49600C3	RLK	other_receptor
BolC8g52390C3	RLK	other_receptor
BolC8g52540C3	RLK	other_receptor
BolC8g53340C3	RLK	lrr
BolC8g54430C3	RLK	lrr
BolC8g08210C3	RLK	lrr
BolC8g08350C3	RLK	other_receptor
BolC8g08660C3	RLK	lrr
BolC9g10110C3	RLK	lrr
BolC9g10670C3	RLK	lrr
BolC9g11870C3	RLK	lrr
BolC9g13020C3	RLK	other_receptor
BolC9g13580C3	RLK	other_receptor
BolC9g15220C3	RLK	other_receptor
BolC9g15270C3	RLK	lrr
BolC9g16880C3	RLK	lrr
BolC9g18490C3	RLK	other_receptor
BolC9g18620C3	RLK	lrr
BolC9g19070C3	RLK	other_receptor
BolC9g19080C3	RLK	other_receptor
BolC9g19100C3	RLK	other_receptor
BolC9g19150C3	RLK	other_receptor
BolC9g02100C3	RLK	other_receptor
BolC9g21500C3	RLK	other_receptor
BolC9g22190C3	RLK	other_receptor
BolC9g22880C3	RLK	lrr
BolC9g25220C3	RLK	lrr
BolC9g02750C3	RLK	lrr
BolC9g29390C3	RLK	other_receptor
BolC9g03140C3	RLK	other_receptor
BolC9g00340C3	RLK	other_receptor
BolC9g34010C3	RLK	other_receptor
BolC9g34210C3	RLK	other_receptor
BolC9g34370C3	RLK	other_receptor
BolC9g34470C3	RLK	other_receptor
BolC9g34480C3	RLK	other_receptor
BolC9g35460C3	RLK	lrr
BolC9g35560C3	RLK	lrr
BolC9g03610C3	RLK	lrr
BolC9g37840C3	RLK	lrr
BolC9g39760C3	RLK	other_receptor
BolC9g40920C3	RLK	other_receptor
BolC9g40970C3	RLK	lrr
BolC9g41500C3	RLK	other_receptor
BolC9g04340C3	RLK	other_receptor
BolC9g43510C3	RLK	other_receptor
BolC9g43780C3	RLK	lrr
BolC9g44860C3	RLK	other_receptor
BolC9g46690C3	RLK	other_receptor
BolC9g46940C3	RLK	other_receptor
BolC9g04780C3	RLK	lrr
BolC9g48360C3	RLK	lrr
BolC9g48450C3	RLK	lrr
BolC9g48560C3	RLK	other_receptor
BolC9g51480C3	RLK	lrr
BolC9g52530C3	RLK	other_receptor
BolC9g52640C3	RLK	other_receptor
BolC9g56060C3	RLK	lrr
BolC9g56550C3	RLK	lrr
BolC9g56810C3	RLK	other_receptor
BolC9g56910C3	RLK	other_receptor
BolC9g58250C3	RLK	lrr
BolC9g58990C3	RLK	other_receptor
BolC9g59730C3	RLK	other_receptor
BolC9g61880C3	RLK	lrr
BolC9g63490C3	RLK	other_receptor
BolC9g63500C3	RLK	other_receptor
BolC9g63560C3	RLK	lrr
BolC9g63690C3	RLK	lrr
BolC9g64010C3	RLK	other_receptor
BolC9g64100C3	RLK	lrr
BolC9g64180C3	RLK	lrr
BolC9g64250C3	RLK	other_receptor
BolC9g65690C3	RLK	lrr
BolC9g00660C3	RLK	other_receptor
BolC9g68150C3	RLK	other_receptor
BolC9g07020C3	RLK	lrr
BolC9g07300C3	RLK	other_receptor
BolC9g07610C3	RLK	other_receptor
BolC9g07780C3	RLK	other_receptor
BolC9g08360C3	RLK	lrr
BolC9g08890C3	RLK	lrr
BolU01g00380C3	RLK	other_receptor
BolU01g02550C3	RLK	lrr
BolU01g03180C3	RLK	other_receptor
BolU01g03900C3	RLK	other_receptor
BolU01g04780C3	RLK	other_receptor
BolU01g07890C3	RLK	other_receptor
BolU01g08820C3	RLK	other_receptor
BolU01g09410C3	RLK	lrr
BolU01g09560C3	RLK	lrr
BolU01g09730C3	RLK	other_receptor
BolU01g11680C3	RLK	lrr
BolU01g12670C3	RLK	lrr
BolU01g13630C3	RLK	lrr
BolU01g14090C3	RLK	other_receptor
BolU01g14300C3	RLK	lrr
BolU01g14650C3	RLK	lrr
BolU01g15400C3	RLK	other_receptor
BolU01g15890C3	RLK	lrr
BolU01g16100C3	RLK	other_receptor
BolU01g16980C3	RLK	other_receptor
BolU01g17090C3	RLK	other_receptor
BolU01g17530C3	RLK	other_receptor
BolP1g00300C3	RLK	lrr
BolP1g00710C3	RLK	other_receptor
BolP1g01360C3	RLK	other_receptor
BolP1g01580C3	RLK	other_receptor
BolP1g02550C3	RLK	other_receptor
BolP1g03770C3	RLK	other_receptor
BolP1g06290C3	RLK	other_receptor
BolP1g07150C3	RLK	other_receptor
BolP1g09380C3	RLK	other_receptor
BolP1g10130C3	RLK	other_receptor
BolP1g12030C3	RLK	lrr
BolP1g12330C3	RLK	lrr
BolP1g12830C3	RLK	other_receptor
BolP1g13740C3	RLK	lrr
BolP1g16630C3	RLK	other_receptor
BolP1g21900C3	RLK	lrr
BolP1g22380C3	RLK	other_receptor
BolP1g23020C3	RLK	other_receptor
BolP1g23460C3	RLK	lrr
BolP1g23510C3	RLK	lrr
BolP1g23560C3	RLK	lrr
BolP1g24240C3	RLK	other_receptor
BolP1g25840C3	RLK	other_receptor
BolP1g27030C3	RLK	other_receptor
BolP1g28970C3	RLK	other_receptor
BolP1g29680C3	RLK	other_receptor
BolP1g31950C3	RLK	other_receptor
BolP1g33000C3	RLK	other_receptor
BolP1g33010C3	RLK	other_receptor
BolP1g34630C3	RLK	other_receptor
BolP1g36730C3	RLK	other_receptor
BolP1g39440C3	RLK	other_receptor
BolP1g41030C3	RLK	other_receptor
BolP1g41360C3	RLK	other_receptor
BolP1g42160C3	RLK	other_receptor
BolP1g42500C3	RLK	other_receptor
BolP1g42680C3	RLK	other_receptor
BolP1g43190C3	RLK	other_receptor
BolP1g45980C3	RLK	other_receptor
BolP1g46050C3	RLK	other_receptor
BolP1g46160C3	RLK	lrr
BolP1g47080C3	RLK	other_receptor
BolP1g48980C3	RLK	other_receptor
BolP1g51110C3	RLK	other_receptor
BolP1g51740C3	RLK	other_receptor
BolP1g53150C3	RLK	lrr
BolP1g56430C3	RLK	other_receptor
BolP1g56470C3	RLK	lrr
BolP1g57150C3	RLK	other_receptor
