evm.model.C1.1040	RLP	lrr
evm.model.C1.1178	RLP	lrr
evm.model.C1.1218	RLP	lrr
evm.model.C1.2664	RLP	lrr
evm.model.C1.2667	RLP	lrr
evm.model.C1.2670	RLP	lrr
evm.model.C1.3206	RLP	lrr
evm.model.C1.3439	RLP	lrr
evm.model.C1.5085	RLP	lrr
evm.model.C1.5088	RLP	lrr
evm.model.C1.5437	RLP	lrr
evm.model.C1.608	RLP	lrr
evm.model.C2.1103	RLP	lrr
evm.model.C2.1260	RLP	lrr
evm.model.C2.1542	RLP	lrr
evm.model.C2.2063	RLP	lrr
evm.model.C2.2114	RLP	lrr
evm.model.C2.2277	RLP	lrr
evm.model.C2.2759	RLP	lrr
evm.model.C2.3004	RLP	lrr
evm.model.C2.3005	RLP	lrr
evm.model.C2.3006	RLP	lrr
evm.model.C2.3008	RLP	lrr
evm.model.C2.3292	RLP	lysm
evm.model.C2.5165	RLP	lrr
evm.model.C2.5510	RLP	lrr
evm.model.C2.5511	RLP	lrr
evm.model.C2.5512	RLP	lrr
evm.model.C2.596	RLP	lrr
evm.model.C2.734	RLP	lrr
evm.model.C2.924	RLP	lrr
evm.model.C2.952	RLP	lrr
evm.model.C3.1339	RLP	lrr
evm.model.C3.1364	RLP	lrr
evm.model.C3.1871	RLP	lrr
evm.model.C3.3393	RLP	lrr
evm.model.C3.3621	RLP	lrr
evm.model.C3.3721	RLP	lrr
evm.model.C3.3843	RLP	lrr
evm.model.C3.4893	RLP	lrr
evm.model.C3.4967	RLP	lrr
evm.model.C3.7161	RLP	lrr
evm.model.C3.7651	RLP	lrr
evm.model.C3.7657	RLP	lrr
evm.model.C3.799	RLP	lrr
evm.model.C3.8355	RLP	lrr
evm.model.C4.1336	RLP	lrr
evm.model.C4.1337	RLP	lrr
evm.model.C4.1488	RLP	lrr
evm.model.C4.1489	RLP	lrr
evm.model.C4.1503	RLP	lrr
evm.model.C4.1548	RLP	lrr
evm.model.C4.2129	RLP	lrr
evm.model.C4.344	RLP	lrr
evm.model.C4.3934	RLP	lrr
evm.model.C4.3941	RLP	lrr
evm.model.C4.3943	RLP	lrr
evm.model.C4.4395	RLP	lrr
evm.model.C4.4804	RLP	lrr
evm.model.C4.4865	RLP	lrr
evm.model.C4.5007	RLP	lrr
evm.model.C4.5039	RLP	lrr
evm.model.C4.5040	RLP	lrr
evm.model.C4.5052	RLP	lrr
evm.model.C4.5078	RLP	lrr
evm.model.C4.5110	RLP	lrr
evm.model.C4.5161	RLP	lrr
evm.model.C4.5652	RLP	lrr
evm.model.C4.5655	RLP	lrr
evm.model.C4.5661	RLP	lrr
evm.model.C4.5708	RLP	lrr
evm.model.C4.5774	RLP	lrr
evm.model.C4.5795	RLP	lrr
evm.model.C4.6570	RLP	lrr
evm.model.C5.1097	RLP	lrr
evm.model.C5.1515	RLP	lrr
evm.model.C5.1557	RLP	lrr
evm.model.C5.1613	RLP	lrr
evm.model.C5.1962	RLP	lysm
evm.model.C5.2546	RLP	lrr
evm.model.C5.2739	RLP	lrr
evm.model.C5.2874	RLP	lrr
evm.model.C5.3124	RLP	lrr
evm.model.C5.5181	RLP	lrr
evm.model.C5.5202	RLP	lrr
evm.model.C5.829	RLP	lrr
evm.model.C6.1187	RLP	lrr
evm.model.C6.2042	RLP	lrr
evm.model.C6.2817	RLP	lrr
evm.model.C6.3115	RLP	lrr
evm.model.C6.3234	RLP	lrr
evm.model.C6.3236	RLP	lrr
evm.model.C6.3237	RLP	lrr
evm.model.C6.3335	RLP	lrr
evm.model.C6.3409	RLP	lrr
evm.model.C6.3665	RLP	lrr
evm.model.C6.3666	RLP	lrr
evm.model.C6.3687	RLP	lrr
evm.model.C6.4319	RLP	lrr
evm.model.C6.4320	RLP	lrr
evm.model.C6.4321	RLP	lrr
evm.model.C6.4322	RLP	lrr
evm.model.C6.4577	RLP	lrr
evm.model.C6.4578	RLP	lrr
evm.model.C6.4579	RLP	lrr
evm.model.C6.4580	RLP	lrr
evm.model.C7.1562	RLP	lrr
evm.model.C7.3911	RLP	lrr
evm.model.C7.495	RLP	lrr
evm.model.C8.1968	RLP	lrr
evm.model.C8.1969	RLP	lrr
evm.model.C8.2072	RLP	lrr
evm.model.C8.2282	RLP	lrr
evm.model.C8.2418	RLP	lrr
evm.model.C8.2456	RLP	lrr
evm.model.C8.2718	RLP	lysm
evm.model.C8.2743	RLP	lrr
evm.model.C8.3037	RLP	lrr
evm.model.C8.3669	RLP	lrr
evm.model.C8.3982	RLP	lrr
evm.model.C8.4830	RLP	lrr
evm.model.C8.4856	RLP	lrr
evm.model.C8.5033	RLP	lrr
evm.model.C8.5454	RLP	lrr
evm.model.C8.5574	RLP	lrr
evm.model.C8.5576	RLP	lrr
evm.model.C8.5577	RLP	lrr
evm.model.C8.690	RLP	lrr
evm.model.C9.1274	RLP	lrr
evm.model.C9.2478	RLP	lrr
evm.model.C9.2544	RLP	lrr
evm.model.C9.3064	RLP	lrr
evm.model.C9.318	RLP	lrr
evm.model.C9.372	RLP	lrr
evm.model.C9.5370	RLP	lrr
evm.model.C9.5449	RLP	lrr
evm.model.C9.6411	RLP	lrr
evm.model.C9.713	RLP	lrr
evm.model.C9.714	RLP	lrr
evm.model.Scaffold00576.15	RLP	lrr
evm.model.Scaffold00831.1	RLP	lrr
evm.model.Scaffold00831.2	RLP	lrr
evm.model.Scaffold03712.1	RLP	lrr
evm.model.jcf7180001457479_firstRound.1	RLP	lrr
evm.model.jcf7180001458324_firstRound.1	RLP	lrr
evm.model.jcf7180001460181_firstRound.1	RLP	lrr
evm.model.jcf7180001471469_firstRound.1	RLP	lrr
evm.model.jcf7180001472010_firstRound.1	RLP	lrr
evm.model.jcf7180001472079_firstRound.1	RLP	lrr
evm.model.jcf7180001494764_firstRound.1	RLP	lrr
evm.model.jcf7180001505889_firstRound.1	RLP	lrr
evm.model.jcf7180001506543_firstRound.1	RLP	lrr
evm.model.jcf7180001507169_firstRound.1	RLP	lrr
evm.model.jcf7180001509611_firstRound.1	RLP	lrr
evm.model.jcf7180001510293_firstRound.1	RLP	lrr
evm.model.jcf7180001511551_firstRound.1	RLP	lrr
evm.model.jcf7180001512003_firstRound.3	RLP	lrr
evm.model.jcf7180001512177_firstRound.1	RLP	lrr
evm.model.jcf7180003230500.1	RLP	lrr
evm.model.jcf7180003282190.1	RLP	lrr
