evm.model.A01.1213	TM-CC
evm.model.A01.1343	TM-CC
evm.model.A01.1411	TM-CC
evm.model.A01.1437	TM-CC
evm.model.A01.1975	TM-CC
evm.model.A01.219	TM-CC
evm.model.A01.2202	TM-CC
evm.model.A01.2279	TM-CC
evm.model.A01.2426	TM-CC
evm.model.A01.2586	TM-CC
evm.model.A01.2604	TM-CC
evm.model.A01.3319	TM-CC
evm.model.A01.3346	TM-CC
evm.model.A01.3591	TM-CC
evm.model.A01.363	TM-CC
evm.model.A01.3879	TM-CC
evm.model.A01.3885	TM-CC
evm.model.A01.4296	TM-CC
evm.model.A02.1014	TM-CC
evm.model.A02.1663	TM-CC
evm.model.A02.180	TM-CC
evm.model.A02.198	TM-CC
evm.model.A02.2561	TM-CC
evm.model.A02.3159	TM-CC
evm.model.A02.3169	TM-CC
evm.model.A02.3211	TM-CC
evm.model.A02.3408	TM-CC
evm.model.A02.3737	TM-CC
evm.model.A02.3778	TM-CC
evm.model.A02.3926	TM-CC
evm.model.A02.4118	TM-CC
evm.model.A02.4124	TM-CC
evm.model.A02.4524	TM-CC
evm.model.A02.468	TM-CC
evm.model.A02.600	TM-CC
evm.model.A03.1256	TM-CC
evm.model.A03.180	TM-CC
evm.model.A03.207	TM-CC
evm.model.A03.2342	TM-CC
evm.model.A03.2351	TM-CC
evm.model.A03.245	TM-CC
evm.model.A03.2521	TM-CC
evm.model.A03.2578	TM-CC
evm.model.A03.2586	TM-CC
evm.model.A03.2633	TM-CC
evm.model.A03.2808	TM-CC
evm.model.A03.2809	TM-CC
evm.model.A03.3020	TM-CC
evm.model.A03.318	TM-CC
evm.model.A03.3289	TM-CC
evm.model.A03.3373	TM-CC
evm.model.A03.3564	TM-CC
evm.model.A03.3613	TM-CC
evm.model.A03.3616	TM-CC
evm.model.A03.4168	TM-CC
evm.model.A03.4325	TM-CC
evm.model.A03.4476	TM-CC
evm.model.A03.4506	TM-CC
evm.model.A03.4507	TM-CC
evm.model.A03.4685	TM-CC
evm.model.A03.4731	TM-CC
evm.model.A03.4933	TM-CC
evm.model.A03.5205	TM-CC
evm.model.A03.5296	TM-CC
evm.model.A03.5744	TM-CC
evm.model.A03.5928	TM-CC
evm.model.A03.943	TM-CC
evm.model.A03.969	TM-CC
evm.model.A03.985	TM-CC
evm.model.A04.1237	TM-CC
evm.model.A04.1794	TM-CC
evm.model.A04.1916	TM-CC
evm.model.A04.2379	TM-CC
evm.model.A04.2826	TM-CC
evm.model.A04.3118	TM-CC
evm.model.A04.3206	TM-CC
evm.model.A04.460	TM-CC
evm.model.A04.525	TM-CC
evm.model.A04.530	TM-CC
evm.model.A04.554	TM-CC
evm.model.A04.831	TM-CC
evm.model.A05.1117	TM-CC
evm.model.A05.1681	TM-CC
evm.model.A05.1718	TM-CC
evm.model.A05.1746	TM-CC
evm.model.A05.1748	TM-CC
evm.model.A05.181	TM-CC
evm.model.A05.1856	TM-CC
evm.model.A05.2040	TM-CC
evm.model.A05.2274	TM-CC
evm.model.A05.2303	TM-CC
evm.model.A05.2590	TM-CC
evm.model.A05.3038	TM-CC
evm.model.A05.3056	TM-CC
evm.model.A05.3259	TM-CC
evm.model.A05.3361	TM-CC
evm.model.A05.3487	TM-CC
evm.model.A05.3533	TM-CC
evm.model.A05.3585	TM-CC
evm.model.A05.3714	TM-CC
evm.model.A05.3759	TM-CC
evm.model.A05.3987	TM-CC
evm.model.A05.4137	TM-CC
evm.model.A05.4233	TM-CC
evm.model.A05.4251	TM-CC
evm.model.A05.4426	TM-CC
evm.model.A05.4689	TM-CC
evm.model.A05.4723	TM-CC
evm.model.A05.4807	TM-CC
evm.model.A06.1545	TM-CC
evm.model.A06.1663	TM-CC
evm.model.A06.1677	TM-CC
evm.model.A06.1980	TM-CC
evm.model.A06.2298	TM-CC
evm.model.A06.2408	TM-CC
evm.model.A06.2523	TM-CC
evm.model.A06.3027	TM-CC
evm.model.A06.3226	TM-CC
evm.model.A06.3487	TM-CC
evm.model.A06.3738	TM-CC
evm.model.A06.3739	TM-CC
evm.model.A06.4179	TM-CC
evm.model.A06.4398	TM-CC
evm.model.A06.4412	TM-CC
evm.model.A06.4832	TM-CC
evm.model.A06.4985	TM-CC
evm.model.A06.5038	TM-CC
evm.model.A06.5108	TM-CC
evm.model.A06.5252	TM-CC
evm.model.A06.5258	TM-CC
evm.model.A06.5539	TM-CC
evm.model.A07.1505	TM-CC
evm.model.A07.1717	TM-CC
evm.model.A07.1833	TM-CC
evm.model.A07.1905	TM-CC
evm.model.A07.203	TM-CC
evm.model.A07.2195	TM-CC
evm.model.A07.2418	TM-CC
evm.model.A07.243	TM-CC
evm.model.A07.2508	TM-CC
evm.model.A07.253	TM-CC
evm.model.A07.2535	TM-CC
evm.model.A07.2547	TM-CC
evm.model.A07.2549	TM-CC
evm.model.A07.2564	TM-CC
evm.model.A07.3033	TM-CC
evm.model.A07.3311	TM-CC
evm.model.A07.3921	TM-CC
evm.model.A07.4120	TM-CC
evm.model.A07.4361	TM-CC
evm.model.A07.486	TM-CC
evm.model.A07.491	TM-CC
evm.model.A07.531	TM-CC
evm.model.A07.607	TM-CC
evm.model.A07.66	TM-CC
evm.model.A07.792	TM-CC
evm.model.A07.872	TM-CC
evm.model.A08.1010	TM-CC
evm.model.A08.1011	TM-CC
evm.model.A08.1135	TM-CC
evm.model.A08.1518	TM-CC
evm.model.A08.1569	TM-CC
evm.model.A08.160	TM-CC
evm.model.A08.250	TM-CC
evm.model.A08.2626	TM-CC
evm.model.A08.3406	TM-CC
evm.model.A08.3408	TM-CC
evm.model.A08.3529	TM-CC
evm.model.A08.3748	TM-CC
evm.model.A08.3866	TM-CC
evm.model.A08.909	TM-CC
evm.model.A08.934	TM-CC
evm.model.A09.1062	TM-CC
evm.model.A09.1113	TM-CC
evm.model.A09.124	TM-CC
evm.model.A09.1586	TM-CC
evm.model.A09.1855	TM-CC
evm.model.A09.1871	TM-CC
evm.model.A09.2124	TM-CC
evm.model.A09.2269	TM-CC
evm.model.A09.2323	TM-CC
evm.model.A09.3089	TM-CC
evm.model.A09.3274	TM-CC
evm.model.A09.3346	TM-CC
evm.model.A09.3347	TM-CC
evm.model.A09.3377	TM-CC
evm.model.A09.3582	TM-CC
evm.model.A09.3837	TM-CC
evm.model.A09.406	TM-CC
evm.model.A09.4089	TM-CC
evm.model.A09.4333	TM-CC
evm.model.A09.4682	TM-CC
evm.model.A09.4882	TM-CC
evm.model.A09.4950	TM-CC
evm.model.A09.5114	TM-CC
evm.model.A09.517	TM-CC
evm.model.A09.529	TM-CC
evm.model.A09.6066	TM-CC
evm.model.A09.6078	TM-CC
evm.model.A09.6200	TM-CC
evm.model.A09.6283	TM-CC
evm.model.A09.6436	TM-CC
evm.model.A09.6735	TM-CC
evm.model.A09.6877	TM-CC
evm.model.A09.7061	TM-CC
evm.model.A09.7220	TM-CC
evm.model.A09.7285	TM-CC
evm.model.A09.7290	TM-CC
evm.model.A09.7502	TM-CC
evm.model.A09.962	TM-CC
evm.model.A10.1128	TM-CC
evm.model.A10.1224	TM-CC
evm.model.A10.1262	TM-CC
evm.model.A10.1406	TM-CC
evm.model.A10.1804	TM-CC
evm.model.A10.2212	TM-CC
evm.model.A10.2259	TM-CC
evm.model.A10.2629	TM-CC
evm.model.A10.2630	TM-CC
evm.model.A10.2886	TM-CC
evm.model.A10.2990	TM-CC
evm.model.A10.395	TM-CC
evm.model.A10.396	TM-CC
evm.model.A10.688	TM-CC
evm.model.A10.706	TM-CC
evm.model.A10.707	TM-CC
evm.model.A10.989	TM-CC
evm.model.Scaffold000089.12	TM-CC
evm.model.Scaffold000089.20	TM-CC
evm.model.Scaffold000095.45	TM-CC
evm.model.Scaffold000100.18	TM-CC
evm.model.Scaffold000102.64	TM-CC
evm.model.Scaffold000163.16	TM-CC
evm.model.Scaffold000632.2	TM-CC
evm.model.Scaffold000879.1	TM-CC
evm.model.jcf7180001705979_firstRound.1	TM-CC
evm.model.jcf7180001721038_firstRound.1	TM-CC
evm.model.jcf7180001742040_firstRound.1	TM-CC
evm.model.jcf7180001742199_firstRound.1	TM-CC
evm.model.jcf7180003219531.1	TM-CC
evm.model.jcf7180003280594.1	TM-CC
evm.model.jcf7180003283277.1	TM-CC
evm.model.jcf7180003342043.1	TM-CC
evm.model.jcf7180003416389.1	TM-CC
evm.model.jcf7180003424771.1	TM-CC
evm.model.jcf7180003453605.1	TM-CC
