evm.model.A01.1027	RLK	lrr
evm.model.A01.1033	RLK	other_receptor
evm.model.A01.1141	RLK	lrr
evm.model.A01.1167	RLK	lrr
evm.model.A01.1180	RLK	lrr
evm.model.A01.1249	RLK	lrr
evm.model.A01.1528	RLK	lrr
evm.model.A01.1672	RLK	lrr
evm.model.A01.1688	RLK	other_receptor
evm.model.A01.1747	RLK	other_receptor
evm.model.A01.180	RLK	lrr
evm.model.A01.2364	RLK	lrr
evm.model.A01.264	RLK	lrr
evm.model.A01.2669	RLK	lrr
evm.model.A01.2716	RLK	other_receptor
evm.model.A01.2909	RLK	lrr
evm.model.A01.2941	RLK	lrr
evm.model.A01.2988	RLK	other_receptor
evm.model.A01.34	RLK	other_receptor
evm.model.A01.3556	RLK	lrr
evm.model.A01.3564	RLK	other_receptor
evm.model.A01.3668	RLK	lrr
evm.model.A01.3809	RLK	other_receptor
evm.model.A01.3883	RLK	lrr
evm.model.A01.395	RLK	other_receptor
evm.model.A01.4062	RLK	lrr
evm.model.A01.4141	RLK	lrr
evm.model.A01.4184	RLK	other_receptor
evm.model.A01.420	RLK	lrr
evm.model.A01.4243	RLK	lrr
evm.model.A01.4515	RLK	other_receptor
evm.model.A01.4524	RLK	lrr
evm.model.A01.4788	RLK	other_receptor
evm.model.A01.4802	RLK	lrr
evm.model.A01.4852	RLK	lrr
evm.model.A01.581	RLK	other_receptor
evm.model.A01.583	RLK	other_receptor
evm.model.A01.592	RLK	other_receptor
evm.model.A01.613	RLK	other_receptor
evm.model.A01.681	RLK	lrr
evm.model.A01.691	RLK	other_receptor
evm.model.A01.695	RLK	other_receptor
evm.model.A01.705	RLK	other_receptor
evm.model.A01.730	RLK	other_receptor
evm.model.A01.851	RLK	other_receptor
evm.model.A01.894	RLK	lrr
evm.model.A02.1023	RLK	lrr
evm.model.A02.1032	RLK	other_receptor
evm.model.A02.1073	RLK	other_receptor
evm.model.A02.1147	RLK	other_receptor
evm.model.A02.1155	RLK	other_receptor
evm.model.A02.1156	RLK	other_receptor
evm.model.A02.1312	RLK	lrr
evm.model.A02.1387	RLK	other_receptor
evm.model.A02.1716	RLK	lrr
evm.model.A02.1786	RLK	other_receptor
evm.model.A02.1842	RLK	other_receptor
evm.model.A02.19	RLK	other_receptor
evm.model.A02.1902	RLK	lrr
evm.model.A02.1978	RLK	lrr
evm.model.A02.205	RLK	other_receptor
evm.model.A02.2055	RLK	other_receptor
evm.model.A02.2180	RLK	lrr
evm.model.A02.2181	RLK	lrr
evm.model.A02.2194	RLK	lrr
evm.model.A02.24	RLK	other_receptor
evm.model.A02.2452	RLK	other_receptor
evm.model.A02.2453	RLK	other_receptor
evm.model.A02.2687	RLK	other_receptor
evm.model.A02.2705	RLK	other_receptor
evm.model.A02.2778	RLK	lrr
evm.model.A02.3074	RLK	other_receptor
evm.model.A02.328	RLK	lrr
evm.model.A02.3320	RLK	lrr
evm.model.A02.3335	RLK	lrr
evm.model.A02.3587	RLK	lrr
evm.model.A02.3664	RLK	other_receptor
evm.model.A02.3773	RLK	lrr
evm.model.A02.3816	RLK	other_receptor
evm.model.A02.3897	RLK	lrr
evm.model.A02.3985	RLK	other_receptor
evm.model.A02.4074	RLK	lrr
evm.model.A02.4200	RLK	other_receptor
evm.model.A02.432	RLK	other_receptor
evm.model.A02.4369	RLK	other_receptor
evm.model.A02.465	RLK	other_receptor
evm.model.A02.668	RLK	lrr
evm.model.A02.842	RLK	other_receptor
evm.model.A03.1050	RLK	other_receptor
evm.model.A03.1051	RLK	other_receptor
evm.model.A03.1052	RLK	other_receptor
evm.model.A03.1146	RLK	lrr
evm.model.A03.1154	RLK	lrr
evm.model.A03.1230	RLK	other_receptor
evm.model.A03.1334	RLK	other_receptor
evm.model.A03.1346	RLK	other_receptor
evm.model.A03.1409	RLK	lrr
evm.model.A03.1489	RLK	other_receptor
evm.model.A03.1575	RLK	other_receptor
evm.model.A03.1657	RLK	lrr
evm.model.A03.1864	RLK	other_receptor
evm.model.A03.1876	RLK	lrr
evm.model.A03.1946	RLK	other_receptor
evm.model.A03.2050	RLK	other_receptor
evm.model.A03.2051	RLK	other_receptor
evm.model.A03.2062	RLK	other_receptor
evm.model.A03.2283	RLK	other_receptor
evm.model.A03.2284	RLK	other_receptor
evm.model.A03.2411	RLK	other_receptor
evm.model.A03.2477	RLK	other_receptor
evm.model.A03.2555	RLK	lrr
evm.model.A03.2599	RLK	lrr
evm.model.A03.2601	RLK	lrr
evm.model.A03.2664	RLK	lrr
evm.model.A03.2690	RLK	other_receptor
evm.model.A03.2839	RLK	lrr
evm.model.A03.2893	RLK	other_receptor
evm.model.A03.2919	RLK	other_receptor
evm.model.A03.3079	RLK	other_receptor
evm.model.A03.3150	RLK	lrr
evm.model.A03.32	RLK	other_receptor
evm.model.A03.3859	RLK	other_receptor
evm.model.A03.3936	RLK	lrr
evm.model.A03.3945	RLK	other_receptor
evm.model.A03.410	RLK	lrr
evm.model.A03.4139	RLK	lrr
evm.model.A03.4302	RLK	lrr
evm.model.A03.433	RLK	other_receptor
evm.model.A03.4394	RLK	other_receptor
evm.model.A03.4456	RLK	lrr
evm.model.A03.4485	RLK	lrr
evm.model.A03.4576	RLK	other_receptor
evm.model.A03.4964	RLK	lrr
evm.model.A03.4971	RLK	lrr
evm.model.A03.5029	RLK	other_receptor
evm.model.A03.516	RLK	other_receptor
evm.model.A03.5163	RLK	other_receptor
evm.model.A03.5176	RLK	lrr
evm.model.A03.5284	RLK	other_receptor
evm.model.A03.562	RLK	other_receptor
evm.model.A03.563	RLK	other_receptor
evm.model.A03.5714	RLK	other_receptor
evm.model.A03.5722	RLK	other_receptor
evm.model.A03.5813	RLK	other_receptor
evm.model.A03.5918	RLK	lrr
evm.model.A03.5949	RLK	lrr
evm.model.A03.6063	RLK	other_receptor
evm.model.A03.607	RLK	lrr
evm.model.A03.699	RLK	lrr
evm.model.A03.8	RLK	lrr
evm.model.A03.828	RLK	other_receptor
evm.model.A03.916	RLK	other_receptor
evm.model.A04.1041	RLK	other_receptor
evm.model.A04.1065	RLK	other_receptor
evm.model.A04.1098	RLK	other_receptor
evm.model.A04.1099	RLK	other_receptor
evm.model.A04.1359	RLK	other_receptor
evm.model.A04.1433	RLK	other_receptor
evm.model.A04.1560	RLK	other_receptor
evm.model.A04.1726	RLK	lrr
evm.model.A04.1733	RLK	other_receptor
evm.model.A04.1739	RLK	other_receptor
evm.model.A04.1754	RLK	lysm
evm.model.A04.1772	RLK	other_receptor
evm.model.A04.1775	RLK	lrr
evm.model.A04.1793	RLK	lrr
evm.model.A04.1878	RLK	other_receptor
evm.model.A04.1880	RLK	other_receptor
evm.model.A04.1889	RLK	other_receptor
evm.model.A04.194	RLK	other_receptor
evm.model.A04.1965	RLK	lrr
evm.model.A04.2208	RLK	other_receptor
evm.model.A04.2245	RLK	lysm
evm.model.A04.2283	RLK	lrr
evm.model.A04.2360	RLK	lrr
evm.model.A04.2361	RLK	lrr
evm.model.A04.2488	RLK	other_receptor
evm.model.A04.252	RLK	other_receptor
evm.model.A04.277	RLK	other_receptor
evm.model.A04.279	RLK	lrr
evm.model.A04.2890	RLK	lrr
evm.model.A04.2914	RLK	other_receptor
evm.model.A04.2923	RLK	lrr
evm.model.A04.2969	RLK	other_receptor
evm.model.A04.3052	RLK	other_receptor
evm.model.A04.3146	RLK	other_receptor
evm.model.A04.3213	RLK	lrr
evm.model.A04.3254	RLK	other_receptor
evm.model.A04.480	RLK	other_receptor
evm.model.A04.68	RLK	other_receptor
evm.model.A05.1001	RLK	other_receptor
evm.model.A05.1338	RLK	lrr
evm.model.A05.1620	RLK	other_receptor
evm.model.A05.1894	RLK	lrr
evm.model.A05.1970	RLK	other_receptor
evm.model.A05.2104	RLK	other_receptor
evm.model.A05.2476	RLK	lrr
evm.model.A05.2558	RLK	lrr
evm.model.A05.2825	RLK	other_receptor
evm.model.A05.2939	RLK	lrr
evm.model.A05.2979	RLK	other_receptor
evm.model.A05.3237	RLK	lrr
evm.model.A05.3358	RLK	lrr
evm.model.A05.3617	RLK	other_receptor
evm.model.A05.3697	RLK	lrr
evm.model.A05.4060	RLK	lrr
evm.model.A05.4116	RLK	lrr
evm.model.A05.4160	RLK	other_receptor
evm.model.A05.4309	RLK	other_receptor
evm.model.A05.4372	RLK	other_receptor
evm.model.A05.4374	RLK	other_receptor
evm.model.A05.4564	RLK	lrr
evm.model.A05.4698	RLK	other_receptor
evm.model.A05.4732	RLK	lrr
evm.model.A05.4877	RLK	lrr
evm.model.A05.575	RLK	other_receptor
evm.model.A05.576	RLK	other_receptor
evm.model.A05.796	RLK	other_receptor
evm.model.A05.872	RLK	other_receptor
evm.model.A05.888	RLK	other_receptor
evm.model.A05.900	RLK	other_receptor
evm.model.A05.938	RLK	other_receptor
evm.model.A05.944	RLK	other_receptor
evm.model.A06.1073	RLK	other_receptor
evm.model.A06.1157	RLK	lrr
evm.model.A06.1648	RLK	other_receptor
evm.model.A06.1754	RLK	other_receptor
evm.model.A06.1793	RLK	other_receptor
evm.model.A06.1794	RLK	other_receptor
evm.model.A06.1982	RLK	other_receptor
evm.model.A06.2083	RLK	other_receptor
evm.model.A06.2106	RLK	other_receptor
evm.model.A06.2159	RLK	other_receptor
evm.model.A06.2189	RLK	lrr
evm.model.A06.2442	RLK	lrr
evm.model.A06.2562	RLK	lrr
evm.model.A06.2811	RLK	other_receptor
evm.model.A06.2834	RLK	other_receptor
evm.model.A06.3115	RLK	lrr
evm.model.A06.3184	RLK	other_receptor
evm.model.A06.3203	RLK	lrr
evm.model.A06.3224	RLK	lrr
evm.model.A06.3413	RLK	lrr
evm.model.A06.3528	RLK	other_receptor
evm.model.A06.3664	RLK	other_receptor
evm.model.A06.3742	RLK	other_receptor
evm.model.A06.3817	RLK	other_receptor
evm.model.A06.3848	RLK	other_receptor
evm.model.A06.3875	RLK	other_receptor
evm.model.A06.3940	RLK	other_receptor
evm.model.A06.4062	RLK	lrr
evm.model.A06.4079	RLK	other_receptor
evm.model.A06.425	RLK	lrr
evm.model.A06.4269	RLK	lrr
evm.model.A06.4679	RLK	other_receptor
evm.model.A06.4838	RLK	lrr
evm.model.A06.4853	RLK	lrr
evm.model.A06.4925	RLK	other_receptor
evm.model.A06.5088	RLK	lrr
evm.model.A06.5155	RLK	lrr
evm.model.A06.5156	RLK	other_receptor
evm.model.A06.5157	RLK	other_receptor
evm.model.A06.5161	RLK	lrr
evm.model.A06.5164	RLK	lrr
evm.model.A06.5172	RLK	other_receptor
evm.model.A06.5323	RLK	lrr
evm.model.A06.5377	RLK	lrr
evm.model.A06.5437	RLK	lrr
evm.model.A06.5590	RLK	lrr
evm.model.A06.5638	RLK	lrr
evm.model.A06.5646	RLK	other_receptor
evm.model.A06.786	RLK	lrr
evm.model.A06.845	RLK	lrr
evm.model.A06.847	RLK	other_receptor
evm.model.A06.927	RLK	lrr
evm.model.A07.1206	RLK	other_receptor
evm.model.A07.1223	RLK	lrr
evm.model.A07.1603	RLK	other_receptor
evm.model.A07.1604	RLK	other_receptor
evm.model.A07.173	RLK	other_receptor
evm.model.A07.1757	RLK	lrr
evm.model.A07.1770	RLK	lrr
evm.model.A07.1814	RLK	other_receptor
evm.model.A07.1880	RLK	lrr
evm.model.A07.1896	RLK	lrr
evm.model.A07.1966	RLK	other_receptor
evm.model.A07.2075	RLK	other_receptor
evm.model.A07.2152	RLK	lrr
evm.model.A07.230	RLK	other_receptor
evm.model.A07.2304	RLK	other_receptor
evm.model.A07.2319	RLK	lrr
evm.model.A07.2472	RLK	other_receptor
evm.model.A07.2741	RLK	other_receptor
evm.model.A07.3030	RLK	lrr
evm.model.A07.3051	RLK	lrr
evm.model.A07.3147	RLK	other_receptor
evm.model.A07.3339	RLK	lrr
evm.model.A07.3383	RLK	other_receptor
evm.model.A07.3388	RLK	lrr
evm.model.A07.3393	RLK	other_receptor
evm.model.A07.3425	RLK	lrr
evm.model.A07.3648	RLK	other_receptor
evm.model.A07.3678	RLK	other_receptor
evm.model.A07.3679	RLK	other_receptor
evm.model.A07.371	RLK	other_receptor
evm.model.A07.3738	RLK	lrr
evm.model.A07.3968	RLK	lrr
evm.model.A07.3982	RLK	lrr
evm.model.A07.4069	RLK	lrr
evm.model.A07.4212	RLK	lrr
evm.model.A07.4234	RLK	lrr
evm.model.A07.4362	RLK	other_receptor
evm.model.A07.4364	RLK	other_receptor
evm.model.A07.4373	RLK	lrr
evm.model.A07.499	RLK	lrr
evm.model.A07.606	RLK	other_receptor
evm.model.A07.608	RLK	other_receptor
evm.model.A07.609	RLK	other_receptor
evm.model.A07.667	RLK	lrr
evm.model.A07.868	RLK	other_receptor
evm.model.A07.939	RLK	lrr
evm.model.A07.968	RLK	lrr
evm.model.A08.1273	RLK	other_receptor
evm.model.A08.1274	RLK	other_receptor
evm.model.A08.1502	RLK	other_receptor
evm.model.A08.1626	RLK	lrr
evm.model.A08.1690	RLK	other_receptor
evm.model.A08.1693	RLK	other_receptor
evm.model.A08.1770	RLK	other_receptor
evm.model.A08.1771	RLK	other_receptor
evm.model.A08.1772	RLK	other_receptor
evm.model.A08.186	RLK	lrr
evm.model.A08.1864	RLK	other_receptor
evm.model.A08.1982	RLK	other_receptor
evm.model.A08.2348	RLK	other_receptor
evm.model.A08.2459	RLK	lrr
evm.model.A08.2504	RLK	other_receptor
evm.model.A08.2505	RLK	other_receptor
evm.model.A08.2506	RLK	other_receptor
evm.model.A08.2508	RLK	other_receptor
evm.model.A08.2805	RLK	other_receptor
evm.model.A08.2853	RLK	other_receptor
evm.model.A08.3106	RLK	other_receptor
evm.model.A08.3131	RLK	other_receptor
evm.model.A08.3186	RLK	other_receptor
evm.model.A08.3187	RLK	other_receptor
evm.model.A08.3190	RLK	other_receptor
evm.model.A08.3372	RLK	other_receptor
evm.model.A08.3597	RLK	other_receptor
evm.model.A08.3598	RLK	other_receptor
evm.model.A08.3736	RLK	lrr
evm.model.A08.3797	RLK	lrr
evm.model.A08.53	RLK	lrr
evm.model.A08.59	RLK	other_receptor
evm.model.A08.627	RLK	lrr
evm.model.A08.825	RLK	lysm
evm.model.A08.851	RLK	other_receptor
evm.model.A08.853	RLK	other_receptor
evm.model.A09.1004	RLK	other_receptor
evm.model.A09.1006	RLK	other_receptor
evm.model.A09.1007	RLK	other_receptor
evm.model.A09.1047	RLK	other_receptor
evm.model.A09.1269	RLK	other_receptor
evm.model.A09.1300	RLK	other_receptor
evm.model.A09.1415	RLK	lrr
evm.model.A09.1471	RLK	other_receptor
evm.model.A09.1492	RLK	other_receptor
evm.model.A09.1597	RLK	lrr
evm.model.A09.1672	RLK	other_receptor
evm.model.A09.1711	RLK	lrr
evm.model.A09.1905	RLK	lrr
evm.model.A09.1925	RLK	other_receptor
evm.model.A09.1952	RLK	other_receptor
evm.model.A09.1967	RLK	other_receptor
evm.model.A09.2075	RLK	lrr
evm.model.A09.2105	RLK	other_receptor
evm.model.A09.2106	RLK	other_receptor
evm.model.A09.2120	RLK	other_receptor
evm.model.A09.2140	RLK	lrr
evm.model.A09.2141	RLK	lrr
evm.model.A09.2209	RLK	other_receptor
evm.model.A09.2226	RLK	other_receptor
evm.model.A09.2230	RLK	other_receptor
evm.model.A09.2263	RLK	other_receptor
evm.model.A09.2561	RLK	lrr
evm.model.A09.2587	RLK	other_receptor
evm.model.A09.2791	RLK	lrr
evm.model.A09.2812	RLK	lrr
evm.model.A09.2821	RLK	other_receptor
evm.model.A09.2830	RLK	other_receptor
evm.model.A09.3021	RLK	other_receptor
evm.model.A09.3024	RLK	other_receptor
evm.model.A09.3039	RLK	lrr
evm.model.A09.3204	RLK	other_receptor
evm.model.A09.3234	RLK	other_receptor
evm.model.A09.33	RLK	other_receptor
evm.model.A09.3329	RLK	other_receptor
evm.model.A09.3440	RLK	lrr
evm.model.A09.3448	RLK	other_receptor
evm.model.A09.3491	RLK	other_receptor
evm.model.A09.3574	RLK	lrr
evm.model.A09.3637	RLK	other_receptor
evm.model.A09.3983	RLK	other_receptor
evm.model.A09.4023	RLK	other_receptor
evm.model.A09.4692	RLK	other_receptor
evm.model.A09.4727	RLK	other_receptor
evm.model.A09.4886	RLK	other_receptor
evm.model.A09.4893	RLK	other_receptor
evm.model.A09.500	RLK	other_receptor
evm.model.A09.5053	RLK	other_receptor
evm.model.A09.508	RLK	other_receptor
evm.model.A09.523	RLK	lrr
evm.model.A09.6211	RLK	other_receptor
evm.model.A09.6223	RLK	other_receptor
evm.model.A09.6240	RLK	lrr
evm.model.A09.6464	RLK	other_receptor
evm.model.A09.6792	RLK	lrr
evm.model.A09.7097	RLK	lrr
evm.model.A09.7257	RLK	other_receptor
evm.model.A09.74	RLK	other_receptor
evm.model.A09.7417	RLK	lrr
evm.model.A09.7591	RLK	lrr
evm.model.A09.796	RLK	other_receptor
evm.model.A09.831	RLK	other_receptor
evm.model.A09.832	RLK	other_receptor
evm.model.A09.833	RLK	other_receptor
evm.model.A10.128	RLK	other_receptor
evm.model.A10.1340	RLK	other_receptor
evm.model.A10.1399	RLK	lrr
evm.model.A10.1432	RLK	other_receptor
evm.model.A10.1453	RLK	other_receptor
evm.model.A10.1502	RLK	other_receptor
evm.model.A10.1573	RLK	other_receptor
evm.model.A10.1594	RLK	lrr
evm.model.A10.1671	RLK	other_receptor
evm.model.A10.1819	RLK	other_receptor
evm.model.A10.1835	RLK	other_receptor
evm.model.A10.1879	RLK	other_receptor
evm.model.A10.1932	RLK	other_receptor
evm.model.A10.1937	RLK	other_receptor
evm.model.A10.1939	RLK	other_receptor
evm.model.A10.1990	RLK	other_receptor
evm.model.A10.1991	RLK	other_receptor
evm.model.A10.1992	RLK	other_receptor
evm.model.A10.1993	RLK	other_receptor
evm.model.A10.1995	RLK	other_receptor
evm.model.A10.1998	RLK	other_receptor
evm.model.A10.2004	RLK	other_receptor
evm.model.A10.2133	RLK	other_receptor
evm.model.A10.2179	RLK	lrr
evm.model.A10.2397	RLK	lrr
evm.model.A10.2710	RLK	other_receptor
evm.model.A10.280	RLK	lrr
evm.model.A10.3004	RLK	other_receptor
evm.model.A10.326	RLK	lrr
evm.model.A10.348	RLK	other_receptor
evm.model.A10.444	RLK	lrr
evm.model.A10.50	RLK	other_receptor
evm.model.A10.515	RLK	other_receptor
evm.model.A10.56	RLK	other_receptor
evm.model.A10.581	RLK	other_receptor
evm.model.A10.677	RLK	other_receptor
evm.model.A10.753	RLK	lrr
evm.model.A10.785	RLK	lrr
evm.model.A10.913	RLK	other_receptor
evm.model.A10.922	RLK	lrr
evm.model.A10.930	RLK	lrr
evm.model.A10.939	RLK	other_receptor
evm.model.A10.968	RLK	lrr
evm.model.A10.980	RLK	lrr
evm.model.Scaffold000089.58	RLK	lrr
evm.model.Scaffold000089.66	RLK	lrr
evm.model.Scaffold000638.2	RLK	lrr
evm.model.Scaffold001007.1	RLK	lrr
evm.model.Scaffold001278.1	RLK	lrr
evm.model.Scaffold002361.1	RLK	other_receptor
evm.model.jcf7180001687948_firstRound.1	RLK	lrr
evm.model.jcf7180001689755_firstRound.1	RLK	other_receptor
evm.model.jcf7180001691482_firstRound.1	RLK	other_receptor
evm.model.jcf7180001695460_firstRound.1	RLK	other_receptor
evm.model.jcf7180001699780_firstRound.1	RLK	other_receptor
evm.model.jcf7180001706211_firstRound.1	RLK	other_receptor
evm.model.jcf7180001706576_firstRound.1	RLK	other_receptor
evm.model.jcf7180001706794_firstRound.1	RLK	other_receptor
evm.model.jcf7180001706998_firstRound.1	RLK	other_receptor
evm.model.jcf7180001707058_firstRound.1	RLK	other_receptor
evm.model.jcf7180001707166_firstRound.1	RLK	lrr
evm.model.jcf7180001713808_firstRound.1	RLK	lrr
evm.model.jcf7180001720286_firstRound.1	RLK	other_receptor
evm.model.jcf7180001727589_firstRound.1	RLK	other_receptor
evm.model.jcf7180001729349_firstRound.1	RLK	other_receptor
evm.model.jcf7180001736852_firstRound.1	RLK	other_receptor
evm.model.jcf7180001737467_firstRound.1	RLK	other_receptor
evm.model.jcf7180001737817_firstRound.1	RLK	other_receptor
evm.model.jcf7180001738152_firstRound.1	RLK	other_receptor
evm.model.jcf7180001738997_firstRound.1	RLK	other_receptor
evm.model.jcf7180001740144_firstRound.1	RLK	other_receptor
evm.model.jcf7180001740362_firstRound.1	RLK	other_receptor
evm.model.jcf7180001740585_firstRound.2	RLK	other_receptor
evm.model.jcf7180001740750_firstRound.1	RLK	other_receptor
evm.model.jcf7180001742723_firstRound.2	RLK	other_receptor
evm.model.jcf7180001743235_firstRound.1	RLK	other_receptor
evm.model.jcf7180001743395_firstRound.3	RLK	other_receptor
evm.model.jcf7180001744042_firstRound.1	RLK	other_receptor
evm.model.jcf7180001744236_firstRound.1	RLK	other_receptor
evm.model.jcf7180001744238_firstRound.1	RLK	other_receptor
evm.model.jcf7180001744448_firstRound.3	RLK	other_receptor
evm.model.jcf7180001744753_firstRound.1	RLK	other_receptor
evm.model.jcf7180003219039.1	RLK	other_receptor
evm.model.jcf7180003220429.1	RLK	other_receptor
evm.model.jcf7180003220503.1	RLK	other_receptor
evm.model.jcf7180003223011.1	RLK	other_receptor
evm.model.jcf7180003226749.1	RLK	other_receptor
evm.model.jcf7180003233764.1	RLK	other_receptor
evm.model.jcf7180003251449.1	RLK	other_receptor
evm.model.jcf7180003253337.1	RLK	other_receptor
evm.model.jcf7180003344293.1	RLK	other_receptor
evm.model.jcf7180003404641.1	RLK	other_receptor
evm.model.jcf7180003407347.1	RLK	other_receptor
evm.model.jcf7180003424202.1	RLK	other_receptor
evm.model.jcf7180003426713.1	RLK	other_receptor
evm.model.jcf7180003426870.1	RLK	other_receptor
evm.model.jcf7180003443135.1	RLK	other_receptor
evm.model.jcf7180003446319.1	RLK	other_receptor
evm.model.jcf7180003454482.1	RLK	other_receptor
